******************************************************************************
            TI ARM Clang Linker PC v4.0.4                      
******************************************************************************
>> Linked Tue Jul 21 13:38:30 2026

OUTPUT FILE NAME:   <2025xiaochexunji.out>
ENTRY POINT SYMBOL: "_c_int00_noargs"  address: 000022a9


MEMORY CONFIGURATION

         name            origin    length      used     unused   attr    fill
----------------------  --------  ---------  --------  --------  ----  --------
  FLASH                 00000000   00020000  00002470  0001db90  R  X
  SRAM                  20200000   00008000  0000058e  00007a72  RW X
  BCR_CONFIG            41c00000   000000ff  00000000  000000ff  R   
  BSL_CONFIG            41c00100   00000080  00000000  00000080  R   


SEGMENT ALLOCATION MAP

run origin  load origin   length   init length attrs members
----------  ----------- ---------- ----------- ----- -------
00000000    00000000    00002470   00002470    r-x
  00000000    00000000    000000c0   000000c0    r-- .intvecs
  000000c0    000000c0    00002330   00002330    r-x .text
  000023f0    000023f0    00000048   00000048    r-- .rodata
  00002438    00002438    00000038   00000038    r-- .cinit
20200000    20200000    0000038e   00000000    rw-
  20200000    20200000    0000033c   00000000    rw- .bss
  2020033c    2020033c    00000052   00000000    rw- .data
20207e00    20207e00    00000200   00000000    rw-
  20207e00    20207e00    00000200   00000000    rw- .stack


SECTION ALLOCATION MAP

 output                                  attributes/
section   page    origin      length       input sections
--------  ----  ----------  ----------   ----------------
.intvecs   0    00000000    000000c0     
                  00000000    000000c0     startup_mspm0g350x_ticlang.o (.intvecs)

.text      0    000000c0    00002330     
                  000000c0    000008a8     empty.o (.text.TIMG0_IRQHandler)
                  00000968    00000560     hlk_as201.o (.text.AS201_Poll)
                  00000ec8    000001c0     empty.o (.text.main)
                  00001088    000001ae     hlk_as201.o (.text.AS201_EnsureReportConfig)
                  00001236    0000014c     hlk_as201.o (.text.AS201_SendCommand)
                  00001382    00000002     startup_mspm0g350x_ticlang.o (.text.Default_Handler)
                  00001384    00000114     empty.o (.text.bt_putf1)
                  00001498    00000104     driverlib.a : dl_timer.o (.text.DL_Timer_initFourCCPWMMode)
                  0000159c    000000fc                 : dl_timer.o (.text.DL_Timer_initTimerMode)
                  00001698    000000f4     ti_msp_dl_config.o (.text.SYSCFG_DL_GPIO_init)
                  0000178c    000000d8     libclang_rt.builtins.a : addsf3.S.obj (.text)
                  00001864    0000009a     libc.a : memcpy16.S.obj (.text:memcpy)
                  000018fe    00000002     libclang_rt.builtins.a : aeabi_div0.c.obj (.text.__aeabi_idiv0)
                  00001900    00000090     ti_msp_dl_config.o (.text.SYSCFG_DL_PWM_LEFT_init)
                  00001990    00000090     ti_msp_dl_config.o (.text.SYSCFG_DL_PWM_RIGHT_init)
                  00001a20    0000008c     libclang_rt.builtins.a : mulsf3.S.obj (.text.__mulsf3)
                  00001aac    00000084     empty.o (.text.motor)
                  00001b30    00000082     libclang_rt.builtins.a : divsf3.S.obj (.text.__divsf3)
                  00001bb2    00000002     --HOLE-- [fill = 0]
                  00001bb4    0000007c     libc.a : copy_decompress_lzss.c.obj (.text:decompress:lzss)
                  00001c30    00000070     ti_msp_dl_config.o (.text.SYSCFG_DL_UART_GYRO_init)
                  00001ca0    00000062     libclang_rt.builtins.a : aeabi_fcmp.S.obj (.text.__aeabi_fcmp)
                  00001d02    00000062     libc.a : memset16.S.obj (.text:memset)
                  00001d64    00000060     ti_msp_dl_config.o (.text.SYSCFG_DL_UART_BT_init)
                  00001dc4    00000060     ti_msp_dl_config.o (.text.SYSCFG_DL_initPower)
                  00001e24    0000005c     hlk_as201.o (.text.AS201_ISR)
                  00001e80    0000005c     hlk_as201.o (.text.AS201_Init)
                  00001edc    0000005c     empty.o (.text.line_is_visible)
                  00001f38    00000056     libclang_rt.builtins.a : aeabi_idivmod.S.obj (.text.__aeabi_idivmod)
                  00001f8e    00000002     --HOLE-- [fill = 0]
                  00001f90    0000004c     empty.o (.text.yaw_delta_deg)
                  00001fdc    00000048     driverlib.a : dl_uart.o (.text.DL_UART_init)
                  00002024    00000040     ti_msp_dl_config.o (.text.SYSCFG_DL_SYSCTL_init)
                  00002064    00000040     libclang_rt.builtins.a : aeabi_uidivmod.S.obj (.text.__aeabi_uidivmod)
                  000020a4    0000003c                            : floatsisf.S.obj (.text.__floatsisf)
                  000020e0    0000003c                            : comparesf2.S.obj (.text.__gtsf2)
                  0000211c    0000003c     libc.a : autoinit.c.obj (.text:__TI_auto_init_nobinit_nopinit)
                  00002158    0000003a     libclang_rt.builtins.a : comparesf2.S.obj (.text.__eqsf2)
                  00002192    00000002     --HOLE-- [fill = 0]
                  00002194    0000003a                            : muldsi3.S.obj (.text.__muldsi3)
                  000021ce    00000002     --HOLE-- [fill = 0]
                  000021d0    00000038     ti_msp_dl_config.o (.text.SYSCFG_DL_TIMER_0_init)
                  00002208    00000038     ti_msp_dl_config.o (.text.SYSCFG_DL_init)
                  00002240    00000038     libclang_rt.builtins.a : fixsfsi.S.obj (.text.__fixsfsi)
                  00002278    00000030     driverlib.a : dl_uart.o (.text.DL_UART_transmitDataBlocking)
                  000022a8    00000028     libc.a : boot_cortex_m.c.obj (.text:_c_int00_noargs)
                  000022d0    0000001e     hlk_as201.o (.text.AS201_HasNewFrame)
                  000022ee    00000002     --HOLE-- [fill = 0]
                  000022f0    0000001c     driverlib.a : dl_timer.o (.text.DL_Timer_setCaptCompUpdateMethod)
                  0000230c    0000001c                 : dl_timer.o (.text.DL_Timer_setClockConfig)
                  00002328    00000018                 : dl_timer.o (.text.DL_Timer_setCaptureCompareOutCtl)
                  00002340    00000016     libc.a : copy_zero_init.c.obj (.text:decompress:ZI:__TI_zero_init_nomemset)
                  00002356    00000012     driverlib.a : dl_uart.o (.text.DL_UART_setClockConfig)
                  00002368    00000012     libc.a : copy_decompress_none.c.obj (.text:decompress:none)
                  0000237a    00000002     --HOLE-- [fill = 0]
                  0000237c    00000010     driverlib.a : dl_timer.o (.text.DL_Timer_setCaptureCompareValue)
                  0000238c    00000010     empty.o (.text.SysTick_Handler)
                  0000239c    00000010     empty.o (.text.UART0_IRQHandler)
                  000023ac    0000000c     hlk_as201.o (.text.AS201_GetData)
                  000023b8    0000000c     libclang_rt.builtins.a : aeabi_memset.S.obj (.text.__aeabi_memclr)
                  000023c4    0000000a     driverlib.a : dl_common.o (.text.DL_Common_delayCycles)
                  000023ce    00000002     --HOLE-- [fill = 0]
                  000023d0    00000008     libclang_rt.builtins.a : aeabi_memcpy.S.obj (.text.__aeabi_memcpy)
                  000023d8    00000006     libc.a : exit.c.obj (.text:abort)
                  000023de    00000004     libsysbm.a : hostexit.c.obj (.text.HOSTexit)
                  000023e2    00000004     startup_mspm0g350x_ticlang.o (.text.Reset_Handler)
                  000023e6    00000004     libc.a : pre_init.c.obj (.text._system_pre_init)
                  000023ea    00000006     --HOLE-- [fill = 0]

.cinit     0    00002438    00000038     
                  00002438    00000010     (.cinit..data.load) [load image, compression = lzss]
                  00002448    0000000c     (__TI_handler_table)
                  00002454    00000008     (.cinit..bss.load) [load image, compression = zero_init]
                  0000245c    00000010     (__TI_cinit_table)
                  0000246c    00000004     --HOLE-- [fill = 0]

.rodata    0    000023f0    00000048     
                  000023f0    00000014     ti_msp_dl_config.o (.rodata.gTIMER_0TimerConfig)
                  00002404    0000000a     ti_msp_dl_config.o (.rodata.gUART_BTConfig)
                  0000240e    0000000a     ti_msp_dl_config.o (.rodata.gUART_GYROConfig)
                  00002418    00000008     ti_msp_dl_config.o (.rodata.gPWM_LEFTConfig)
                  00002420    00000008     ti_msp_dl_config.o (.rodata.gPWM_RIGHTConfig)
                  00002428    00000003     ti_msp_dl_config.o (.rodata.gPWM_LEFTClockConfig)
                  0000242b    00000003     ti_msp_dl_config.o (.rodata.gPWM_RIGHTClockConfig)
                  0000242e    00000003     ti_msp_dl_config.o (.rodata.gTIMER_0ClockConfig)
                  00002431    00000002     ti_msp_dl_config.o (.rodata.gUART_BTClockConfig)
                  00002433    00000002     ti_msp_dl_config.o (.rodata.gUART_GYROClockConfig)
                  00002435    00000003     --HOLE-- [fill = 0]

.init_array 
*          0    00000000    00000000     UNINITIALIZED

.binit     0    00000000    00000000     

.bss       0    20200000    0000033c     UNINITIALIZED
                  20200000    000001bc     empty.o (.bss.g_gyro)
                  202001bc    000000bc     (.common:gPWM_LEFTBackup)
                  20200278    000000bc     (.common:gPWM_RIGHTBackup)
                  20200334    00000008     empty.o (.bss.sensor)

.data      0    2020033c    00000052     UNINITIALIZED
                  2020033c    00000004     empty.o (.data.corner_unlock)
                  20200340    00000004     empty.o (.data.dbg_gz)
                  20200344    00000004     empty.o (.data.dbg_turns)
                  20200348    00000004     empty.o (.data.dbg_yaw)
                  2020034c    00000004     empty.o (.data.g_millis)
                  20200350    00000004     empty.o (.data.gyro_gz)
                  20200354    00000004     empty.o (.data.gyro_last_cnt)
                  20200358    00000004     empty.o (.data.gyro_last_ms)
                  2020035c    00000004     empty.o (.data.gyro_yaw)
                  20200360    00000004     empty.o (.data.pivot_dir)
                  20200364    00000004     empty.o (.data.pivot_t_end)
                  20200368    00000004     empty.o (.data.pivot_turn_start_ms)
                  2020036c    00000004     empty.o (.data.pivot_unlock)
                  20200370    00000004     empty.o (.data.turn_accum_deg)
                  20200374    00000004     empty.o (.data.turn_last_frame)
                  20200378    00000004     empty.o (.data.turn_last_yaw)
                  2020037c    00000002     empty.o (.data.corner_count)
                  2020037e    00000001     empty.o (.data.TIMG0_IRQHandler.dbg_div)
                  2020037f    00000001     empty.o (.data.car_stopped)
                  20200380    00000001     empty.o (.data.dbg_ok)
                  20200381    00000001     empty.o (.data.dbg_ready)
                  20200382    00000001     empty.o (.data.finishing)
                  20200383    00000001     empty.o (.data.gyro_filter_ready)
                  20200384    00000001     empty.o (.data.gyro_ok)
                  20200385    00000001     empty.o (.data.last_err)
                  20200386    00000001     empty.o (.data.pivot_state)
                  20200387    00000001     empty.o (.data.scan_ch)
                  20200388    00000001     empty.o (.data.sharp_err_ticks)
                  20200389    00000001     empty.o (.data.turn_center_hits)
                  2020038a    00000001     empty.o (.data.turn_line_departed)
                  2020038b    00000001     empty.o (.data.turn_stall_ticks)
                  2020038c    00000001     empty.o (.data.turn_yaw_ready)
                  2020038d    00000001     empty.o (.data.turn_yaw_sign)

.stack     0    20207e00    00000200     UNINITIALIZED
                  20207e00    00000004     libc.a : boot_cortex_m.c.obj (.stack)
                  20207e04    000001fc     --HOLE--

__llvm_prf_cnts 
*          0    20200000    00000000     UNINITIALIZED

__llvm_prf_bits 
*          0    20200000    00000000     UNINITIALIZED

MODULE SUMMARY

       Module                         code   ro data   rw data
       ------                         ----   -------   -------
    .\
       empty.o                        3272   0         534    
       hlk_as201.o                    2364   0         0      
       ti_msp_dl_config.o             1012   69        376    
       startup_mspm0g350x_ticlang.o   6      192       0      
    +--+------------------------------+------+---------+---------+
       Total:                         6654   261       910    
                                                              
    C:/ti/mspm0_sdk_2_10_00_04/source/ti/driverlib/lib/ticlang/m0p/mspm0g1x0x_g3x0x/driverlib.a
       dl_timer.o                     608    0         0      
       dl_uart.o                      138    0         0      
       dl_common.o                    10     0         0      
    +--+------------------------------+------+---------+---------+
       Total:                         756    0         0      
                                                              
    C:\ti\ccs2051\ccs\tools\compiler\ti-cgt-armllvm_4.0.4.LTS\lib\armv6m-ti-none-eabi/c/libc.a
       memcpy16.S.obj                 154    0         0      
       copy_decompress_lzss.c.obj     124    0         0      
       memset16.S.obj                 98     0         0      
       autoinit.c.obj                 60     0         0      
       boot_cortex_m.c.obj            40     0         0      
       copy_zero_init.c.obj           22     0         0      
       copy_decompress_none.c.obj     18     0         0      
       exit.c.obj                     6      0         0      
       pre_init.c.obj                 4      0         0      
    +--+------------------------------+------+---------+---------+
       Total:                         526    0         0      
                                                              
    C:\ti\ccs2051\ccs\tools\compiler\ti-cgt-armllvm_4.0.4.LTS\lib\armv6m-ti-none-eabi/c/libsysbm.a
       hostexit.c.obj                 4      0         0      
    +--+------------------------------+------+---------+---------+
       Total:                         4      0         0      
                                                              
    C:\ti\ccs2051\ccs\tools\compiler\ti-cgt-armllvm_4.0.4.LTS\lib\armv6m-ti-none-eabi/libclang_rt.builtins.a
       addsf3.S.obj                   216    0         0      
       mulsf3.S.obj                   140    0         0      
       divsf3.S.obj                   130    0         0      
       comparesf2.S.obj               118    0         0      
       aeabi_fcmp.S.obj               98     0         0      
       aeabi_idivmod.S.obj            86     0         0      
       aeabi_uidivmod.S.obj           64     0         0      
       floatsisf.S.obj                60     0         0      
       muldsi3.S.obj                  58     0         0      
       fixsfsi.S.obj                  56     0         0      
       aeabi_memset.S.obj             12     0         0      
       aeabi_memcpy.S.obj             8      0         0      
       aeabi_div0.c.obj               2      0         0      
    +--+------------------------------+------+---------+---------+
       Total:                         1048   0         0      
                                                              
       Stack:                         0      0         512    
       Linker Generated:              0      52        0      
    +--+------------------------------+------+---------+---------+
       Grand Total:                   8988   313       1422   


LINKER GENERATED COPY TABLES

__TI_cinit_table @ 0000245c records: 2, size/record: 8, table size: 16
	.data: load addr=00002438, load size=00000010 bytes, run addr=2020033c, run size=00000052 bytes, compression=lzss
	.bss: load addr=00002454, load size=00000008 bytes, run addr=20200000, run size=0000033c bytes, compression=zero_init


LINKER GENERATED HANDLER TABLE

__TI_handler_table @ 00002448 records: 3, size/record: 4, table size: 12
	index: 0, handler: __TI_decompress_lzss
	index: 1, handler: __TI_decompress_none
	index: 2, handler: __TI_zero_init


GLOBAL SYMBOLS: SORTED ALPHABETICALLY BY Name 

address   name                            
-------   ----                            
00001383  ADC0_IRQHandler                 
00001383  ADC1_IRQHandler                 
00001383  AES_IRQHandler                  
00001089  AS201_EnsureReportConfig        
000023ad  AS201_GetData                   
000022d1  AS201_HasNewFrame               
00001e25  AS201_ISR                       
00001e81  AS201_Init                      
00000969  AS201_Poll                      
00001237  AS201_SendCommand               
000023de  C$$EXIT                         
00001383  CANFD0_IRQHandler               
00001383  DAC0_IRQHandler                 
000023c5  DL_Common_delayCycles           
00001499  DL_Timer_initFourCCPWMMode      
0000159d  DL_Timer_initTimerMode          
000022f1  DL_Timer_setCaptCompUpdateMethod
00002329  DL_Timer_setCaptureCompareOutCtl
0000237d  DL_Timer_setCaptureCompareValue 
0000230d  DL_Timer_setClockConfig         
00001fdd  DL_UART_init                    
00002357  DL_UART_setClockConfig          
00002279  DL_UART_transmitDataBlocking    
00001383  DMA_IRQHandler                  
00001383  Default_Handler                 
00001383  GROUP0_IRQHandler               
00001383  GROUP1_IRQHandler               
000023df  HOSTexit                        
00001383  HardFault_Handler               
00001383  I2C0_IRQHandler                 
00001383  I2C1_IRQHandler                 
00001383  NMI_Handler                     
00001383  PendSV_Handler                  
00001383  RTC_IRQHandler                  
000023e3  Reset_Handler                   
00001383  SPI0_IRQHandler                 
00001383  SPI1_IRQHandler                 
00001383  SVC_Handler                     
00001699  SYSCFG_DL_GPIO_init             
00001901  SYSCFG_DL_PWM_LEFT_init         
00001991  SYSCFG_DL_PWM_RIGHT_init        
00002025  SYSCFG_DL_SYSCTL_init           
000021d1  SYSCFG_DL_TIMER_0_init          
00001d65  SYSCFG_DL_UART_BT_init          
00001c31  SYSCFG_DL_UART_GYRO_init        
00002209  SYSCFG_DL_init                  
00001dc5  SYSCFG_DL_initPower             
0000238d  SysTick_Handler                 
00001383  TIMA0_IRQHandler                
00001383  TIMA1_IRQHandler                
000000c1  TIMG0_IRQHandler                
00001383  TIMG12_IRQHandler               
00001383  TIMG6_IRQHandler                
00001383  TIMG7_IRQHandler                
00001383  TIMG8_IRQHandler                
0000239d  UART0_IRQHandler                
00001383  UART1_IRQHandler                
00001383  UART2_IRQHandler                
00001383  UART3_IRQHandler                
20208000  __STACK_END                     
00000200  __STACK_SIZE                    
00000000  __TI_ATRegion0_region_sz        
00000000  __TI_ATRegion0_src_addr         
00000000  __TI_ATRegion0_trg_addr         
00000000  __TI_ATRegion1_region_sz        
00000000  __TI_ATRegion1_src_addr         
00000000  __TI_ATRegion1_trg_addr         
00000000  __TI_ATRegion2_region_sz        
00000000  __TI_ATRegion2_src_addr         
00000000  __TI_ATRegion2_trg_addr         
0000245c  __TI_CINIT_Base                 
0000246c  __TI_CINIT_Limit                
0000246c  __TI_CINIT_Warm                 
00002448  __TI_Handler_Table_Base         
00002454  __TI_Handler_Table_Limit        
0000211d  __TI_auto_init_nobinit_nopinit  
00001bb5  __TI_decompress_lzss            
00002369  __TI_decompress_none            
ffffffff  __TI_pprof_out_hndl             
ffffffff  __TI_prof_data_size             
ffffffff  __TI_prof_data_start            
00000000  __TI_static_base__              
00002341  __TI_zero_init_nomemset         
00001797  __addsf3                        
00002241  __aeabi_f2iz                    
00001797  __aeabi_fadd                    
00001ca1  __aeabi_fcmpeq                  
00001cdd  __aeabi_fcmpge                  
00001cf1  __aeabi_fcmpgt                  
00001cc9  __aeabi_fcmple                  
00001cb5  __aeabi_fcmplt                  
00001b31  __aeabi_fdiv                    
00001a21  __aeabi_fmul                    
0000178d  __aeabi_fsub                    
000020a5  __aeabi_i2f                     
00001f39  __aeabi_idiv                    
000018ff  __aeabi_idiv0                   
00001f39  __aeabi_idivmod                 
000023b9  __aeabi_memclr                  
000023b9  __aeabi_memclr4                 
000023b9  __aeabi_memclr8                 
000023d1  __aeabi_memcpy                  
000023d1  __aeabi_memcpy4                 
000023d1  __aeabi_memcpy8                 
00002065  __aeabi_uidiv                   
00002065  __aeabi_uidivmod                
ffffffff  __binit__                       
00002159  __cmpsf2                        
00001b31  __divsf3                        
00002159  __eqsf2                         
00002241  __fixsfsi                       
000020a5  __floatsisf                     
000020e1  __gesf2                         
000020e1  __gtsf2                         
00002159  __lesf2                         
00002159  __ltsf2                         
UNDEFED   __mpu_init                      
00002195  __muldsi3                       
00001a21  __mulsf3                        
00002159  __nesf2                         
20207e00  __stack                         
20200000  __start___llvm_prf_bits         
20200000  __start___llvm_prf_cnts         
20200000  __stop___llvm_prf_bits          
20200000  __stop___llvm_prf_cnts          
0000178d  __subsf3                        
000022a9  _c_int00_noargs                 
UNDEFED   _system_post_cinit              
000023e7  _system_pre_init                
000023d9  abort                           
ffffffff  binit                           
202001bc  gPWM_LEFTBackup                 
20200278  gPWM_RIGHTBackup                
2020034c  g_millis                        
00000000  interruptVectors                
00000ec9  main                            
00001865  memcpy                          
00001d03  memset                          


GLOBAL SYMBOLS: SORTED BY Symbol Address 

address   name                            
-------   ----                            
00000000  __TI_ATRegion0_region_sz        
00000000  __TI_ATRegion0_src_addr         
00000000  __TI_ATRegion0_trg_addr         
00000000  __TI_ATRegion1_region_sz        
00000000  __TI_ATRegion1_src_addr         
00000000  __TI_ATRegion1_trg_addr         
00000000  __TI_ATRegion2_region_sz        
00000000  __TI_ATRegion2_src_addr         
00000000  __TI_ATRegion2_trg_addr         
00000000  __TI_static_base__              
00000000  interruptVectors                
000000c1  TIMG0_IRQHandler                
00000200  __STACK_SIZE                    
00000969  AS201_Poll                      
00000ec9  main                            
00001089  AS201_EnsureReportConfig        
00001237  AS201_SendCommand               
00001383  ADC0_IRQHandler                 
00001383  ADC1_IRQHandler                 
00001383  AES_IRQHandler                  
00001383  CANFD0_IRQHandler               
00001383  DAC0_IRQHandler                 
00001383  DMA_IRQHandler                  
00001383  Default_Handler                 
00001383  GROUP0_IRQHandler               
00001383  GROUP1_IRQHandler               
00001383  HardFault_Handler               
00001383  I2C0_IRQHandler                 
00001383  I2C1_IRQHandler                 
00001383  NMI_Handler                     
00001383  PendSV_Handler                  
00001383  RTC_IRQHandler                  
00001383  SPI0_IRQHandler                 
00001383  SPI1_IRQHandler                 
00001383  SVC_Handler                     
00001383  TIMA0_IRQHandler                
00001383  TIMA1_IRQHandler                
00001383  TIMG12_IRQHandler               
00001383  TIMG6_IRQHandler                
00001383  TIMG7_IRQHandler                
00001383  TIMG8_IRQHandler                
00001383  UART1_IRQHandler                
00001383  UART2_IRQHandler                
00001383  UART3_IRQHandler                
00001499  DL_Timer_initFourCCPWMMode      
0000159d  DL_Timer_initTimerMode          
00001699  SYSCFG_DL_GPIO_init             
0000178d  __aeabi_fsub                    
0000178d  __subsf3                        
00001797  __addsf3                        
00001797  __aeabi_fadd                    
00001865  memcpy                          
000018ff  __aeabi_idiv0                   
00001901  SYSCFG_DL_PWM_LEFT_init         
00001991  SYSCFG_DL_PWM_RIGHT_init        
00001a21  __aeabi_fmul                    
00001a21  __mulsf3                        
00001b31  __aeabi_fdiv                    
00001b31  __divsf3                        
00001bb5  __TI_decompress_lzss            
00001c31  SYSCFG_DL_UART_GYRO_init        
00001ca1  __aeabi_fcmpeq                  
00001cb5  __aeabi_fcmplt                  
00001cc9  __aeabi_fcmple                  
00001cdd  __aeabi_fcmpge                  
00001cf1  __aeabi_fcmpgt                  
00001d03  memset                          
00001d65  SYSCFG_DL_UART_BT_init          
00001dc5  SYSCFG_DL_initPower             
00001e25  AS201_ISR                       
00001e81  AS201_Init                      
00001f39  __aeabi_idiv                    
00001f39  __aeabi_idivmod                 
00001fdd  DL_UART_init                    
00002025  SYSCFG_DL_SYSCTL_init           
00002065  __aeabi_uidiv                   
00002065  __aeabi_uidivmod                
000020a5  __aeabi_i2f                     
000020a5  __floatsisf                     
000020e1  __gesf2                         
000020e1  __gtsf2                         
0000211d  __TI_auto_init_nobinit_nopinit  
00002159  __cmpsf2                        
00002159  __eqsf2                         
00002159  __lesf2                         
00002159  __ltsf2                         
00002159  __nesf2                         
00002195  __muldsi3                       
000021d1  SYSCFG_DL_TIMER_0_init          
00002209  SYSCFG_DL_init                  
00002241  __aeabi_f2iz                    
00002241  __fixsfsi                       
00002279  DL_UART_transmitDataBlocking    
000022a9  _c_int00_noargs                 
000022d1  AS201_HasNewFrame               
000022f1  DL_Timer_setCaptCompUpdateMethod
0000230d  DL_Timer_setClockConfig         
00002329  DL_Timer_setCaptureCompareOutCtl
00002341  __TI_zero_init_nomemset         
00002357  DL_UART_setClockConfig          
00002369  __TI_decompress_none            
0000237d  DL_Timer_setCaptureCompareValue 
0000238d  SysTick_Handler                 
0000239d  UART0_IRQHandler                
000023ad  AS201_GetData                   
000023b9  __aeabi_memclr                  
000023b9  __aeabi_memclr4                 
000023b9  __aeabi_memclr8                 
000023c5  DL_Common_delayCycles           
000023d1  __aeabi_memcpy                  
000023d1  __aeabi_memcpy4                 
000023d1  __aeabi_memcpy8                 
000023d9  abort                           
000023de  C$$EXIT                         
000023df  HOSTexit                        
000023e3  Reset_Handler                   
000023e7  _system_pre_init                
00002448  __TI_Handler_Table_Base         
00002454  __TI_Handler_Table_Limit        
0000245c  __TI_CINIT_Base                 
0000246c  __TI_CINIT_Limit                
0000246c  __TI_CINIT_Warm                 
20200000  __start___llvm_prf_bits         
20200000  __start___llvm_prf_cnts         
20200000  __stop___llvm_prf_bits          
20200000  __stop___llvm_prf_cnts          
202001bc  gPWM_LEFTBackup                 
20200278  gPWM_RIGHTBackup                
2020034c  g_millis                        
20207e00  __stack                         
20208000  __STACK_END                     
ffffffff  __TI_pprof_out_hndl             
ffffffff  __TI_prof_data_size             
ffffffff  __TI_prof_data_start            
ffffffff  __binit__                       
ffffffff  binit                           
UNDEFED   __mpu_init                      
UNDEFED   _system_post_cinit              

[138 symbols]
