******************************************************************************
            TI ARM Clang Linker PC v4.0.4                      
******************************************************************************
>> Linked Tue Jul 14 15:09:29 2026

OUTPUT FILE NAME:   <xiaochexunji.out>
ENTRY POINT SYMBOL: "_c_int00_noargs"  address: 00000989


MEMORY CONFIGURATION

         name            origin    length      used     unused   attr    fill
----------------------  --------  ---------  --------  --------  ----  --------
  FLASH                 00000000   00020000  00000af0  0001f510  R  X
  SRAM                  20200000   00008000  000002d2  00007d2e  RW X
  BCR_CONFIG            41c00000   000000ff  00000000  000000ff  R   
  BSL_CONFIG            41c00100   00000080  00000000  00000080  R   


SEGMENT ALLOCATION MAP

run origin  load origin   length   init length attrs members
----------  ----------- ---------- ----------- ----- -------
00000000    00000000    00000af0   00000af0    r-x
  00000000    00000000    000000c0   000000c0    r-- .intvecs
  000000c0    000000c0    000009d8   000009d8    r-x .text
  00000a98    00000a98    00000028   00000028    r-- .rodata
  00000ac0    00000ac0    00000030   00000030    r-- .cinit
20200000    20200000    000000d2   00000000    rw-
  20200000    20200000    000000c4   00000000    rw- .bss
  202000c4    202000c4    0000000e   00000000    rw- .data
20207e00    20207e00    00000200   00000000    rw-
  20207e00    20207e00    00000200   00000000    rw- .stack


SECTION ALLOCATION MAP

 output                                  attributes/
section   page    origin      length       input sections
--------  ----  ----------  ----------   ----------------
.intvecs   0    00000000    000000c0     
                  00000000    000000c0     startup_mspm0g350x_ticlang.o (.intvecs)

.text      0    000000c0    000009d8     
                  000000c0    00000274     empty.o (.text.TIMG0_IRQHandler)
                  00000334    00000104     driverlib.a : dl_timer.o (.text.DL_Timer_initFourCCPWMMode)
                  00000438    000000fc                 : dl_timer.o (.text.DL_Timer_initTimerMode)
                  00000534    000000e0     ti_msp_dl_config.o (.text.SYSCFG_DL_PWM_DRIVE_init)
                  00000614    0000009a     libc.a : memcpy16.S.obj (.text:memcpy)
                  000006ae    00000002     startup_mspm0g350x_ticlang.o (.text.Default_Handler)
                  000006b0    0000007c     libc.a : copy_decompress_lzss.c.obj (.text:decompress:lzss)
                  0000072c    00000070     ti_msp_dl_config.o (.text.SYSCFG_DL_GPIO_init)
                  0000079c    00000060     empty.o (.text.main)
                  000007fc    00000056     libclang_rt.builtins.a : aeabi_idivmod.S.obj (.text.__aeabi_idivmod)
                  00000852    00000002                            : aeabi_div0.c.obj (.text.__aeabi_idiv0)
                  00000854    00000040     ti_msp_dl_config.o (.text.SYSCFG_DL_SYSCTL_init)
                  00000894    00000040     ti_msp_dl_config.o (.text.SYSCFG_DL_initPower)
                  000008d4    00000040     libclang_rt.builtins.a : aeabi_uidivmod.S.obj (.text.__aeabi_uidivmod)
                  00000914    0000003c     libc.a : autoinit.c.obj (.text:__TI_auto_init_nobinit_nopinit)
                  00000950    00000038     ti_msp_dl_config.o (.text.SYSCFG_DL_TIMER_0_init)
                  00000988    00000028     libc.a : boot_cortex_m.c.obj (.text:_c_int00_noargs)
                  000009b0    00000024     ti_msp_dl_config.o (.text.SYSCFG_DL_init)
                  000009d4    0000001c     driverlib.a : dl_timer.o (.text.DL_Timer_setCaptCompUpdateMethod)
                  000009f0    0000001c                 : dl_timer.o (.text.DL_Timer_setClockConfig)
                  00000a0c    00000018                 : dl_timer.o (.text.DL_Timer_setCaptureCompareOutCtl)
                  00000a24    00000016     libc.a : copy_zero_init.c.obj (.text:decompress:ZI:__TI_zero_init_nomemset)
                  00000a3a    00000012            : copy_decompress_none.c.obj (.text:decompress:none)
                  00000a4c    00000010     driverlib.a : dl_timer.o (.text.DL_Timer_setCaptureCompareValue)
                  00000a5c    00000010     empty.o (.text.SysTick_Handler)
                  00000a6c    0000000a     driverlib.a : dl_common.o (.text.DL_Common_delayCycles)
                  00000a76    00000002     --HOLE-- [fill = 0]
                  00000a78    00000008     libclang_rt.builtins.a : aeabi_memcpy.S.obj (.text.__aeabi_memcpy)
                  00000a80    00000006     libc.a : exit.c.obj (.text:abort)
                  00000a86    00000004     libsysbm.a : hostexit.c.obj (.text.HOSTexit)
                  00000a8a    00000004     startup_mspm0g350x_ticlang.o (.text.Reset_Handler)
                  00000a8e    00000004     libc.a : pre_init.c.obj (.text._system_pre_init)
                  00000a92    00000006     --HOLE-- [fill = 0]

.cinit     0    00000ac0    00000030     
                  00000ac0    0000000c     (__TI_handler_table)
                  00000acc    00000009     (.cinit..data.load) [load image, compression = lzss]
                  00000ad5    00000003     --HOLE-- [fill = 0]
                  00000ad8    00000008     (.cinit..bss.load) [load image, compression = zero_init]
                  00000ae0    00000010     (__TI_cinit_table)

.rodata    0    00000a98    00000028     
                  00000a98    00000014     ti_msp_dl_config.o (.rodata.gTIMER_0TimerConfig)
                  00000aac    00000008     ti_msp_dl_config.o (.rodata.gPWM_DRIVEConfig)
                  00000ab4    00000003     ti_msp_dl_config.o (.rodata.gPWM_DRIVEClockConfig)
                  00000ab7    00000003     ti_msp_dl_config.o (.rodata.gTIMER_0ClockConfig)
                  00000aba    00000006     --HOLE-- [fill = 0]

.init_array 
*          0    00000000    00000000     UNINITIALIZED

.binit     0    00000000    00000000     

.bss       0    20200000    000000c4     UNINITIALIZED
                  20200000    000000bc     (.common:gPWM_DRIVEBackup)
                  202000bc    00000008     empty.o (.bss.sensor)

.data      0    202000c4    0000000e     UNINITIALIZED
                  202000c4    00000004     empty.o (.data.corner_unlock)
                  202000c8    00000004     empty.o (.data.g_millis)
                  202000cc    00000002     empty.o (.data.corner_count)
                  202000ce    00000001     empty.o (.data.car_stopped)
                  202000cf    00000001     empty.o (.data.finishing)
                  202000d0    00000001     empty.o (.data.last_err)
                  202000d1    00000001     empty.o (.data.scan_ch)

.stack     0    20207e00    00000200     UNINITIALIZED
                  20207e00    00000004     libc.a : boot_cortex_m.c.obj (.stack)
                  20207e04    000001fc     --HOLE--

__llvm_prf_cnts 
*          0    20200000    00000000     UNINITIALIZED

__llvm_prf_bits 
*          0    20200000    00000000     UNINITIALIZED

MODULE SUMMARY

       Module                         code   ro data   rw data
       ------                         ----   -------   -------
    .\
       ti_msp_dl_config.o             556    34        188    
       empty.o                        740    0         22     
       startup_mspm0g350x_ticlang.o   6      192       0      
    +--+------------------------------+------+---------+---------+
       Total:                         1302   226       210    
                                                              
    C:/ti/mspm0_sdk_2_10_00_04/source/ti/driverlib/lib/ticlang/m0p/mspm0g1x0x_g3x0x/driverlib.a
       dl_timer.o                     608    0         0      
       dl_common.o                    10     0         0      
    +--+------------------------------+------+---------+---------+
       Total:                         618    0         0      
                                                              
    C:\ti\ccs2051\ccs\tools\compiler\ti-cgt-armllvm_4.0.4.LTS\lib\armv6m-ti-none-eabi/c/libc.a
       memcpy16.S.obj                 154    0         0      
       copy_decompress_lzss.c.obj     124    0         0      
       autoinit.c.obj                 60     0         0      
       boot_cortex_m.c.obj            40     0         0      
       copy_zero_init.c.obj           22     0         0      
       copy_decompress_none.c.obj     18     0         0      
       exit.c.obj                     6      0         0      
       pre_init.c.obj                 4      0         0      
    +--+------------------------------+------+---------+---------+
       Total:                         428    0         0      
                                                              
    C:\ti\ccs2051\ccs\tools\compiler\ti-cgt-armllvm_4.0.4.LTS\lib\armv6m-ti-none-eabi/c/libsysbm.a
       hostexit.c.obj                 4      0         0      
    +--+------------------------------+------+---------+---------+
       Total:                         4      0         0      
                                                              
    C:\ti\ccs2051\ccs\tools\compiler\ti-cgt-armllvm_4.0.4.LTS\lib\armv6m-ti-none-eabi/libclang_rt.builtins.a
       aeabi_idivmod.S.obj            86     0         0      
       aeabi_uidivmod.S.obj           64     0         0      
       aeabi_memcpy.S.obj             8      0         0      
       aeabi_div0.c.obj               2      0         0      
    +--+------------------------------+------+---------+---------+
       Total:                         160    0         0      
                                                              
       Stack:                         0      0         512    
       Linker Generated:              0      45        0      
    +--+------------------------------+------+---------+---------+
       Grand Total:                   2512   271       722    


LINKER GENERATED COPY TABLES

__TI_cinit_table @ 00000ae0 records: 2, size/record: 8, table size: 16
	.data: load addr=00000acc, load size=00000009 bytes, run addr=202000c4, run size=0000000e bytes, compression=lzss
	.bss: load addr=00000ad8, load size=00000008 bytes, run addr=20200000, run size=000000c4 bytes, compression=zero_init


LINKER GENERATED HANDLER TABLE

__TI_handler_table @ 00000ac0 records: 3, size/record: 4, table size: 12
	index: 0, handler: __TI_decompress_lzss
	index: 1, handler: __TI_decompress_none
	index: 2, handler: __TI_zero_init


GLOBAL SYMBOLS: SORTED ALPHABETICALLY BY Name 

address   name                            
-------   ----                            
000006af  ADC0_IRQHandler                 
000006af  ADC1_IRQHandler                 
000006af  AES_IRQHandler                  
00000a86  C$$EXIT                         
000006af  CANFD0_IRQHandler               
000006af  DAC0_IRQHandler                 
00000a6d  DL_Common_delayCycles           
00000335  DL_Timer_initFourCCPWMMode      
00000439  DL_Timer_initTimerMode          
000009d5  DL_Timer_setCaptCompUpdateMethod
00000a0d  DL_Timer_setCaptureCompareOutCtl
00000a4d  DL_Timer_setCaptureCompareValue 
000009f1  DL_Timer_setClockConfig         
000006af  DMA_IRQHandler                  
000006af  Default_Handler                 
000006af  GROUP0_IRQHandler               
000006af  GROUP1_IRQHandler               
00000a87  HOSTexit                        
000006af  HardFault_Handler               
000006af  I2C0_IRQHandler                 
000006af  I2C1_IRQHandler                 
000006af  NMI_Handler                     
000006af  PendSV_Handler                  
000006af  RTC_IRQHandler                  
00000a8b  Reset_Handler                   
000006af  SPI0_IRQHandler                 
000006af  SPI1_IRQHandler                 
000006af  SVC_Handler                     
0000072d  SYSCFG_DL_GPIO_init             
00000535  SYSCFG_DL_PWM_DRIVE_init        
00000855  SYSCFG_DL_SYSCTL_init           
00000951  SYSCFG_DL_TIMER_0_init          
000009b1  SYSCFG_DL_init                  
00000895  SYSCFG_DL_initPower             
00000a5d  SysTick_Handler                 
000006af  TIMA0_IRQHandler                
000006af  TIMA1_IRQHandler                
000000c1  TIMG0_IRQHandler                
000006af  TIMG12_IRQHandler               
000006af  TIMG6_IRQHandler                
000006af  TIMG7_IRQHandler                
000006af  TIMG8_IRQHandler                
000006af  UART0_IRQHandler                
000006af  UART1_IRQHandler                
000006af  UART2_IRQHandler                
000006af  UART3_IRQHandler                
20208000  __STACK_END                     
00000200  __STACK_SIZE                    
00000000  __TI_ATRegion0_region_sz        
00000000  __TI_ATRegion0_src_addr         
00000000  __TI_ATRegion0_trg_addr         
00000000  __TI_ATRegion1_region_sz        
00000000  __TI_ATRegion1_src_addr         
00000000  __TI_ATRegion1_trg_addr         
00000000  __TI_ATRegion2_region_sz        
00000000  __TI_ATRegion2_src_addr         
00000000  __TI_ATRegion2_trg_addr         
00000ae0  __TI_CINIT_Base                 
00000af0  __TI_CINIT_Limit                
00000af0  __TI_CINIT_Warm                 
00000ac0  __TI_Handler_Table_Base         
00000acc  __TI_Handler_Table_Limit        
00000915  __TI_auto_init_nobinit_nopinit  
000006b1  __TI_decompress_lzss            
00000a3b  __TI_decompress_none            
ffffffff  __TI_pprof_out_hndl             
ffffffff  __TI_prof_data_size             
ffffffff  __TI_prof_data_start            
00000000  __TI_static_base__              
00000a25  __TI_zero_init_nomemset         
000007fd  __aeabi_idiv                    
00000853  __aeabi_idiv0                   
000007fd  __aeabi_idivmod                 
00000a79  __aeabi_memcpy                  
00000a79  __aeabi_memcpy4                 
00000a79  __aeabi_memcpy8                 
000008d5  __aeabi_uidiv                   
000008d5  __aeabi_uidivmod                
ffffffff  __binit__                       
UNDEFED   __mpu_init                      
20207e00  __stack                         
20200000  __start___llvm_prf_bits         
20200000  __start___llvm_prf_cnts         
20200000  __stop___llvm_prf_bits          
20200000  __stop___llvm_prf_cnts          
00000989  _c_int00_noargs                 
UNDEFED   _system_post_cinit              
00000a8f  _system_pre_init                
00000a81  abort                           
ffffffff  binit                           
20200000  gPWM_DRIVEBackup                
202000c8  g_millis                        
00000000  interruptVectors                
0000079d  main                            
00000615  memcpy                          


GLOBAL SYMBOLS: SORTED BY Symbol Address 

address   name                            
-------   ----                            
00000000  __TI_ATRegion0_region_sz        
00000000  __TI_ATRegion0_src_addr         
00000000  __TI_ATRegion0_trg_addr         
00000000  __TI_ATRegion1_region_sz        
00000000  __TI_ATRegion1_src_addr         
00000000  __TI_ATRegion1_trg_addr         
00000000  __TI_ATRegion2_region_sz        
00000000  __TI_ATRegion2_src_addr         
00000000  __TI_ATRegion2_trg_addr         
00000000  __TI_static_base__              
00000000  interruptVectors                
000000c1  TIMG0_IRQHandler                
00000200  __STACK_SIZE                    
00000335  DL_Timer_initFourCCPWMMode      
00000439  DL_Timer_initTimerMode          
00000535  SYSCFG_DL_PWM_DRIVE_init        
00000615  memcpy                          
000006af  ADC0_IRQHandler                 
000006af  ADC1_IRQHandler                 
000006af  AES_IRQHandler                  
000006af  CANFD0_IRQHandler               
000006af  DAC0_IRQHandler                 
000006af  DMA_IRQHandler                  
000006af  Default_Handler                 
000006af  GROUP0_IRQHandler               
000006af  GROUP1_IRQHandler               
000006af  HardFault_Handler               
000006af  I2C0_IRQHandler                 
000006af  I2C1_IRQHandler                 
000006af  NMI_Handler                     
000006af  PendSV_Handler                  
000006af  RTC_IRQHandler                  
000006af  SPI0_IRQHandler                 
000006af  SPI1_IRQHandler                 
000006af  SVC_Handler                     
000006af  TIMA0_IRQHandler                
000006af  TIMA1_IRQHandler                
000006af  TIMG12_IRQHandler               
000006af  TIMG6_IRQHandler                
000006af  TIMG7_IRQHandler                
000006af  TIMG8_IRQHandler                
000006af  UART0_IRQHandler                
000006af  UART1_IRQHandler                
000006af  UART2_IRQHandler                
000006af  UART3_IRQHandler                
000006b1  __TI_decompress_lzss            
0000072d  SYSCFG_DL_GPIO_init             
0000079d  main                            
000007fd  __aeabi_idiv                    
000007fd  __aeabi_idivmod                 
00000853  __aeabi_idiv0                   
00000855  SYSCFG_DL_SYSCTL_init           
00000895  SYSCFG_DL_initPower             
000008d5  __aeabi_uidiv                   
000008d5  __aeabi_uidivmod                
00000915  __TI_auto_init_nobinit_nopinit  
00000951  SYSCFG_DL_TIMER_0_init          
00000989  _c_int00_noargs                 
000009b1  SYSCFG_DL_init                  
000009d5  DL_Timer_setCaptCompUpdateMethod
000009f1  DL_Timer_setClockConfig         
00000a0d  DL_Timer_setCaptureCompareOutCtl
00000a25  __TI_zero_init_nomemset         
00000a3b  __TI_decompress_none            
00000a4d  DL_Timer_setCaptureCompareValue 
00000a5d  SysTick_Handler                 
00000a6d  DL_Common_delayCycles           
00000a79  __aeabi_memcpy                  
00000a79  __aeabi_memcpy4                 
00000a79  __aeabi_memcpy8                 
00000a81  abort                           
00000a86  C$$EXIT                         
00000a87  HOSTexit                        
00000a8b  Reset_Handler                   
00000a8f  _system_pre_init                
00000ac0  __TI_Handler_Table_Base         
00000acc  __TI_Handler_Table_Limit        
00000ae0  __TI_CINIT_Base                 
00000af0  __TI_CINIT_Limit                
00000af0  __TI_CINIT_Warm                 
20200000  __start___llvm_prf_bits         
20200000  __start___llvm_prf_cnts         
20200000  __stop___llvm_prf_bits          
20200000  __stop___llvm_prf_cnts          
20200000  gPWM_DRIVEBackup                
202000c8  g_millis                        
20207e00  __stack                         
20208000  __STACK_END                     
ffffffff  __TI_pprof_out_hndl             
ffffffff  __TI_prof_data_size             
ffffffff  __TI_prof_data_start            
ffffffff  __binit__                       
ffffffff  binit                           
UNDEFED   __mpu_init                      
UNDEFED   _system_post_cinit              

[95 symbols]
