******************************************************************************
            TI ARM Clang Linker PC v4.0.4                      
******************************************************************************
>> Linked Thu Jul 16 14:31:01 2026

OUTPUT FILE NAME:   <xiaochexunji duoquan.out>
ENTRY POINT SYMBOL: "_c_int00_noargs"  address: 00001c59


MEMORY CONFIGURATION

         name            origin    length      used     unused   attr    fill
----------------------  --------  ---------  --------  --------  ----  --------
  FLASH                 00000000   00020000  00001e18  0001e1e8  R  X
  SRAM                  20200000   00008000  000004b7  00007b49  RW X
  BCR_CONFIG            41c00000   000000ff  00000000  000000ff  R   
  BSL_CONFIG            41c00100   00000080  00000000  00000080  R   


SEGMENT ALLOCATION MAP

run origin  load origin   length   init length attrs members
----------  ----------- ---------- ----------- ----- -------
00000000    00000000    00001e18   00001e18    r-x
  00000000    00000000    000000c0   000000c0    r-- .intvecs
  000000c0    000000c0    00001ce0   00001ce0    r-x .text
  00001da0    00001da0    00000040   00000040    r-- .rodata
  00001de0    00001de0    00000038   00000038    r-- .cinit
20200000    20200000    000002b7   00000000    rw-
  20200000    20200000    0000027c   00000000    rw- .bss
  2020027c    2020027c    0000003b   00000000    rw- .data
20207e00    20207e00    00000200   00000000    rw-
  20207e00    20207e00    00000200   00000000    rw- .stack


SECTION ALLOCATION MAP

 output                                  attributes/
section   page    origin      length       input sections
--------  ----  ----------  ----------   ----------------
.intvecs   0    00000000    000000c0     
                  00000000    000000c0     startup_mspm0g350x_ticlang.o (.intvecs)

.text      0    000000c0    00001ce0     
                  000000c0    00000568     hlk_as201.o (.text.AS201_Poll)
                  00000628    00000530     empty.o (.text.TIMG0_IRQHandler)
                  00000b58    0000017c     empty.o (.text.main)
                  00000cd4    0000013c     hlk_as201.o (.text.AS201_SendCommand)
                  00000e10    00000114     empty.o (.text.bt_putf1)
                  00000f24    00000104     driverlib.a : dl_timer.o (.text.DL_Timer_initFourCCPWMMode)
                  00001028    000000fc                 : dl_timer.o (.text.DL_Timer_initTimerMode)
                  00001124    000000e0     ti_msp_dl_config.o (.text.SYSCFG_DL_PWM_DRIVE_init)
                  00001204    000000d8     libclang_rt.builtins.a : addsf3.S.obj (.text)
                  000012dc    0000009a     libc.a : memcpy16.S.obj (.text:memcpy)
                  00001376    00000092     hlk_as201.o (.text.AS201_SyncConfig)
                  00001408    0000008c     libclang_rt.builtins.a : mulsf3.S.obj (.text.__mulsf3)
                  00001494    0000008c     empty.o (.text.motor)
                  00001520    00000082     libclang_rt.builtins.a : divsf3.S.obj (.text.__divsf3)
                  000015a2    00000002     startup_mspm0g350x_ticlang.o (.text.Default_Handler)
                  000015a4    00000080     ti_msp_dl_config.o (.text.SYSCFG_DL_GPIO_init)
                  00001624    0000007c     libc.a : copy_decompress_lzss.c.obj (.text:decompress:lzss)
                  000016a0    00000070     ti_msp_dl_config.o (.text.SYSCFG_DL_UART_GYRO_init)
                  00001710    00000062     libclang_rt.builtins.a : aeabi_fcmp.S.obj (.text.__aeabi_fcmp)
                  00001772    00000062     libc.a : memset16.S.obj (.text:memset)
                  000017d4    00000060     ti_msp_dl_config.o (.text.SYSCFG_DL_UART_BT_init)
                  00001834    0000005c     hlk_as201.o (.text.AS201_ISR)
                  00001890    0000005c     hlk_as201.o (.text.AS201_Init)
                  000018ec    00000056     libclang_rt.builtins.a : aeabi_idivmod.S.obj (.text.__aeabi_idivmod)
                  00001942    00000002                            : aeabi_div0.c.obj (.text.__aeabi_idiv0)
                  00001944    00000054     ti_msp_dl_config.o (.text.SYSCFG_DL_initPower)
                  00001998    00000048     driverlib.a : dl_uart.o (.text.DL_UART_init)
                  000019e0    00000040     ti_msp_dl_config.o (.text.SYSCFG_DL_SYSCTL_init)
                  00001a20    00000040     libclang_rt.builtins.a : aeabi_uidivmod.S.obj (.text.__aeabi_uidivmod)
                  00001a60    0000003c                            : floatsisf.S.obj (.text.__floatsisf)
                  00001a9c    0000003c                            : comparesf2.S.obj (.text.__gtsf2)
                  00001ad8    0000003c     libc.a : autoinit.c.obj (.text:__TI_auto_init_nobinit_nopinit)
                  00001b14    0000003a     libclang_rt.builtins.a : comparesf2.S.obj (.text.__eqsf2)
                  00001b4e    00000002     --HOLE-- [fill = 0]
                  00001b50    0000003a                            : muldsi3.S.obj (.text.__muldsi3)
                  00001b8a    00000002     --HOLE-- [fill = 0]
                  00001b8c    00000038     ti_msp_dl_config.o (.text.SYSCFG_DL_TIMER_0_init)
                  00001bc4    00000038     libclang_rt.builtins.a : fixsfsi.S.obj (.text.__fixsfsi)
                  00001bfc    00000030     driverlib.a : dl_uart.o (.text.DL_UART_transmitDataBlocking)
                  00001c2c    0000002c     ti_msp_dl_config.o (.text.SYSCFG_DL_init)
                  00001c58    00000028     libc.a : boot_cortex_m.c.obj (.text:_c_int00_noargs)
                  00001c80    0000001e     hlk_as201.o (.text.AS201_HasNewFrame)
                  00001c9e    00000002     --HOLE-- [fill = 0]
                  00001ca0    0000001c     driverlib.a : dl_timer.o (.text.DL_Timer_setCaptCompUpdateMethod)
                  00001cbc    0000001c                 : dl_timer.o (.text.DL_Timer_setClockConfig)
                  00001cd8    00000018                 : dl_timer.o (.text.DL_Timer_setCaptureCompareOutCtl)
                  00001cf0    00000016     libc.a : copy_zero_init.c.obj (.text:decompress:ZI:__TI_zero_init_nomemset)
                  00001d06    00000012     driverlib.a : dl_uart.o (.text.DL_UART_setClockConfig)
                  00001d18    00000012     libc.a : copy_decompress_none.c.obj (.text:decompress:none)
                  00001d2a    00000002     --HOLE-- [fill = 0]
                  00001d2c    00000010     driverlib.a : dl_timer.o (.text.DL_Timer_setCaptureCompareValue)
                  00001d3c    00000010     empty.o (.text.SysTick_Handler)
                  00001d4c    00000010     empty.o (.text.UART1_IRQHandler)
                  00001d5c    0000000c     hlk_as201.o (.text.AS201_GetData)
                  00001d68    0000000c     libclang_rt.builtins.a : aeabi_memset.S.obj (.text.__aeabi_memclr)
                  00001d74    0000000a     driverlib.a : dl_common.o (.text.DL_Common_delayCycles)
                  00001d7e    00000002     --HOLE-- [fill = 0]
                  00001d80    00000008     libclang_rt.builtins.a : aeabi_memcpy.S.obj (.text.__aeabi_memcpy)
                  00001d88    00000006     libc.a : exit.c.obj (.text:abort)
                  00001d8e    00000004     libsysbm.a : hostexit.c.obj (.text.HOSTexit)
                  00001d92    00000004     startup_mspm0g350x_ticlang.o (.text.Reset_Handler)
                  00001d96    00000004     libc.a : pre_init.c.obj (.text._system_pre_init)
                  00001d9a    00000006     --HOLE-- [fill = 0]

.cinit     0    00001de0    00000038     
                  00001de0    0000000e     (.cinit..data.load) [load image, compression = lzss]
                  00001dee    00000002     --HOLE-- [fill = 0]
                  00001df0    0000000c     (__TI_handler_table)
                  00001dfc    00000008     (.cinit..bss.load) [load image, compression = zero_init]
                  00001e04    00000010     (__TI_cinit_table)
                  00001e14    00000004     --HOLE-- [fill = 0]

.rodata    0    00001da0    00000040     
                  00001da0    00000014     ti_msp_dl_config.o (.rodata.gTIMER_0TimerConfig)
                  00001db4    0000000a     ti_msp_dl_config.o (.rodata.gUART_BTConfig)
                  00001dbe    0000000a     ti_msp_dl_config.o (.rodata.gUART_GYROConfig)
                  00001dc8    00000008     ti_msp_dl_config.o (.rodata.gPWM_DRIVEConfig)
                  00001dd0    00000003     ti_msp_dl_config.o (.rodata.gPWM_DRIVEClockConfig)
                  00001dd3    00000003     ti_msp_dl_config.o (.rodata.gTIMER_0ClockConfig)
                  00001dd6    00000002     ti_msp_dl_config.o (.rodata.gUART_BTClockConfig)
                  00001dd8    00000002     ti_msp_dl_config.o (.rodata.gUART_GYROClockConfig)
                  00001dda    00000006     --HOLE-- [fill = 0]

.init_array 
*          0    00000000    00000000     UNINITIALIZED

.binit     0    00000000    00000000     

.bss       0    20200000    0000027c     UNINITIALIZED
                  20200000    000001b8     empty.o (.bss.g_gyro)
                  202001b8    000000bc     (.common:gPWM_DRIVEBackup)
                  20200274    00000008     empty.o (.bss.sensor)

.data      0    2020027c    0000003b     UNINITIALIZED
                  2020027c    00000004     empty.o (.data.corner_unlock)
                  20200280    00000004     empty.o (.data.dbg_gz)
                  20200284    00000004     empty.o (.data.dbg_turns)
                  20200288    00000004     empty.o (.data.dbg_yaw)
                  2020028c    00000004     empty.o (.data.g_millis)
                  20200290    00000004     empty.o (.data.gyro_gz)
                  20200294    00000004     empty.o (.data.gyro_last_cnt)
                  20200298    00000004     empty.o (.data.gyro_last_ms)
                  2020029c    00000004     empty.o (.data.pivot_dir)
                  202002a0    00000004     empty.o (.data.pivot_t_end)
                  202002a4    00000004     empty.o (.data.pivot_unlock)
                  202002a8    00000004     empty.o (.data.turn_accum_deg)
                  202002ac    00000002     empty.o (.data.corner_count)
                  202002ae    00000001     empty.o (.data.TIMG0_IRQHandler.dbg_div)
                  202002af    00000001     empty.o (.data.car_stopped)
                  202002b0    00000001     empty.o (.data.dbg_ok)
                  202002b1    00000001     empty.o (.data.dbg_ready)
                  202002b2    00000001     empty.o (.data.finishing)
                  202002b3    00000001     empty.o (.data.gyro_ok)
                  202002b4    00000001     empty.o (.data.last_err)
                  202002b5    00000001     empty.o (.data.pivot_state)
                  202002b6    00000001     empty.o (.data.scan_ch)

.stack     0    20207e00    00000200     UNINITIALIZED
                  20207e00    00000004     libc.a : boot_cortex_m.c.obj (.stack)
                  20207e04    000001fc     --HOLE--

__llvm_prf_cnts 
*          0    20200000    00000000     UNINITIALIZED

__llvm_prf_bits 
*          0    20200000    00000000     UNINITIALIZED

MODULE SUMMARY

       Module                         code   ro data   rw data
       ------                         ----   -------   -------
    .\
       empty.o                        2156   0         507    
       hlk_as201.o                    2072   0         0      
       ti_msp_dl_config.o             808    58        188    
       startup_mspm0g350x_ticlang.o   6      192       0      
    +--+------------------------------+------+---------+---------+
       Total:                         5042   250       695    
                                                              
    C:/ti/mspm0_sdk_2_10_00_04/source/ti/driverlib/lib/ticlang/m0p/mspm0g1x0x_g3x0x/driverlib.a
       dl_timer.o                     608    0         0      
       dl_uart.o                      138    0         0      
       dl_common.o                    10     0         0      
    +--+------------------------------+------+---------+---------+
       Total:                         756    0         0      
                                                              
    C:\ti\ccs2051\ccs\tools\compiler\ti-cgt-armllvm_4.0.4.LTS\lib\armv6m-ti-none-eabi/c/libc.a
       memcpy16.S.obj                 154    0         0      
       copy_decompress_lzss.c.obj     124    0         0      
       memset16.S.obj                 98     0         0      
       autoinit.c.obj                 60     0         0      
       boot_cortex_m.c.obj            40     0         0      
       copy_zero_init.c.obj           22     0         0      
       copy_decompress_none.c.obj     18     0         0      
       exit.c.obj                     6      0         0      
       pre_init.c.obj                 4      0         0      
    +--+------------------------------+------+---------+---------+
       Total:                         526    0         0      
                                                              
    C:\ti\ccs2051\ccs\tools\compiler\ti-cgt-armllvm_4.0.4.LTS\lib\armv6m-ti-none-eabi/c/libsysbm.a
       hostexit.c.obj                 4      0         0      
    +--+------------------------------+------+---------+---------+
       Total:                         4      0         0      
                                                              
    C:\ti\ccs2051\ccs\tools\compiler\ti-cgt-armllvm_4.0.4.LTS\lib\armv6m-ti-none-eabi/libclang_rt.builtins.a
       addsf3.S.obj                   216    0         0      
       mulsf3.S.obj                   140    0         0      
       divsf3.S.obj                   130    0         0      
       comparesf2.S.obj               118    0         0      
       aeabi_fcmp.S.obj               98     0         0      
       aeabi_idivmod.S.obj            86     0         0      
       aeabi_uidivmod.S.obj           64     0         0      
       floatsisf.S.obj                60     0         0      
       muldsi3.S.obj                  58     0         0      
       fixsfsi.S.obj                  56     0         0      
       aeabi_memset.S.obj             12     0         0      
       aeabi_memcpy.S.obj             8      0         0      
       aeabi_div0.c.obj               2      0         0      
    +--+------------------------------+------+---------+---------+
       Total:                         1048   0         0      
                                                              
       Stack:                         0      0         512    
       Linker Generated:              0      50        0      
    +--+------------------------------+------+---------+---------+
       Grand Total:                   7376   300       1207   


LINKER GENERATED COPY TABLES

__TI_cinit_table @ 00001e04 records: 2, size/record: 8, table size: 16
	.data: load addr=00001de0, load size=0000000e bytes, run addr=2020027c, run size=0000003b bytes, compression=lzss
	.bss: load addr=00001dfc, load size=00000008 bytes, run addr=20200000, run size=0000027c bytes, compression=zero_init


LINKER GENERATED HANDLER TABLE

__TI_handler_table @ 00001df0 records: 3, size/record: 4, table size: 12
	index: 0, handler: __TI_decompress_lzss
	index: 1, handler: __TI_decompress_none
	index: 2, handler: __TI_zero_init


GLOBAL SYMBOLS: SORTED ALPHABETICALLY BY Name 

address   name                            
-------   ----                            
000015a3  ADC0_IRQHandler                 
000015a3  ADC1_IRQHandler                 
000015a3  AES_IRQHandler                  
00001d5d  AS201_GetData                   
00001c81  AS201_HasNewFrame               
00001835  AS201_ISR                       
00001891  AS201_Init                      
000000c1  AS201_Poll                      
00000cd5  AS201_SendCommand               
00001377  AS201_SyncConfig                
00001d8e  C$$EXIT                         
000015a3  CANFD0_IRQHandler               
000015a3  DAC0_IRQHandler                 
00001d75  DL_Common_delayCycles           
00000f25  DL_Timer_initFourCCPWMMode      
00001029  DL_Timer_initTimerMode          
00001ca1  DL_Timer_setCaptCompUpdateMethod
00001cd9  DL_Timer_setCaptureCompareOutCtl
00001d2d  DL_Timer_setCaptureCompareValue 
00001cbd  DL_Timer_setClockConfig         
00001999  DL_UART_init                    
00001d07  DL_UART_setClockConfig          
00001bfd  DL_UART_transmitDataBlocking    
000015a3  DMA_IRQHandler                  
000015a3  Default_Handler                 
000015a3  GROUP0_IRQHandler               
000015a3  GROUP1_IRQHandler               
00001d8f  HOSTexit                        
000015a3  HardFault_Handler               
000015a3  I2C0_IRQHandler                 
000015a3  I2C1_IRQHandler                 
000015a3  NMI_Handler                     
000015a3  PendSV_Handler                  
000015a3  RTC_IRQHandler                  
00001d93  Reset_Handler                   
000015a3  SPI0_IRQHandler                 
000015a3  SPI1_IRQHandler                 
000015a3  SVC_Handler                     
000015a5  SYSCFG_DL_GPIO_init             
00001125  SYSCFG_DL_PWM_DRIVE_init        
000019e1  SYSCFG_DL_SYSCTL_init           
00001b8d  SYSCFG_DL_TIMER_0_init          
000017d5  SYSCFG_DL_UART_BT_init          
000016a1  SYSCFG_DL_UART_GYRO_init        
00001c2d  SYSCFG_DL_init                  
00001945  SYSCFG_DL_initPower             
00001d3d  SysTick_Handler                 
000015a3  TIMA0_IRQHandler                
000015a3  TIMA1_IRQHandler                
00000629  TIMG0_IRQHandler                
000015a3  TIMG12_IRQHandler               
000015a3  TIMG6_IRQHandler                
000015a3  TIMG7_IRQHandler                
000015a3  TIMG8_IRQHandler                
000015a3  UART0_IRQHandler                
00001d4d  UART1_IRQHandler                
000015a3  UART2_IRQHandler                
000015a3  UART3_IRQHandler                
20208000  __STACK_END                     
00000200  __STACK_SIZE                    
00000000  __TI_ATRegion0_region_sz        
00000000  __TI_ATRegion0_src_addr         
00000000  __TI_ATRegion0_trg_addr         
00000000  __TI_ATRegion1_region_sz        
00000000  __TI_ATRegion1_src_addr         
00000000  __TI_ATRegion1_trg_addr         
00000000  __TI_ATRegion2_region_sz        
00000000  __TI_ATRegion2_src_addr         
00000000  __TI_ATRegion2_trg_addr         
00001e04  __TI_CINIT_Base                 
00001e14  __TI_CINIT_Limit                
00001e14  __TI_CINIT_Warm                 
00001df0  __TI_Handler_Table_Base         
00001dfc  __TI_Handler_Table_Limit        
00001ad9  __TI_auto_init_nobinit_nopinit  
00001625  __TI_decompress_lzss            
00001d19  __TI_decompress_none            
ffffffff  __TI_pprof_out_hndl             
ffffffff  __TI_prof_data_size             
ffffffff  __TI_prof_data_start            
00000000  __TI_static_base__              
00001cf1  __TI_zero_init_nomemset         
0000120f  __addsf3                        
00001bc5  __aeabi_f2iz                    
0000120f  __aeabi_fadd                    
00001711  __aeabi_fcmpeq                  
0000174d  __aeabi_fcmpge                  
00001761  __aeabi_fcmpgt                  
00001739  __aeabi_fcmple                  
00001725  __aeabi_fcmplt                  
00001521  __aeabi_fdiv                    
00001409  __aeabi_fmul                    
00001205  __aeabi_fsub                    
00001a61  __aeabi_i2f                     
000018ed  __aeabi_idiv                    
00001943  __aeabi_idiv0                   
000018ed  __aeabi_idivmod                 
00001d69  __aeabi_memclr                  
00001d69  __aeabi_memclr4                 
00001d69  __aeabi_memclr8                 
00001d81  __aeabi_memcpy                  
00001d81  __aeabi_memcpy4                 
00001d81  __aeabi_memcpy8                 
00001a21  __aeabi_uidiv                   
00001a21  __aeabi_uidivmod                
ffffffff  __binit__                       
00001b15  __cmpsf2                        
00001521  __divsf3                        
00001b15  __eqsf2                         
00001bc5  __fixsfsi                       
00001a61  __floatsisf                     
00001a9d  __gesf2                         
00001a9d  __gtsf2                         
00001b15  __lesf2                         
00001b15  __ltsf2                         
UNDEFED   __mpu_init                      
00001b51  __muldsi3                       
00001409  __mulsf3                        
00001b15  __nesf2                         
20207e00  __stack                         
20200000  __start___llvm_prf_bits         
20200000  __start___llvm_prf_cnts         
20200000  __stop___llvm_prf_bits          
20200000  __stop___llvm_prf_cnts          
00001205  __subsf3                        
00001c59  _c_int00_noargs                 
UNDEFED   _system_post_cinit              
00001d97  _system_pre_init                
00001d89  abort                           
ffffffff  binit                           
202001b8  gPWM_DRIVEBackup                
2020028c  g_millis                        
00000000  interruptVectors                
00000b59  main                            
000012dd  memcpy                          
00001773  memset                          


GLOBAL SYMBOLS: SORTED BY Symbol Address 

address   name                            
-------   ----                            
00000000  __TI_ATRegion0_region_sz        
00000000  __TI_ATRegion0_src_addr         
00000000  __TI_ATRegion0_trg_addr         
00000000  __TI_ATRegion1_region_sz        
00000000  __TI_ATRegion1_src_addr         
00000000  __TI_ATRegion1_trg_addr         
00000000  __TI_ATRegion2_region_sz        
00000000  __TI_ATRegion2_src_addr         
00000000  __TI_ATRegion2_trg_addr         
00000000  __TI_static_base__              
00000000  interruptVectors                
000000c1  AS201_Poll                      
00000200  __STACK_SIZE                    
00000629  TIMG0_IRQHandler                
00000b59  main                            
00000cd5  AS201_SendCommand               
00000f25  DL_Timer_initFourCCPWMMode      
00001029  DL_Timer_initTimerMode          
00001125  SYSCFG_DL_PWM_DRIVE_init        
00001205  __aeabi_fsub                    
00001205  __subsf3                        
0000120f  __addsf3                        
0000120f  __aeabi_fadd                    
000012dd  memcpy                          
00001377  AS201_SyncConfig                
00001409  __aeabi_fmul                    
00001409  __mulsf3                        
00001521  __aeabi_fdiv                    
00001521  __divsf3                        
000015a3  ADC0_IRQHandler                 
000015a3  ADC1_IRQHandler                 
000015a3  AES_IRQHandler                  
000015a3  CANFD0_IRQHandler               
000015a3  DAC0_IRQHandler                 
000015a3  DMA_IRQHandler                  
000015a3  Default_Handler                 
000015a3  GROUP0_IRQHandler               
000015a3  GROUP1_IRQHandler               
000015a3  HardFault_Handler               
000015a3  I2C0_IRQHandler                 
000015a3  I2C1_IRQHandler                 
000015a3  NMI_Handler                     
000015a3  PendSV_Handler                  
000015a3  RTC_IRQHandler                  
000015a3  SPI0_IRQHandler                 
000015a3  SPI1_IRQHandler                 
000015a3  SVC_Handler                     
000015a3  TIMA0_IRQHandler                
000015a3  TIMA1_IRQHandler                
000015a3  TIMG12_IRQHandler               
000015a3  TIMG6_IRQHandler                
000015a3  TIMG7_IRQHandler                
000015a3  TIMG8_IRQHandler                
000015a3  UART0_IRQHandler                
000015a3  UART2_IRQHandler                
000015a3  UART3_IRQHandler                
000015a5  SYSCFG_DL_GPIO_init             
00001625  __TI_decompress_lzss            
000016a1  SYSCFG_DL_UART_GYRO_init        
00001711  __aeabi_fcmpeq                  
00001725  __aeabi_fcmplt                  
00001739  __aeabi_fcmple                  
0000174d  __aeabi_fcmpge                  
00001761  __aeabi_fcmpgt                  
00001773  memset                          
000017d5  SYSCFG_DL_UART_BT_init          
00001835  AS201_ISR                       
00001891  AS201_Init                      
000018ed  __aeabi_idiv                    
000018ed  __aeabi_idivmod                 
00001943  __aeabi_idiv0                   
00001945  SYSCFG_DL_initPower             
00001999  DL_UART_init                    
000019e1  SYSCFG_DL_SYSCTL_init           
00001a21  __aeabi_uidiv                   
00001a21  __aeabi_uidivmod                
00001a61  __aeabi_i2f                     
00001a61  __floatsisf                     
00001a9d  __gesf2                         
00001a9d  __gtsf2                         
00001ad9  __TI_auto_init_nobinit_nopinit  
00001b15  __cmpsf2                        
00001b15  __eqsf2                         
00001b15  __lesf2                         
00001b15  __ltsf2                         
00001b15  __nesf2                         
00001b51  __muldsi3                       
00001b8d  SYSCFG_DL_TIMER_0_init          
00001bc5  __aeabi_f2iz                    
00001bc5  __fixsfsi                       
00001bfd  DL_UART_transmitDataBlocking    
00001c2d  SYSCFG_DL_init                  
00001c59  _c_int00_noargs                 
00001c81  AS201_HasNewFrame               
00001ca1  DL_Timer_setCaptCompUpdateMethod
00001cbd  DL_Timer_setClockConfig         
00001cd9  DL_Timer_setCaptureCompareOutCtl
00001cf1  __TI_zero_init_nomemset         
00001d07  DL_UART_setClockConfig          
00001d19  __TI_decompress_none            
00001d2d  DL_Timer_setCaptureCompareValue 
00001d3d  SysTick_Handler                 
00001d4d  UART1_IRQHandler                
00001d5d  AS201_GetData                   
00001d69  __aeabi_memclr                  
00001d69  __aeabi_memclr4                 
00001d69  __aeabi_memclr8                 
00001d75  DL_Common_delayCycles           
00001d81  __aeabi_memcpy                  
00001d81  __aeabi_memcpy4                 
00001d81  __aeabi_memcpy8                 
00001d89  abort                           
00001d8e  C$$EXIT                         
00001d8f  HOSTexit                        
00001d93  Reset_Handler                   
00001d97  _system_pre_init                
00001df0  __TI_Handler_Table_Base         
00001dfc  __TI_Handler_Table_Limit        
00001e04  __TI_CINIT_Base                 
00001e14  __TI_CINIT_Limit                
00001e14  __TI_CINIT_Warm                 
20200000  __start___llvm_prf_bits         
20200000  __start___llvm_prf_cnts         
20200000  __stop___llvm_prf_bits          
20200000  __stop___llvm_prf_cnts          
202001b8  gPWM_DRIVEBackup                
2020028c  g_millis                        
20207e00  __stack                         
20208000  __STACK_END                     
ffffffff  __TI_pprof_out_hndl             
ffffffff  __TI_prof_data_size             
ffffffff  __TI_prof_data_start            
ffffffff  __binit__                       
ffffffff  binit                           
UNDEFED   __mpu_init                      
UNDEFED   _system_post_cinit              

[136 symbols]
