******************************************************************************
            TI ARM Clang Linker PC v4.0.4                      
******************************************************************************
>> Linked Tue Jul 21 01:31:10 2026

OUTPUT FILE NAME:   <xiaochexunji duoquan.out>
ENTRY POINT SYMBOL: "_c_int00_noargs"  address: 0000379d


MEMORY CONFIGURATION

         name            origin    length      used     unused   attr    fill
----------------------  --------  ---------  --------  --------  ----  --------
  FLASH                 00000000   00020000  00003968  0001c698  R  X
  SRAM                  20200000   00008000  0000063c  000079c4  RW X
  BCR_CONFIG            41c00000   000000ff  00000000  000000ff  R   
  BSL_CONFIG            41c00100   00000080  00000000  00000080  R   


SEGMENT ALLOCATION MAP

run origin  load origin   length   init length attrs members
----------  ----------- ---------- ----------- ----- -------
00000000    00000000    00003968   00003968    r-x
  00000000    00000000    000000c0   000000c0    r-- .intvecs
  000000c0    000000c0    00003820   00003820    r-x .text
  000038e0    000038e0    00000050   00000050    r-- .rodata
  00003930    00003930    00000038   00000038    r-- .cinit
20200000    20200000    0000043c   00000000    rw-
  20200000    20200000    0000037c   00000000    rw- .bss
  2020037c    2020037c    000000c0   00000000    rw- .data
20207e00    20207e00    00000200   00000000    rw-
  20207e00    20207e00    00000200   00000000    rw- .stack


SECTION ALLOCATION MAP

 output                                  attributes/
section   page    origin      length       input sections
--------  ----  ----------  ----------   ----------------
.intvecs   0    00000000    000000c0     
                  00000000    000000c0     startup_mspm0g350x_ticlang.o (.intvecs)

.text      0    000000c0    00003820     
                  000000c0    00001400     empty.o (.text.TIMG0_IRQHandler)
                  000014c0    000005f4     hlk_as201.o (.text.AS201_PollBudget)
                  00001ab4    00000460     empty.o (.text.main)
                  00001f14    00000234     empty.o (.text.speed_update_wheel)
                  00002148    00000204     empty.o (.text.motor)
                  0000234c    000001c4     hlk_as201.o (.text.AS201_EnsureReportConfig)
                  00002510    000001b8     empty.o (.text.GROUP1_IRQHandler)
                  000026c8    00000158     hlk_as201.o (.text.AS201_ISR)
                  00002820    0000014c     hlk_as201.o (.text.AS201_SendCommand)
                  0000296c    00000104     driverlib.a : dl_timer.o (.text.DL_Timer_initFourCCPWMMode)
                  00002a70    000000fc                 : dl_timer.o (.text.DL_Timer_initTimerMode)
                  00002b6c    000000f4     ti_msp_dl_config.o (.text.SYSCFG_DL_GPIO_init)
                  00002c60    000000d8     libclang_rt.builtins.a : addsf3.S.obj (.text)
                  00002d38    000000bc     empty.o (.text.motor_pwm)
                  00002df4    000000ac     empty.o (.text.bt_puti)
                  00002ea0    0000009a     libc.a : memcpy16.S.obj (.text:memcpy)
                  00002f3a    00000002     startup_mspm0g350x_ticlang.o (.text.Default_Handler)
                  00002f3c    00000090     ti_msp_dl_config.o (.text.SYSCFG_DL_PWM_LEFT_init)
                  00002fcc    00000090     ti_msp_dl_config.o (.text.SYSCFG_DL_PWM_RIGHT_init)
                  0000305c    0000008c     libclang_rt.builtins.a : mulsf3.S.obj (.text.__mulsf3)
                  000030e8    0000007c     libc.a : copy_decompress_lzss.c.obj (.text:decompress:lzss)
                  00003164    00000078     empty.o (.text.bt_putf1)
                  000031dc    00000070     ti_msp_dl_config.o (.text.SYSCFG_DL_UART_GYRO_init)
                  0000324c    00000062     libclang_rt.builtins.a : aeabi_fcmp.S.obj (.text.__aeabi_fcmp)
                  000032ae    00000062     libc.a : memset16.S.obj (.text:memset)
                  00003310    00000060     ti_msp_dl_config.o (.text.SYSCFG_DL_UART_BT_init)
                  00003370    00000060     ti_msp_dl_config.o (.text.SYSCFG_DL_initPower)
                  000033d0    0000005c     hlk_as201.o (.text.AS201_Init)
                  0000342c    00000056     libclang_rt.builtins.a : aeabi_idivmod.S.obj (.text.__aeabi_idivmod)
                  00003482    00000002                            : aeabi_div0.c.obj (.text.__aeabi_idiv0)
                  00003484    0000004c     empty.o (.text.yaw_delta_deg)
                  000034d0    00000048     driverlib.a : dl_uart.o (.text.DL_UART_init)
                  00003518    00000040     ti_msp_dl_config.o (.text.SYSCFG_DL_SYSCTL_init)
                  00003558    00000040     libclang_rt.builtins.a : aeabi_uidivmod.S.obj (.text.__aeabi_uidivmod)
                  00003598    0000003c                            : floatsisf.S.obj (.text.__floatsisf)
                  000035d4    0000003c                            : comparesf2.S.obj (.text.__gtsf2)
                  00003610    0000003c     libc.a : autoinit.c.obj (.text:__TI_auto_init_nobinit_nopinit)
                  0000364c    0000003a     libclang_rt.builtins.a : comparesf2.S.obj (.text.__eqsf2)
                  00003686    00000002     --HOLE-- [fill = 0]
                  00003688    0000003a                            : muldsi3.S.obj (.text.__muldsi3)
                  000036c2    00000002     --HOLE-- [fill = 0]
                  000036c4    00000038     ti_msp_dl_config.o (.text.SYSCFG_DL_TIMER_0_init)
                  000036fc    00000038     ti_msp_dl_config.o (.text.SYSCFG_DL_init)
                  00003734    00000038     libclang_rt.builtins.a : fixsfsi.S.obj (.text.__fixsfsi)
                  0000376c    00000030     driverlib.a : dl_uart.o (.text.DL_UART_transmitDataBlocking)
                  0000379c    00000028     libc.a : boot_cortex_m.c.obj (.text:_c_int00_noargs)
                  000037c4    0000001e     hlk_as201.o (.text.AS201_HasNewFrame)
                  000037e2    00000002     --HOLE-- [fill = 0]
                  000037e4    0000001c     driverlib.a : dl_timer.o (.text.DL_Timer_setCaptCompUpdateMethod)
                  00003800    0000001c                 : dl_timer.o (.text.DL_Timer_setClockConfig)
                  0000381c    00000018                 : dl_timer.o (.text.DL_Timer_setCaptureCompareOutCtl)
                  00003834    00000016     libc.a : copy_zero_init.c.obj (.text:decompress:ZI:__TI_zero_init_nomemset)
                  0000384a    00000012     driverlib.a : dl_uart.o (.text.DL_UART_setClockConfig)
                  0000385c    00000012     libc.a : copy_decompress_none.c.obj (.text:decompress:none)
                  0000386e    00000002     --HOLE-- [fill = 0]
                  00003870    00000010     driverlib.a : dl_timer.o (.text.DL_Timer_setCaptureCompareValue)
                  00003880    00000010     empty.o (.text.SysTick_Handler)
                  00003890    00000010     empty.o (.text.UART0_IRQHandler)
                  000038a0    0000000c     hlk_as201.o (.text.AS201_GetData)
                  000038ac    0000000c     libclang_rt.builtins.a : aeabi_memset.S.obj (.text.__aeabi_memclr)
                  000038b8    0000000a     driverlib.a : dl_common.o (.text.DL_Common_delayCycles)
                  000038c2    00000002     --HOLE-- [fill = 0]
                  000038c4    00000008     libclang_rt.builtins.a : aeabi_memcpy.S.obj (.text.__aeabi_memcpy)
                  000038cc    00000006     libc.a : exit.c.obj (.text:abort)
                  000038d2    00000004     libsysbm.a : hostexit.c.obj (.text.HOSTexit)
                  000038d6    00000004     startup_mspm0g350x_ticlang.o (.text.Reset_Handler)
                  000038da    00000004     libc.a : pre_init.c.obj (.text._system_pre_init)
                  000038de    00000002     --HOLE-- [fill = 0]

.cinit     0    00003930    00000038     
                  00003930    00000014     (.cinit..data.load) [load image, compression = lzss]
                  00003944    0000000c     (__TI_handler_table)
                  00003950    00000008     (.cinit..bss.load) [load image, compression = zero_init]
                  00003958    00000010     (__TI_cinit_table)

.rodata    0    000038e0    00000050     
                  000038e0    00000014     ti_msp_dl_config.o (.rodata.gTIMER_0TimerConfig)
                  000038f4    0000000a     ti_msp_dl_config.o (.rodata.gUART_BTConfig)
                  000038fe    0000000a     ti_msp_dl_config.o (.rodata.gUART_GYROConfig)
                  00003908    00000008     empty.o (.rodata.cst8)
                  00003910    00000008     ti_msp_dl_config.o (.rodata.gPWM_LEFTConfig)
                  00003918    00000008     ti_msp_dl_config.o (.rodata.gPWM_RIGHTConfig)
                  00003920    00000003     ti_msp_dl_config.o (.rodata.gPWM_LEFTClockConfig)
                  00003923    00000003     ti_msp_dl_config.o (.rodata.gPWM_RIGHTClockConfig)
                  00003926    00000003     ti_msp_dl_config.o (.rodata.gTIMER_0ClockConfig)
                  00003929    00000002     ti_msp_dl_config.o (.rodata.gUART_BTClockConfig)
                  0000392b    00000002     ti_msp_dl_config.o (.rodata.gUART_GYROClockConfig)
                  0000392d    00000003     --HOLE-- [fill = 0]

.init_array 
*          0    00000000    00000000     UNINITIALIZED

.binit     0    00000000    00000000     

.bss       0    20200000    0000037c     UNINITIALIZED
                  20200000    000001bc     empty.o (.bss.g_gyro)
                  202001bc    000000bc     (.common:gPWM_LEFTBackup)
                  20200278    000000bc     (.common:gPWM_RIGHTBackup)
                  20200334    00000020     empty.o (.bss.speed_left)
                  20200354    00000020     empty.o (.bss.speed_right)
                  20200374    00000008     empty.o (.bss.sensor)

.data      0    2020037c    000000c0     UNINITIALIZED
                  2020037c    00000004     empty.o (.data.dbg_gz)
                  20200380    00000004     empty.o (.data.dbg_l_measured)
                  20200384    00000004     empty.o (.data.dbg_l_pwm)
                  20200388    00000004     empty.o (.data.dbg_l_target)
                  2020038c    00000004     empty.o (.data.dbg_r_measured)
                  20200390    00000004     empty.o (.data.dbg_r_pwm)
                  20200394    00000004     empty.o (.data.dbg_r_target)
                  20200398    00000004     empty.o (.data.dbg_turns)
                  2020039c    00000004     empty.o (.data.dbg_yaw)
                  202003a0    00000004     empty.o (.data.encoder_left_invalid)
                  202003a4    00000004     empty.o (.data.encoder_left_window)
                  202003a8    00000004     empty.o (.data.encoder_right_invalid)
                  202003ac    00000004     empty.o (.data.encoder_right_window)
                  202003b0    00000004     empty.o (.data.finish_not_before)
                  202003b4    00000004     empty.o (.data.g_millis)
                  202003b8    00000004     empty.o (.data.gyro_damp_cmd)
                  202003bc    00000004     empty.o (.data.gyro_gz)
                  202003c0    00000004     empty.o (.data.gyro_last_cnt)
                  202003c4    00000004     empty.o (.data.gyro_last_ms)
                  202003c8    00000004     empty.o (.data.gyro_yaw)
                  202003cc    00000004     empty.o (.data.motor_pwm.last_l)
                  202003d0    00000004     empty.o (.data.motor_pwm.last_r)
                  202003d4    00000004     empty.o (.data.pivot_advance_encoder_counts)
                  202003d8    00000004     empty.o (.data.pivot_advance_not_before)
                  202003dc    00000004     empty.o (.data.pivot_dir)
                  202003e0    00000004     empty.o (.data.pivot_forward_cmd)
                  202003e4    00000004     empty.o (.data.pivot_steer_cmd)
                  202003e8    00000004     empty.o (.data.pivot_t_end)
                  202003ec    00000004     empty.o (.data.pivot_turn_start_ms)
                  202003f0    00000004     empty.o (.data.pivot_unlock)
                  202003f4    00000004     empty.o (.data.turn_accum_deg)
                  202003f8    00000004     empty.o (.data.turn_encoder_diff_accum)
                  202003fc    00000004     empty.o (.data.turn_last_frame)
                  20200400    00000004     empty.o (.data.turn_last_yaw)
                  20200404    00000004     empty.o (.data.turn_reverse_deg)
                  20200408    00000004     empty.o (.data.turn_yaw_probe_deg)
                  2020040c    00000002     empty.o (.data.corner_count)
                  2020040e    00000002     empty.o (.data.dbg_corner_count)
                  20200410    00000002     empty.o (.data.dbg_line_lost_ticks)
                  20200412    00000002     empty.o (.data.line_lost_ticks)
                  20200414    00000001     empty.o (.data.TIMG0_IRQHandler.dbg_div)
                  20200415    00000001     empty.o (.data.car_stopped)
                  20200416    00000001     empty.o (.data.corner_armed)
                  20200417    00000001     empty.o (.data.corner_pending)
                  20200418    00000001     empty.o (.data.corner_rearm_ticks)
                  20200419    00000001     empty.o (.data.dbg_encoder_state)
                  2020041a    00000001     empty.o (.data.dbg_ok)
                  2020041b    00000001     empty.o (.data.dbg_ready)
                  2020041c    00000001     empty.o (.data.dbg_sensor_mask)
                  2020041d    00000001     empty.o (.data.encoder_left_state)
                  2020041e    00000001     empty.o (.data.encoder_right_state)
                  2020041f    00000001     empty.o (.data.finish_straight_ticks)
                  20200420    00000001     empty.o (.data.finishing)
                  20200421    00000001     empty.o (.data.gyro_filter_ready)
                  20200422    00000001     empty.o (.data.gyro_ok)
                  20200423    00000001     empty.o (.data.gyro_turn_polarity)
                  20200424    00000001     empty.o (.data.last_err)
                  20200425    00000001     empty.o (.data.line_recover_ticks)
                  20200426    00000001     empty.o (.data.line_search_dir)
                  20200427    00000001     empty.o (.data.line_search_override_center_ticks)
                  20200428    00000001     empty.o (.data.line_search_override_dir)
                  20200429    00000001     empty.o (.data.outer_candidate_dir)
                  2020042a    00000001     empty.o (.data.outer_confirm_ticks)
                  2020042b    00000001     empty.o (.data.pivot_encoder_stall_samples)
                  2020042c    00000001     empty.o (.data.pivot_state)
                  2020042d    00000001     empty.o (.data.scan_pos)
                  2020042e    00000001     empty.o (.data.sharp_candidate_dir)
                  2020042f    00000001     empty.o (.data.sharp_err_ticks)
                  20200430    00000001     empty.o (.data.speed_control_tick.divider)
                  20200431    00000001     empty.o (.data.speed_feedback_suspended)
                  20200432    00000001     empty.o (.data.turn_center_hits)
                  20200433    00000001     empty.o (.data.turn_gyro_fallback)
                  20200434    00000001     empty.o (.data.turn_line_departed)
                  20200435    00000001     empty.o (.data.turn_stall_ticks)
                  20200436    00000001     empty.o (.data.turn_target_latched)
                  20200437    00000001     empty.o (.data.turn_wrong_way)
                  20200438    00000001     empty.o (.data.turn_yaw_probe_hits)
                  20200439    00000001     empty.o (.data.turn_yaw_probe_sign)
                  2020043a    00000001     empty.o (.data.turn_yaw_ready)
                  2020043b    00000001     empty.o (.data.turn_yaw_sign)

.stack     0    20207e00    00000200     UNINITIALIZED
                  20207e00    00000004     libc.a : boot_cortex_m.c.obj (.stack)
                  20207e04    000001fc     --HOLE--

__llvm_prf_cnts 
*          0    20200000    00000000     UNINITIALIZED

__llvm_prf_bits 
*          0    20200000    00000000     UNINITIALIZED

MODULE SUMMARY

       Module                         code    ro data   rw data
       ------                         ----    -------   -------
    .\
       empty.o                        8348    8         708    
       hlk_as201.o                    2786    0         0      
       ti_msp_dl_config.o             1012    69        376    
       startup_mspm0g350x_ticlang.o   6       192       0      
    +--+------------------------------+-------+---------+---------+
       Total:                         12152   269       1084   
                                                               
    C:/ti/mspm0_sdk_2_10_00_04/source/ti/driverlib/lib/ticlang/m0p/mspm0g1x0x_g3x0x/driverlib.a
       dl_timer.o                     608     0         0      
       dl_uart.o                      138     0         0      
       dl_common.o                    10      0         0      
    +--+------------------------------+-------+---------+---------+
       Total:                         756     0         0      
                                                               
    C:\ti\ccs2051\ccs\tools\compiler\ti-cgt-armllvm_4.0.4.LTS\lib\armv6m-ti-none-eabi/c/libc.a
       memcpy16.S.obj                 154     0         0      
       copy_decompress_lzss.c.obj     124     0         0      
       memset16.S.obj                 98      0         0      
       autoinit.c.obj                 60      0         0      
       boot_cortex_m.c.obj            40      0         0      
       copy_zero_init.c.obj           22      0         0      
       copy_decompress_none.c.obj     18      0         0      
       exit.c.obj                     6       0         0      
       pre_init.c.obj                 4       0         0      
    +--+------------------------------+-------+---------+---------+
       Total:                         526     0         0      
                                                               
    C:\ti\ccs2051\ccs\tools\compiler\ti-cgt-armllvm_4.0.4.LTS\lib\armv6m-ti-none-eabi/c/libsysbm.a
       hostexit.c.obj                 4       0         0      
    +--+------------------------------+-------+---------+---------+
       Total:                         4       0         0      
                                                               
    C:\ti\ccs2051\ccs\tools\compiler\ti-cgt-armllvm_4.0.4.LTS\lib\armv6m-ti-none-eabi/libclang_rt.builtins.a
       addsf3.S.obj                   216     0         0      
       mulsf3.S.obj                   140     0         0      
       comparesf2.S.obj               118     0         0      
       aeabi_fcmp.S.obj               98      0         0      
       aeabi_idivmod.S.obj            86      0         0      
       aeabi_uidivmod.S.obj           64      0         0      
       floatsisf.S.obj                60      0         0      
       muldsi3.S.obj                  58      0         0      
       fixsfsi.S.obj                  56      0         0      
       aeabi_memset.S.obj             12      0         0      
       aeabi_memcpy.S.obj             8       0         0      
       aeabi_div0.c.obj               2       0         0      
    +--+------------------------------+-------+---------+---------+
       Total:                         918     0         0      
                                                               
       Stack:                         0       0         512    
       Linker Generated:              0       56        0      
    +--+------------------------------+-------+---------+---------+
       Grand Total:                   14356   325       1596   


LINKER GENERATED COPY TABLES

__TI_cinit_table @ 00003958 records: 2, size/record: 8, table size: 16
	.data: load addr=00003930, load size=00000014 bytes, run addr=2020037c, run size=000000c0 bytes, compression=lzss
	.bss: load addr=00003950, load size=00000008 bytes, run addr=20200000, run size=0000037c bytes, compression=zero_init


LINKER GENERATED HANDLER TABLE

__TI_handler_table @ 00003944 records: 3, size/record: 4, table size: 12
	index: 0, handler: __TI_decompress_lzss
	index: 1, handler: __TI_decompress_none
	index: 2, handler: __TI_zero_init


GLOBAL SYMBOLS: SORTED ALPHABETICALLY BY Name 

address   name                            
-------   ----                            
00002f3b  ADC0_IRQHandler                 
00002f3b  ADC1_IRQHandler                 
00002f3b  AES_IRQHandler                  
0000234d  AS201_EnsureReportConfig        
000038a1  AS201_GetData                   
000037c5  AS201_HasNewFrame               
000026c9  AS201_ISR                       
000033d1  AS201_Init                      
000014c1  AS201_PollBudget                
00002821  AS201_SendCommand               
000038d2  C$$EXIT                         
00002f3b  CANFD0_IRQHandler               
00002f3b  DAC0_IRQHandler                 
000038b9  DL_Common_delayCycles           
0000296d  DL_Timer_initFourCCPWMMode      
00002a71  DL_Timer_initTimerMode          
000037e5  DL_Timer_setCaptCompUpdateMethod
0000381d  DL_Timer_setCaptureCompareOutCtl
00003871  DL_Timer_setCaptureCompareValue 
00003801  DL_Timer_setClockConfig         
000034d1  DL_UART_init                    
0000384b  DL_UART_setClockConfig          
0000376d  DL_UART_transmitDataBlocking    
00002f3b  DMA_IRQHandler                  
00002f3b  Default_Handler                 
00002f3b  GROUP0_IRQHandler               
00002511  GROUP1_IRQHandler               
000038d3  HOSTexit                        
00002f3b  HardFault_Handler               
00002f3b  I2C0_IRQHandler                 
00002f3b  I2C1_IRQHandler                 
00002f3b  NMI_Handler                     
00002f3b  PendSV_Handler                  
00002f3b  RTC_IRQHandler                  
000038d7  Reset_Handler                   
00002f3b  SPI0_IRQHandler                 
00002f3b  SPI1_IRQHandler                 
00002f3b  SVC_Handler                     
00002b6d  SYSCFG_DL_GPIO_init             
00002f3d  SYSCFG_DL_PWM_LEFT_init         
00002fcd  SYSCFG_DL_PWM_RIGHT_init        
00003519  SYSCFG_DL_SYSCTL_init           
000036c5  SYSCFG_DL_TIMER_0_init          
00003311  SYSCFG_DL_UART_BT_init          
000031dd  SYSCFG_DL_UART_GYRO_init        
000036fd  SYSCFG_DL_init                  
00003371  SYSCFG_DL_initPower             
00003881  SysTick_Handler                 
00002f3b  TIMA0_IRQHandler                
00002f3b  TIMA1_IRQHandler                
000000c1  TIMG0_IRQHandler                
00002f3b  TIMG12_IRQHandler               
00002f3b  TIMG6_IRQHandler                
00002f3b  TIMG7_IRQHandler                
00002f3b  TIMG8_IRQHandler                
00003891  UART0_IRQHandler                
00002f3b  UART1_IRQHandler                
00002f3b  UART2_IRQHandler                
00002f3b  UART3_IRQHandler                
20208000  __STACK_END                     
00000200  __STACK_SIZE                    
00000000  __TI_ATRegion0_region_sz        
00000000  __TI_ATRegion0_src_addr         
00000000  __TI_ATRegion0_trg_addr         
00000000  __TI_ATRegion1_region_sz        
00000000  __TI_ATRegion1_src_addr         
00000000  __TI_ATRegion1_trg_addr         
00000000  __TI_ATRegion2_region_sz        
00000000  __TI_ATRegion2_src_addr         
00000000  __TI_ATRegion2_trg_addr         
00003958  __TI_CINIT_Base                 
00003968  __TI_CINIT_Limit                
00003968  __TI_CINIT_Warm                 
00003944  __TI_Handler_Table_Base         
00003950  __TI_Handler_Table_Limit        
00003611  __TI_auto_init_nobinit_nopinit  
000030e9  __TI_decompress_lzss            
0000385d  __TI_decompress_none            
ffffffff  __TI_pprof_out_hndl             
ffffffff  __TI_prof_data_size             
ffffffff  __TI_prof_data_start            
00000000  __TI_static_base__              
00003835  __TI_zero_init_nomemset         
00002c6b  __addsf3                        
00003735  __aeabi_f2iz                    
00002c6b  __aeabi_fadd                    
0000324d  __aeabi_fcmpeq                  
00003289  __aeabi_fcmpge                  
0000329d  __aeabi_fcmpgt                  
00003275  __aeabi_fcmple                  
00003261  __aeabi_fcmplt                  
0000305d  __aeabi_fmul                    
00002c61  __aeabi_fsub                    
00003599  __aeabi_i2f                     
0000342d  __aeabi_idiv                    
00003483  __aeabi_idiv0                   
0000342d  __aeabi_idivmod                 
000038ad  __aeabi_memclr                  
000038ad  __aeabi_memclr4                 
000038ad  __aeabi_memclr8                 
000038c5  __aeabi_memcpy                  
000038c5  __aeabi_memcpy4                 
000038c5  __aeabi_memcpy8                 
00003559  __aeabi_uidiv                   
00003559  __aeabi_uidivmod                
ffffffff  __binit__                       
0000364d  __cmpsf2                        
0000364d  __eqsf2                         
00003735  __fixsfsi                       
00003599  __floatsisf                     
000035d5  __gesf2                         
000035d5  __gtsf2                         
0000364d  __lesf2                         
0000364d  __ltsf2                         
UNDEFED   __mpu_init                      
00003689  __muldsi3                       
0000305d  __mulsf3                        
0000364d  __nesf2                         
20207e00  __stack                         
20200000  __start___llvm_prf_bits         
20200000  __start___llvm_prf_cnts         
20200000  __stop___llvm_prf_bits          
20200000  __stop___llvm_prf_cnts          
00002c61  __subsf3                        
0000379d  _c_int00_noargs                 
UNDEFED   _system_post_cinit              
000038db  _system_pre_init                
000038cd  abort                           
ffffffff  binit                           
202001bc  gPWM_LEFTBackup                 
20200278  gPWM_RIGHTBackup                
202003b4  g_millis                        
00000000  interruptVectors                
00001ab5  main                            
00002ea1  memcpy                          
000032af  memset                          


GLOBAL SYMBOLS: SORTED BY Symbol Address 

address   name                            
-------   ----                            
00000000  __TI_ATRegion0_region_sz        
00000000  __TI_ATRegion0_src_addr         
00000000  __TI_ATRegion0_trg_addr         
00000000  __TI_ATRegion1_region_sz        
00000000  __TI_ATRegion1_src_addr         
00000000  __TI_ATRegion1_trg_addr         
00000000  __TI_ATRegion2_region_sz        
00000000  __TI_ATRegion2_src_addr         
00000000  __TI_ATRegion2_trg_addr         
00000000  __TI_static_base__              
00000000  interruptVectors                
000000c1  TIMG0_IRQHandler                
00000200  __STACK_SIZE                    
000014c1  AS201_PollBudget                
00001ab5  main                            
0000234d  AS201_EnsureReportConfig        
00002511  GROUP1_IRQHandler               
000026c9  AS201_ISR                       
00002821  AS201_SendCommand               
0000296d  DL_Timer_initFourCCPWMMode      
00002a71  DL_Timer_initTimerMode          
00002b6d  SYSCFG_DL_GPIO_init             
00002c61  __aeabi_fsub                    
00002c61  __subsf3                        
00002c6b  __addsf3                        
00002c6b  __aeabi_fadd                    
00002ea1  memcpy                          
00002f3b  ADC0_IRQHandler                 
00002f3b  ADC1_IRQHandler                 
00002f3b  AES_IRQHandler                  
00002f3b  CANFD0_IRQHandler               
00002f3b  DAC0_IRQHandler                 
00002f3b  DMA_IRQHandler                  
00002f3b  Default_Handler                 
00002f3b  GROUP0_IRQHandler               
00002f3b  HardFault_Handler               
00002f3b  I2C0_IRQHandler                 
00002f3b  I2C1_IRQHandler                 
00002f3b  NMI_Handler                     
00002f3b  PendSV_Handler                  
00002f3b  RTC_IRQHandler                  
00002f3b  SPI0_IRQHandler                 
00002f3b  SPI1_IRQHandler                 
00002f3b  SVC_Handler                     
00002f3b  TIMA0_IRQHandler                
00002f3b  TIMA1_IRQHandler                
00002f3b  TIMG12_IRQHandler               
00002f3b  TIMG6_IRQHandler                
00002f3b  TIMG7_IRQHandler                
00002f3b  TIMG8_IRQHandler                
00002f3b  UART1_IRQHandler                
00002f3b  UART2_IRQHandler                
00002f3b  UART3_IRQHandler                
00002f3d  SYSCFG_DL_PWM_LEFT_init         
00002fcd  SYSCFG_DL_PWM_RIGHT_init        
0000305d  __aeabi_fmul                    
0000305d  __mulsf3                        
000030e9  __TI_decompress_lzss            
000031dd  SYSCFG_DL_UART_GYRO_init        
0000324d  __aeabi_fcmpeq                  
00003261  __aeabi_fcmplt                  
00003275  __aeabi_fcmple                  
00003289  __aeabi_fcmpge                  
0000329d  __aeabi_fcmpgt                  
000032af  memset                          
00003311  SYSCFG_DL_UART_BT_init          
00003371  SYSCFG_DL_initPower             
000033d1  AS201_Init                      
0000342d  __aeabi_idiv                    
0000342d  __aeabi_idivmod                 
00003483  __aeabi_idiv0                   
000034d1  DL_UART_init                    
00003519  SYSCFG_DL_SYSCTL_init           
00003559  __aeabi_uidiv                   
00003559  __aeabi_uidivmod                
00003599  __aeabi_i2f                     
00003599  __floatsisf                     
000035d5  __gesf2                         
000035d5  __gtsf2                         
00003611  __TI_auto_init_nobinit_nopinit  
0000364d  __cmpsf2                        
0000364d  __eqsf2                         
0000364d  __lesf2                         
0000364d  __ltsf2                         
0000364d  __nesf2                         
00003689  __muldsi3                       
000036c5  SYSCFG_DL_TIMER_0_init          
000036fd  SYSCFG_DL_init                  
00003735  __aeabi_f2iz                    
00003735  __fixsfsi                       
0000376d  DL_UART_transmitDataBlocking    
0000379d  _c_int00_noargs                 
000037c5  AS201_HasNewFrame               
000037e5  DL_Timer_setCaptCompUpdateMethod
00003801  DL_Timer_setClockConfig         
0000381d  DL_Timer_setCaptureCompareOutCtl
00003835  __TI_zero_init_nomemset         
0000384b  DL_UART_setClockConfig          
0000385d  __TI_decompress_none            
00003871  DL_Timer_setCaptureCompareValue 
00003881  SysTick_Handler                 
00003891  UART0_IRQHandler                
000038a1  AS201_GetData                   
000038ad  __aeabi_memclr                  
000038ad  __aeabi_memclr4                 
000038ad  __aeabi_memclr8                 
000038b9  DL_Common_delayCycles           
000038c5  __aeabi_memcpy                  
000038c5  __aeabi_memcpy4                 
000038c5  __aeabi_memcpy8                 
000038cd  abort                           
000038d2  C$$EXIT                         
000038d3  HOSTexit                        
000038d7  Reset_Handler                   
000038db  _system_pre_init                
00003944  __TI_Handler_Table_Base         
00003950  __TI_Handler_Table_Limit        
00003958  __TI_CINIT_Base                 
00003968  __TI_CINIT_Limit                
00003968  __TI_CINIT_Warm                 
20200000  __start___llvm_prf_bits         
20200000  __start___llvm_prf_cnts         
20200000  __stop___llvm_prf_bits          
20200000  __stop___llvm_prf_cnts          
202001bc  gPWM_LEFTBackup                 
20200278  gPWM_RIGHTBackup                
202003b4  g_millis                        
20207e00  __stack                         
20208000  __STACK_END                     
ffffffff  __TI_pprof_out_hndl             
ffffffff  __TI_prof_data_size             
ffffffff  __TI_prof_data_start            
ffffffff  __binit__                       
ffffffff  binit                           
UNDEFED   __mpu_init                      
UNDEFED   _system_post_cinit              

[136 symbols]
