******************************************************************************
            TI ARM Clang Linker PC v4.0.4                      
******************************************************************************
>> Linked Wed Jul 15 18:43:46 2026

OUTPUT FILE NAME:   <xiaochexunji duoquan.out>
ENTRY POINT SYMBOL: "_c_int00_noargs"  address: 00001971


MEMORY CONFIGURATION

         name            origin    length      used     unused   attr    fill
----------------------  --------  ---------  --------  --------  ----  --------
  FLASH                 00000000   00020000  00001b20  0001e4e0  R  X
  SRAM                  20200000   00008000  000004a8  00007b58  RW X
  BCR_CONFIG            41c00000   000000ff  00000000  000000ff  R   
  BSL_CONFIG            41c00100   00000080  00000000  00000080  R   


SEGMENT ALLOCATION MAP

run origin  load origin   length   init length attrs members
----------  ----------- ---------- ----------- ----- -------
00000000    00000000    00001b20   00001b20    r-x
  00000000    00000000    000000c0   000000c0    r-- .intvecs
  000000c0    000000c0    000019f8   000019f8    r-x .text
  00001ab8    00001ab8    00000030   00000030    r-- .rodata
  00001ae8    00001ae8    00000038   00000038    r-- .cinit
20200000    20200000    000002a8   00000000    rw-
  20200000    20200000    0000027c   00000000    rw- .bss
  2020027c    2020027c    0000002c   00000000    rw- .data
20207e00    20207e00    00000200   00000000    rw-
  20207e00    20207e00    00000200   00000000    rw- .stack


SECTION ALLOCATION MAP

 output                                  attributes/
section   page    origin      length       input sections
--------  ----  ----------  ----------   ----------------
.intvecs   0    00000000    000000c0     
                  00000000    000000c0     startup_mspm0g350x_ticlang.o (.intvecs)

.text      0    000000c0    000019f8     
                  000000c0    00000568     hlk_as201.o (.text.AS201_Poll)
                  00000628    000004c8     empty.o (.text.TIMG0_IRQHandler)
                  00000af0    0000013c     hlk_as201.o (.text.AS201_SendCommand)
                  00000c2c    00000104     driverlib.a : dl_timer.o (.text.DL_Timer_initFourCCPWMMode)
                  00000d30    000000fc                 : dl_timer.o (.text.DL_Timer_initTimerMode)
                  00000e2c    000000e0     ti_msp_dl_config.o (.text.SYSCFG_DL_PWM_DRIVE_init)
                  00000f0c    000000d8     libclang_rt.builtins.a : addsf3.S.obj (.text)
                  00000fe4    0000009a     libc.a : memcpy16.S.obj (.text:memcpy)
                  0000107e    00000092     hlk_as201.o (.text.AS201_SyncConfig)
                  00001110    0000008c     libclang_rt.builtins.a : mulsf3.S.obj (.text.__mulsf3)
                  0000119c    0000008c     empty.o (.text.motor)
                  00001228    00000084     empty.o (.text.main)
                  000012ac    00000082     libclang_rt.builtins.a : divsf3.S.obj (.text.__divsf3)
                  0000132e    00000002     startup_mspm0g350x_ticlang.o (.text.Default_Handler)
                  00001330    0000007c     ti_msp_dl_config.o (.text.SYSCFG_DL_GPIO_init)
                  000013ac    0000007c     libc.a : copy_decompress_lzss.c.obj (.text:decompress:lzss)
                  00001428    00000070     ti_msp_dl_config.o (.text.SYSCFG_DL_UART_GYRO_init)
                  00001498    00000062     libclang_rt.builtins.a : aeabi_fcmp.S.obj (.text.__aeabi_fcmp)
                  000014fa    00000062     libc.a : memset16.S.obj (.text:memset)
                  0000155c    0000005c     hlk_as201.o (.text.AS201_ISR)
                  000015b8    0000005c     hlk_as201.o (.text.AS201_Init)
                  00001614    00000056     libclang_rt.builtins.a : aeabi_idivmod.S.obj (.text.__aeabi_idivmod)
                  0000166a    00000002                            : aeabi_div0.c.obj (.text.__aeabi_idiv0)
                  0000166c    00000048     driverlib.a : dl_uart.o (.text.DL_UART_init)
                  000016b4    00000048     ti_msp_dl_config.o (.text.SYSCFG_DL_initPower)
                  000016fc    00000040     ti_msp_dl_config.o (.text.SYSCFG_DL_SYSCTL_init)
                  0000173c    00000040     libclang_rt.builtins.a : aeabi_uidivmod.S.obj (.text.__aeabi_uidivmod)
                  0000177c    0000003c                            : floatsisf.S.obj (.text.__floatsisf)
                  000017b8    0000003c                            : comparesf2.S.obj (.text.__gtsf2)
                  000017f4    0000003c     libc.a : autoinit.c.obj (.text:__TI_auto_init_nobinit_nopinit)
                  00001830    0000003a     libclang_rt.builtins.a : comparesf2.S.obj (.text.__eqsf2)
                  0000186a    00000002     --HOLE-- [fill = 0]
                  0000186c    0000003a                            : muldsi3.S.obj (.text.__muldsi3)
                  000018a6    00000002     --HOLE-- [fill = 0]
                  000018a8    00000038     ti_msp_dl_config.o (.text.SYSCFG_DL_TIMER_0_init)
                  000018e0    00000038     libclang_rt.builtins.a : fixsfsi.S.obj (.text.__fixsfsi)
                  00001918    00000030     driverlib.a : dl_uart.o (.text.DL_UART_transmitDataBlocking)
                  00001948    00000028     ti_msp_dl_config.o (.text.SYSCFG_DL_init)
                  00001970    00000028     libc.a : boot_cortex_m.c.obj (.text:_c_int00_noargs)
                  00001998    0000001e     hlk_as201.o (.text.AS201_HasNewFrame)
                  000019b6    00000002     --HOLE-- [fill = 0]
                  000019b8    0000001c     driverlib.a : dl_timer.o (.text.DL_Timer_setCaptCompUpdateMethod)
                  000019d4    0000001c                 : dl_timer.o (.text.DL_Timer_setClockConfig)
                  000019f0    00000018                 : dl_timer.o (.text.DL_Timer_setCaptureCompareOutCtl)
                  00001a08    00000016     libc.a : copy_zero_init.c.obj (.text:decompress:ZI:__TI_zero_init_nomemset)
                  00001a1e    00000012     driverlib.a : dl_uart.o (.text.DL_UART_setClockConfig)
                  00001a30    00000012     libc.a : copy_decompress_none.c.obj (.text:decompress:none)
                  00001a42    00000002     --HOLE-- [fill = 0]
                  00001a44    00000010     driverlib.a : dl_timer.o (.text.DL_Timer_setCaptureCompareValue)
                  00001a54    00000010     empty.o (.text.SysTick_Handler)
                  00001a64    00000010     empty.o (.text.UART1_IRQHandler)
                  00001a74    0000000c     hlk_as201.o (.text.AS201_GetData)
                  00001a80    0000000c     libclang_rt.builtins.a : aeabi_memset.S.obj (.text.__aeabi_memclr)
                  00001a8c    0000000a     driverlib.a : dl_common.o (.text.DL_Common_delayCycles)
                  00001a96    00000002     --HOLE-- [fill = 0]
                  00001a98    00000008     libclang_rt.builtins.a : aeabi_memcpy.S.obj (.text.__aeabi_memcpy)
                  00001aa0    00000006     libc.a : exit.c.obj (.text:abort)
                  00001aa6    00000004     libsysbm.a : hostexit.c.obj (.text.HOSTexit)
                  00001aaa    00000004     startup_mspm0g350x_ticlang.o (.text.Reset_Handler)
                  00001aae    00000004     libc.a : pre_init.c.obj (.text._system_pre_init)
                  00001ab2    00000006     --HOLE-- [fill = 0]

.cinit     0    00001ae8    00000038     
                  00001ae8    0000000f     (.cinit..data.load) [load image, compression = lzss]
                  00001af7    00000001     --HOLE-- [fill = 0]
                  00001af8    0000000c     (__TI_handler_table)
                  00001b04    00000008     (.cinit..bss.load) [load image, compression = zero_init]
                  00001b0c    00000010     (__TI_cinit_table)
                  00001b1c    00000004     --HOLE-- [fill = 0]

.rodata    0    00001ab8    00000030     
                  00001ab8    00000014     ti_msp_dl_config.o (.rodata.gTIMER_0TimerConfig)
                  00001acc    0000000a     ti_msp_dl_config.o (.rodata.gUART_GYROConfig)
                  00001ad6    00000002     ti_msp_dl_config.o (.rodata.gUART_GYROClockConfig)
                  00001ad8    00000008     ti_msp_dl_config.o (.rodata.gPWM_DRIVEConfig)
                  00001ae0    00000003     ti_msp_dl_config.o (.rodata.gPWM_DRIVEClockConfig)
                  00001ae3    00000003     ti_msp_dl_config.o (.rodata.gTIMER_0ClockConfig)
                  00001ae6    00000002     --HOLE-- [fill = 0]

.init_array 
*          0    00000000    00000000     UNINITIALIZED

.binit     0    00000000    00000000     

.bss       0    20200000    0000027c     UNINITIALIZED
                  20200000    000001b8     empty.o (.bss.g_gyro)
                  202001b8    000000bc     (.common:gPWM_DRIVEBackup)
                  20200274    00000008     empty.o (.bss.sensor)

.data      0    2020027c    0000002c     UNINITIALIZED
                  2020027c    00000004     empty.o (.data.corner_unlock)
                  20200280    00000004     empty.o (.data.g_millis)
                  20200284    00000004     empty.o (.data.gyro_gz)
                  20200288    00000004     empty.o (.data.gyro_last_cnt)
                  2020028c    00000004     empty.o (.data.gyro_last_ms)
                  20200290    00000004     empty.o (.data.pivot_dir)
                  20200294    00000004     empty.o (.data.pivot_t_end)
                  20200298    00000004     empty.o (.data.pivot_unlock)
                  2020029c    00000004     empty.o (.data.turn_accum_deg)
                  202002a0    00000002     empty.o (.data.corner_count)
                  202002a2    00000001     empty.o (.data.car_stopped)
                  202002a3    00000001     empty.o (.data.finishing)
                  202002a4    00000001     empty.o (.data.gyro_ok)
                  202002a5    00000001     empty.o (.data.last_err)
                  202002a6    00000001     empty.o (.data.pivot_state)
                  202002a7    00000001     empty.o (.data.scan_ch)

.stack     0    20207e00    00000200     UNINITIALIZED
                  20207e00    00000004     libc.a : boot_cortex_m.c.obj (.stack)
                  20207e04    000001fc     --HOLE--

__llvm_prf_cnts 
*          0    20200000    00000000     UNINITIALIZED

__llvm_prf_bits 
*          0    20200000    00000000     UNINITIALIZED

MODULE SUMMARY

       Module                         code   ro data   rw data
       ------                         ----   -------   -------
    .\
       hlk_as201.o                    2072   0         0      
       empty.o                        1528   0         492    
       ti_msp_dl_config.o             692    46        188    
       startup_mspm0g350x_ticlang.o   6      192       0      
    +--+------------------------------+------+---------+---------+
       Total:                         4298   238       680    
                                                              
    C:/ti/mspm0_sdk_2_10_00_04/source/ti/driverlib/lib/ticlang/m0p/mspm0g1x0x_g3x0x/driverlib.a
       dl_timer.o                     608    0         0      
       dl_uart.o                      138    0         0      
       dl_common.o                    10     0         0      
    +--+------------------------------+------+---------+---------+
       Total:                         756    0         0      
                                                              
    C:\ti\ccs2051\ccs\tools\compiler\ti-cgt-armllvm_4.0.4.LTS\lib\armv6m-ti-none-eabi/c/libc.a
       memcpy16.S.obj                 154    0         0      
       copy_decompress_lzss.c.obj     124    0         0      
       memset16.S.obj                 98     0         0      
       autoinit.c.obj                 60     0         0      
       boot_cortex_m.c.obj            40     0         0      
       copy_zero_init.c.obj           22     0         0      
       copy_decompress_none.c.obj     18     0         0      
       exit.c.obj                     6      0         0      
       pre_init.c.obj                 4      0         0      
    +--+------------------------------+------+---------+---------+
       Total:                         526    0         0      
                                                              
    C:\ti\ccs2051\ccs\tools\compiler\ti-cgt-armllvm_4.0.4.LTS\lib\armv6m-ti-none-eabi/c/libsysbm.a
       hostexit.c.obj                 4      0         0      
    +--+------------------------------+------+---------+---------+
       Total:                         4      0         0      
                                                              
    C:\ti\ccs2051\ccs\tools\compiler\ti-cgt-armllvm_4.0.4.LTS\lib\armv6m-ti-none-eabi/libclang_rt.builtins.a
       addsf3.S.obj                   216    0         0      
       mulsf3.S.obj                   140    0         0      
       divsf3.S.obj                   130    0         0      
       comparesf2.S.obj               118    0         0      
       aeabi_fcmp.S.obj               98     0         0      
       aeabi_idivmod.S.obj            86     0         0      
       aeabi_uidivmod.S.obj           64     0         0      
       floatsisf.S.obj                60     0         0      
       muldsi3.S.obj                  58     0         0      
       fixsfsi.S.obj                  56     0         0      
       aeabi_memset.S.obj             12     0         0      
       aeabi_memcpy.S.obj             8      0         0      
       aeabi_div0.c.obj               2      0         0      
    +--+------------------------------+------+---------+---------+
       Total:                         1048   0         0      
                                                              
       Stack:                         0      0         512    
       Linker Generated:              0      51        0      
    +--+------------------------------+------+---------+---------+
       Grand Total:                   6632   289       1192   


LINKER GENERATED COPY TABLES

__TI_cinit_table @ 00001b0c records: 2, size/record: 8, table size: 16
	.data: load addr=00001ae8, load size=0000000f bytes, run addr=2020027c, run size=0000002c bytes, compression=lzss
	.bss: load addr=00001b04, load size=00000008 bytes, run addr=20200000, run size=0000027c bytes, compression=zero_init


LINKER GENERATED HANDLER TABLE

__TI_handler_table @ 00001af8 records: 3, size/record: 4, table size: 12
	index: 0, handler: __TI_decompress_lzss
	index: 1, handler: __TI_decompress_none
	index: 2, handler: __TI_zero_init


GLOBAL SYMBOLS: SORTED ALPHABETICALLY BY Name 

address   name                            
-------   ----                            
0000132f  ADC0_IRQHandler                 
0000132f  ADC1_IRQHandler                 
0000132f  AES_IRQHandler                  
00001a75  AS201_GetData                   
00001999  AS201_HasNewFrame               
0000155d  AS201_ISR                       
000015b9  AS201_Init                      
000000c1  AS201_Poll                      
00000af1  AS201_SendCommand               
0000107f  AS201_SyncConfig                
00001aa6  C$$EXIT                         
0000132f  CANFD0_IRQHandler               
0000132f  DAC0_IRQHandler                 
00001a8d  DL_Common_delayCycles           
00000c2d  DL_Timer_initFourCCPWMMode      
00000d31  DL_Timer_initTimerMode          
000019b9  DL_Timer_setCaptCompUpdateMethod
000019f1  DL_Timer_setCaptureCompareOutCtl
00001a45  DL_Timer_setCaptureCompareValue 
000019d5  DL_Timer_setClockConfig         
0000166d  DL_UART_init                    
00001a1f  DL_UART_setClockConfig          
00001919  DL_UART_transmitDataBlocking    
0000132f  DMA_IRQHandler                  
0000132f  Default_Handler                 
0000132f  GROUP0_IRQHandler               
0000132f  GROUP1_IRQHandler               
00001aa7  HOSTexit                        
0000132f  HardFault_Handler               
0000132f  I2C0_IRQHandler                 
0000132f  I2C1_IRQHandler                 
0000132f  NMI_Handler                     
0000132f  PendSV_Handler                  
0000132f  RTC_IRQHandler                  
00001aab  Reset_Handler                   
0000132f  SPI0_IRQHandler                 
0000132f  SPI1_IRQHandler                 
0000132f  SVC_Handler                     
00001331  SYSCFG_DL_GPIO_init             
00000e2d  SYSCFG_DL_PWM_DRIVE_init        
000016fd  SYSCFG_DL_SYSCTL_init           
000018a9  SYSCFG_DL_TIMER_0_init          
00001429  SYSCFG_DL_UART_GYRO_init        
00001949  SYSCFG_DL_init                  
000016b5  SYSCFG_DL_initPower             
00001a55  SysTick_Handler                 
0000132f  TIMA0_IRQHandler                
0000132f  TIMA1_IRQHandler                
00000629  TIMG0_IRQHandler                
0000132f  TIMG12_IRQHandler               
0000132f  TIMG6_IRQHandler                
0000132f  TIMG7_IRQHandler                
0000132f  TIMG8_IRQHandler                
0000132f  UART0_IRQHandler                
00001a65  UART1_IRQHandler                
0000132f  UART2_IRQHandler                
0000132f  UART3_IRQHandler                
20208000  __STACK_END                     
00000200  __STACK_SIZE                    
00000000  __TI_ATRegion0_region_sz        
00000000  __TI_ATRegion0_src_addr         
00000000  __TI_ATRegion0_trg_addr         
00000000  __TI_ATRegion1_region_sz        
00000000  __TI_ATRegion1_src_addr         
00000000  __TI_ATRegion1_trg_addr         
00000000  __TI_ATRegion2_region_sz        
00000000  __TI_ATRegion2_src_addr         
00000000  __TI_ATRegion2_trg_addr         
00001b0c  __TI_CINIT_Base                 
00001b1c  __TI_CINIT_Limit                
00001b1c  __TI_CINIT_Warm                 
00001af8  __TI_Handler_Table_Base         
00001b04  __TI_Handler_Table_Limit        
000017f5  __TI_auto_init_nobinit_nopinit  
000013ad  __TI_decompress_lzss            
00001a31  __TI_decompress_none            
ffffffff  __TI_pprof_out_hndl             
ffffffff  __TI_prof_data_size             
ffffffff  __TI_prof_data_start            
00000000  __TI_static_base__              
00001a09  __TI_zero_init_nomemset         
00000f17  __addsf3                        
000018e1  __aeabi_f2iz                    
00000f17  __aeabi_fadd                    
00001499  __aeabi_fcmpeq                  
000014d5  __aeabi_fcmpge                  
000014e9  __aeabi_fcmpgt                  
000014c1  __aeabi_fcmple                  
000014ad  __aeabi_fcmplt                  
000012ad  __aeabi_fdiv                    
00001111  __aeabi_fmul                    
00000f0d  __aeabi_fsub                    
0000177d  __aeabi_i2f                     
00001615  __aeabi_idiv                    
0000166b  __aeabi_idiv0                   
00001615  __aeabi_idivmod                 
00001a81  __aeabi_memclr                  
00001a81  __aeabi_memclr4                 
00001a81  __aeabi_memclr8                 
00001a99  __aeabi_memcpy                  
00001a99  __aeabi_memcpy4                 
00001a99  __aeabi_memcpy8                 
0000173d  __aeabi_uidiv                   
0000173d  __aeabi_uidivmod                
ffffffff  __binit__                       
00001831  __cmpsf2                        
000012ad  __divsf3                        
00001831  __eqsf2                         
000018e1  __fixsfsi                       
0000177d  __floatsisf                     
000017b9  __gesf2                         
000017b9  __gtsf2                         
00001831  __lesf2                         
00001831  __ltsf2                         
UNDEFED   __mpu_init                      
0000186d  __muldsi3                       
00001111  __mulsf3                        
00001831  __nesf2                         
20207e00  __stack                         
20200000  __start___llvm_prf_bits         
20200000  __start___llvm_prf_cnts         
20200000  __stop___llvm_prf_bits          
20200000  __stop___llvm_prf_cnts          
00000f0d  __subsf3                        
00001971  _c_int00_noargs                 
UNDEFED   _system_post_cinit              
00001aaf  _system_pre_init                
00001aa1  abort                           
ffffffff  binit                           
202001b8  gPWM_DRIVEBackup                
20200280  g_millis                        
00000000  interruptVectors                
00001229  main                            
00000fe5  memcpy                          
000014fb  memset                          


GLOBAL SYMBOLS: SORTED BY Symbol Address 

address   name                            
-------   ----                            
00000000  __TI_ATRegion0_region_sz        
00000000  __TI_ATRegion0_src_addr         
00000000  __TI_ATRegion0_trg_addr         
00000000  __TI_ATRegion1_region_sz        
00000000  __TI_ATRegion1_src_addr         
00000000  __TI_ATRegion1_trg_addr         
00000000  __TI_ATRegion2_region_sz        
00000000  __TI_ATRegion2_src_addr         
00000000  __TI_ATRegion2_trg_addr         
00000000  __TI_static_base__              
00000000  interruptVectors                
000000c1  AS201_Poll                      
00000200  __STACK_SIZE                    
00000629  TIMG0_IRQHandler                
00000af1  AS201_SendCommand               
00000c2d  DL_Timer_initFourCCPWMMode      
00000d31  DL_Timer_initTimerMode          
00000e2d  SYSCFG_DL_PWM_DRIVE_init        
00000f0d  __aeabi_fsub                    
00000f0d  __subsf3                        
00000f17  __addsf3                        
00000f17  __aeabi_fadd                    
00000fe5  memcpy                          
0000107f  AS201_SyncConfig                
00001111  __aeabi_fmul                    
00001111  __mulsf3                        
00001229  main                            
000012ad  __aeabi_fdiv                    
000012ad  __divsf3                        
0000132f  ADC0_IRQHandler                 
0000132f  ADC1_IRQHandler                 
0000132f  AES_IRQHandler                  
0000132f  CANFD0_IRQHandler               
0000132f  DAC0_IRQHandler                 
0000132f  DMA_IRQHandler                  
0000132f  Default_Handler                 
0000132f  GROUP0_IRQHandler               
0000132f  GROUP1_IRQHandler               
0000132f  HardFault_Handler               
0000132f  I2C0_IRQHandler                 
0000132f  I2C1_IRQHandler                 
0000132f  NMI_Handler                     
0000132f  PendSV_Handler                  
0000132f  RTC_IRQHandler                  
0000132f  SPI0_IRQHandler                 
0000132f  SPI1_IRQHandler                 
0000132f  SVC_Handler                     
0000132f  TIMA0_IRQHandler                
0000132f  TIMA1_IRQHandler                
0000132f  TIMG12_IRQHandler               
0000132f  TIMG6_IRQHandler                
0000132f  TIMG7_IRQHandler                
0000132f  TIMG8_IRQHandler                
0000132f  UART0_IRQHandler                
0000132f  UART2_IRQHandler                
0000132f  UART3_IRQHandler                
00001331  SYSCFG_DL_GPIO_init             
000013ad  __TI_decompress_lzss            
00001429  SYSCFG_DL_UART_GYRO_init        
00001499  __aeabi_fcmpeq                  
000014ad  __aeabi_fcmplt                  
000014c1  __aeabi_fcmple                  
000014d5  __aeabi_fcmpge                  
000014e9  __aeabi_fcmpgt                  
000014fb  memset                          
0000155d  AS201_ISR                       
000015b9  AS201_Init                      
00001615  __aeabi_idiv                    
00001615  __aeabi_idivmod                 
0000166b  __aeabi_idiv0                   
0000166d  DL_UART_init                    
000016b5  SYSCFG_DL_initPower             
000016fd  SYSCFG_DL_SYSCTL_init           
0000173d  __aeabi_uidiv                   
0000173d  __aeabi_uidivmod                
0000177d  __aeabi_i2f                     
0000177d  __floatsisf                     
000017b9  __gesf2                         
000017b9  __gtsf2                         
000017f5  __TI_auto_init_nobinit_nopinit  
00001831  __cmpsf2                        
00001831  __eqsf2                         
00001831  __lesf2                         
00001831  __ltsf2                         
00001831  __nesf2                         
0000186d  __muldsi3                       
000018a9  SYSCFG_DL_TIMER_0_init          
000018e1  __aeabi_f2iz                    
000018e1  __fixsfsi                       
00001919  DL_UART_transmitDataBlocking    
00001949  SYSCFG_DL_init                  
00001971  _c_int00_noargs                 
00001999  AS201_HasNewFrame               
000019b9  DL_Timer_setCaptCompUpdateMethod
000019d5  DL_Timer_setClockConfig         
000019f1  DL_Timer_setCaptureCompareOutCtl
00001a09  __TI_zero_init_nomemset         
00001a1f  DL_UART_setClockConfig          
00001a31  __TI_decompress_none            
00001a45  DL_Timer_setCaptureCompareValue 
00001a55  SysTick_Handler                 
00001a65  UART1_IRQHandler                
00001a75  AS201_GetData                   
00001a81  __aeabi_memclr                  
00001a81  __aeabi_memclr4                 
00001a81  __aeabi_memclr8                 
00001a8d  DL_Common_delayCycles           
00001a99  __aeabi_memcpy                  
00001a99  __aeabi_memcpy4                 
00001a99  __aeabi_memcpy8                 
00001aa1  abort                           
00001aa6  C$$EXIT                         
00001aa7  HOSTexit                        
00001aab  Reset_Handler                   
00001aaf  _system_pre_init                
00001af8  __TI_Handler_Table_Base         
00001b04  __TI_Handler_Table_Limit        
00001b0c  __TI_CINIT_Base                 
00001b1c  __TI_CINIT_Limit                
00001b1c  __TI_CINIT_Warm                 
20200000  __start___llvm_prf_bits         
20200000  __start___llvm_prf_cnts         
20200000  __stop___llvm_prf_bits          
20200000  __stop___llvm_prf_cnts          
202001b8  gPWM_DRIVEBackup                
20200280  g_millis                        
20207e00  __stack                         
20208000  __STACK_END                     
ffffffff  __TI_pprof_out_hndl             
ffffffff  __TI_prof_data_size             
ffffffff  __TI_prof_data_start            
ffffffff  __binit__                       
ffffffff  binit                           
UNDEFED   __mpu_init                      
UNDEFED   _system_post_cinit              

[135 symbols]
