******************************************************************************
            TI ARM Clang Linker PC v4.0.4                      
******************************************************************************
>> Linked Mon Jul 20 14:52:28 2026

OUTPUT FILE NAME:   <xiaochexunji duoquan.out>
ENTRY POINT SYMBOL: "_c_int00_noargs"  address: 00003299


MEMORY CONFIGURATION

         name            origin    length      used     unused   attr    fill
----------------------  --------  ---------  --------  --------  ----  --------
  FLASH                 00000000   00020000  00003460  0001cba0  R  X
  SRAM                  20200000   00008000  0000061c  000079e4  RW X
  BCR_CONFIG            41c00000   000000ff  00000000  000000ff  R   
  BSL_CONFIG            41c00100   00000080  00000000  00000080  R   


SEGMENT ALLOCATION MAP

run origin  load origin   length   init length attrs members
----------  ----------- ---------- ----------- ----- -------
00000000    00000000    00003460   00003460    r-x
  00000000    00000000    000000c0   000000c0    r-- .intvecs
  000000c0    000000c0    00003320   00003320    r-x .text
  000033e0    000033e0    00000048   00000048    r-- .rodata
  00003428    00003428    00000038   00000038    r-- .cinit
20200000    20200000    0000041c   00000000    rw-
  20200000    20200000    0000037c   00000000    rw- .bss
  2020037c    2020037c    000000a0   00000000    rw- .data
20207e00    20207e00    00000200   00000000    rw-
  20207e00    20207e00    00000200   00000000    rw- .stack


SECTION ALLOCATION MAP

 output                                  attributes/
section   page    origin      length       input sections
--------  ----  ----------  ----------   ----------------
.intvecs   0    00000000    000000c0     
                  00000000    000000c0     startup_mspm0g350x_ticlang.o (.intvecs)

.text      0    000000c0    00003320     
                  000000c0    00000ebc     empty.o (.text.TIMG0_IRQHandler)
                  00000f7c    000005f4     hlk_as201.o (.text.AS201_PollBudget)
                  00001570    00000404     empty.o (.text.main)
                  00001974    00000244     empty.o (.text.motor)
                  00001bb8    00000244     empty.o (.text.speed_update_wheel)
                  00001dfc    00000214     empty.o (.text.GROUP1_IRQHandler)
                  00002010    000001c4     hlk_as201.o (.text.AS201_EnsureReportConfig)
                  000021d4    00000158     hlk_as201.o (.text.AS201_ISR)
                  0000232c    0000014c     hlk_as201.o (.text.AS201_SendCommand)
                  00002478    0000011c     ti_msp_dl_config.o (.text.SYSCFG_DL_GPIO_init)
                  00002594    00000104     driverlib.a : dl_timer.o (.text.DL_Timer_initFourCCPWMMode)
                  00002698    000000fc                 : dl_timer.o (.text.DL_Timer_initTimerMode)
                  00002794    000000d8     libclang_rt.builtins.a : addsf3.S.obj (.text)
                  0000286c    000000ac     empty.o (.text.bt_puti)
                  00002918    0000009a     libc.a : memcpy16.S.obj (.text:memcpy)
                  000029b2    00000002     startup_mspm0g350x_ticlang.o (.text.Default_Handler)
                  000029b4    00000090     ti_msp_dl_config.o (.text.SYSCFG_DL_PWM_LEFT_init)
                  00002a44    00000090     ti_msp_dl_config.o (.text.SYSCFG_DL_PWM_RIGHT_init)
                  00002ad4    0000008c     libclang_rt.builtins.a : mulsf3.S.obj (.text.__mulsf3)
                  00002b60    00000082                            : divsf3.S.obj (.text.__divsf3)
                  00002be2    00000002                            : aeabi_div0.c.obj (.text.__aeabi_idiv0)
                  00002be4    0000007c     libc.a : copy_decompress_lzss.c.obj (.text:decompress:lzss)
                  00002c60    00000078     empty.o (.text.bt_putf1)
                  00002cd8    00000070     ti_msp_dl_config.o (.text.SYSCFG_DL_UART_GYRO_init)
                  00002d48    00000062     libclang_rt.builtins.a : aeabi_fcmp.S.obj (.text.__aeabi_fcmp)
                  00002daa    00000062     libc.a : memset16.S.obj (.text:memset)
                  00002e0c    00000060     ti_msp_dl_config.o (.text.SYSCFG_DL_UART_BT_init)
                  00002e6c    00000060     ti_msp_dl_config.o (.text.SYSCFG_DL_initPower)
                  00002ecc    0000005c     hlk_as201.o (.text.AS201_Init)
                  00002f28    00000056     libclang_rt.builtins.a : aeabi_idivmod.S.obj (.text.__aeabi_idivmod)
                  00002f7e    00000002     --HOLE-- [fill = 0]
                  00002f80    0000004c     empty.o (.text.yaw_delta_deg)
                  00002fcc    00000048     driverlib.a : dl_uart.o (.text.DL_UART_init)
                  00003014    00000040     ti_msp_dl_config.o (.text.SYSCFG_DL_SYSCTL_init)
                  00003054    00000040     libclang_rt.builtins.a : aeabi_uidivmod.S.obj (.text.__aeabi_uidivmod)
                  00003094    0000003c                            : floatsisf.S.obj (.text.__floatsisf)
                  000030d0    0000003c                            : comparesf2.S.obj (.text.__gtsf2)
                  0000310c    0000003c     libc.a : autoinit.c.obj (.text:__TI_auto_init_nobinit_nopinit)
                  00003148    0000003a     libclang_rt.builtins.a : comparesf2.S.obj (.text.__eqsf2)
                  00003182    00000002     --HOLE-- [fill = 0]
                  00003184    0000003a                            : muldsi3.S.obj (.text.__muldsi3)
                  000031be    00000002     --HOLE-- [fill = 0]
                  000031c0    00000038     ti_msp_dl_config.o (.text.SYSCFG_DL_TIMER_0_init)
                  000031f8    00000038     ti_msp_dl_config.o (.text.SYSCFG_DL_init)
                  00003230    00000038     libclang_rt.builtins.a : fixsfsi.S.obj (.text.__fixsfsi)
                  00003268    00000030     driverlib.a : dl_uart.o (.text.DL_UART_transmitDataBlocking)
                  00003298    00000028     libc.a : boot_cortex_m.c.obj (.text:_c_int00_noargs)
                  000032c0    0000001e     hlk_as201.o (.text.AS201_HasNewFrame)
                  000032de    00000002     --HOLE-- [fill = 0]
                  000032e0    0000001c     driverlib.a : dl_timer.o (.text.DL_Timer_setCaptCompUpdateMethod)
                  000032fc    0000001c                 : dl_timer.o (.text.DL_Timer_setClockConfig)
                  00003318    00000018                 : dl_timer.o (.text.DL_Timer_setCaptureCompareOutCtl)
                  00003330    00000016     libc.a : copy_zero_init.c.obj (.text:decompress:ZI:__TI_zero_init_nomemset)
                  00003346    00000012     driverlib.a : dl_uart.o (.text.DL_UART_setClockConfig)
                  00003358    00000012     libc.a : copy_decompress_none.c.obj (.text:decompress:none)
                  0000336a    00000002     --HOLE-- [fill = 0]
                  0000336c    00000010     driverlib.a : dl_timer.o (.text.DL_Timer_setCaptureCompareValue)
                  0000337c    00000010     empty.o (.text.SysTick_Handler)
                  0000338c    00000010     empty.o (.text.UART0_IRQHandler)
                  0000339c    0000000c     hlk_as201.o (.text.AS201_GetData)
                  000033a8    0000000c     libclang_rt.builtins.a : aeabi_memset.S.obj (.text.__aeabi_memclr)
                  000033b4    0000000a     driverlib.a : dl_common.o (.text.DL_Common_delayCycles)
                  000033be    00000002     --HOLE-- [fill = 0]
                  000033c0    00000008     libclang_rt.builtins.a : aeabi_memcpy.S.obj (.text.__aeabi_memcpy)
                  000033c8    00000006     libc.a : exit.c.obj (.text:abort)
                  000033ce    00000004     libsysbm.a : hostexit.c.obj (.text.HOSTexit)
                  000033d2    00000004     startup_mspm0g350x_ticlang.o (.text.Reset_Handler)
                  000033d6    00000004     libc.a : pre_init.c.obj (.text._system_pre_init)
                  000033da    00000006     --HOLE-- [fill = 0]

.cinit     0    00003428    00000038     
                  00003428    0000000e     (.cinit..data.load) [load image, compression = lzss]
                  00003436    00000002     --HOLE-- [fill = 0]
                  00003438    0000000c     (__TI_handler_table)
                  00003444    00000008     (.cinit..bss.load) [load image, compression = zero_init]
                  0000344c    00000010     (__TI_cinit_table)
                  0000345c    00000004     --HOLE-- [fill = 0]

.rodata    0    000033e0    00000048     
                  000033e0    00000014     ti_msp_dl_config.o (.rodata.gTIMER_0TimerConfig)
                  000033f4    0000000a     ti_msp_dl_config.o (.rodata.gUART_BTConfig)
                  000033fe    0000000a     ti_msp_dl_config.o (.rodata.gUART_GYROConfig)
                  00003408    00000008     ti_msp_dl_config.o (.rodata.gPWM_LEFTConfig)
                  00003410    00000008     ti_msp_dl_config.o (.rodata.gPWM_RIGHTConfig)
                  00003418    00000003     ti_msp_dl_config.o (.rodata.gPWM_LEFTClockConfig)
                  0000341b    00000003     ti_msp_dl_config.o (.rodata.gPWM_RIGHTClockConfig)
                  0000341e    00000003     ti_msp_dl_config.o (.rodata.gTIMER_0ClockConfig)
                  00003421    00000002     ti_msp_dl_config.o (.rodata.gUART_BTClockConfig)
                  00003423    00000002     ti_msp_dl_config.o (.rodata.gUART_GYROClockConfig)
                  00003425    00000003     --HOLE-- [fill = 0]

.init_array 
*          0    00000000    00000000     UNINITIALIZED

.binit     0    00000000    00000000     

.bss       0    20200000    0000037c     UNINITIALIZED
                  20200000    000001bc     empty.o (.bss.g_gyro)
                  202001bc    000000bc     (.common:gPWM_LEFTBackup)
                  20200278    000000bc     (.common:gPWM_RIGHTBackup)
                  20200334    00000020     empty.o (.bss.speed_left)
                  20200354    00000020     empty.o (.bss.speed_right)
                  20200374    00000008     empty.o (.bss.sensor)

.data      0    2020037c    000000a0     UNINITIALIZED
                  2020037c    00000004     empty.o (.data.dbg_gz)
                  20200380    00000004     empty.o (.data.dbg_l_measured)
                  20200384    00000004     empty.o (.data.dbg_l_pwm)
                  20200388    00000004     empty.o (.data.dbg_l_target)
                  2020038c    00000004     empty.o (.data.dbg_r_measured)
                  20200390    00000004     empty.o (.data.dbg_r_pwm)
                  20200394    00000004     empty.o (.data.dbg_r_target)
                  20200398    00000004     empty.o (.data.dbg_turns)
                  2020039c    00000004     empty.o (.data.dbg_yaw)
                  202003a0    00000004     empty.o (.data.encoder_left_invalid)
                  202003a4    00000004     empty.o (.data.encoder_left_window)
                  202003a8    00000004     empty.o (.data.encoder_right_invalid)
                  202003ac    00000004     empty.o (.data.encoder_right_window)
                  202003b0    00000004     empty.o (.data.finish_not_before)
                  202003b4    00000004     empty.o (.data.g_millis)
                  202003b8    00000004     empty.o (.data.gyro_gz)
                  202003bc    00000004     empty.o (.data.gyro_last_cnt)
                  202003c0    00000004     empty.o (.data.gyro_last_ms)
                  202003c4    00000004     empty.o (.data.gyro_yaw)
                  202003c8    00000004     empty.o (.data.pivot_dir)
                  202003cc    00000004     empty.o (.data.pivot_t_end)
                  202003d0    00000004     empty.o (.data.pivot_turn_start_ms)
                  202003d4    00000004     empty.o (.data.pivot_unlock)
                  202003d8    00000004     empty.o (.data.turn_abs_deg)
                  202003dc    00000004     empty.o (.data.turn_accum_deg)
                  202003e0    00000004     empty.o (.data.turn_last_frame)
                  202003e4    00000004     empty.o (.data.turn_last_yaw)
                  202003e8    00000004     empty.o (.data.turn_reverse_deg)
                  202003ec    00000004     empty.o (.data.turn_yaw_probe_deg)
                  202003f0    00000002     empty.o (.data.corner_count)
                  202003f2    00000002     empty.o (.data.dbg_corner_count)
                  202003f4    00000002     empty.o (.data.dbg_line_lost_ticks)
                  202003f6    00000002     empty.o (.data.line_lost_ticks)
                  202003f8    00000001     empty.o (.data.TIMG0_IRQHandler.dbg_div)
                  202003f9    00000001     empty.o (.data.car_stopped)
                  202003fa    00000001     empty.o (.data.corner_armed)
                  202003fb    00000001     empty.o (.data.corner_pending)
                  202003fc    00000001     empty.o (.data.corner_rearm_ticks)
                  202003fd    00000001     empty.o (.data.dbg_encoder_state)
                  202003fe    00000001     empty.o (.data.dbg_ok)
                  202003ff    00000001     empty.o (.data.dbg_ready)
                  20200400    00000001     empty.o (.data.dbg_sensor_mask)
                  20200401    00000001     empty.o (.data.encoder_left_state)
                  20200402    00000001     empty.o (.data.encoder_right_state)
                  20200403    00000001     empty.o (.data.finish_straight_ticks)
                  20200404    00000001     empty.o (.data.finishing)
                  20200405    00000001     empty.o (.data.gyro_filter_ready)
                  20200406    00000001     empty.o (.data.gyro_ok)
                  20200407    00000001     empty.o (.data.gyro_turn_polarity)
                  20200408    00000001     empty.o (.data.last_err)
                  20200409    00000001     empty.o (.data.line_recover_ticks)
                  2020040a    00000001     empty.o (.data.line_search_dir)
                  2020040b    00000001     empty.o (.data.outer_candidate_dir)
                  2020040c    00000001     empty.o (.data.outer_confirm_ticks)
                  2020040d    00000001     empty.o (.data.pivot_state)
                  2020040e    00000001     empty.o (.data.scan_ch)
                  2020040f    00000001     empty.o (.data.sharp_candidate_dir)
                  20200410    00000001     empty.o (.data.sharp_err_ticks)
                  20200411    00000001     empty.o (.data.speed_control_tick.divider)
                  20200412    00000001     empty.o (.data.speed_feedback_suspended)
                  20200413    00000001     empty.o (.data.turn_boost_active)
                  20200414    00000001     empty.o (.data.turn_center_hits)
                  20200415    00000001     empty.o (.data.turn_line_departed)
                  20200416    00000001     empty.o (.data.turn_stall_ticks)
                  20200417    00000001     empty.o (.data.turn_wrong_way)
                  20200418    00000001     empty.o (.data.turn_yaw_probe_hits)
                  20200419    00000001     empty.o (.data.turn_yaw_probe_sign)
                  2020041a    00000001     empty.o (.data.turn_yaw_ready)
                  2020041b    00000001     empty.o (.data.turn_yaw_sign)

.stack     0    20207e00    00000200     UNINITIALIZED
                  20207e00    00000004     libc.a : boot_cortex_m.c.obj (.stack)
                  20207e04    000001fc     --HOLE--

__llvm_prf_cnts 
*          0    20200000    00000000     UNINITIALIZED

__llvm_prf_bits 
*          0    20200000    00000000     UNINITIALIZED

MODULE SUMMARY

       Module                         code    ro data   rw data
       ------                         ----    -------   -------
    .\
       empty.o                        6892    0         676    
       hlk_as201.o                    2786    0         0      
       ti_msp_dl_config.o             1052    69        376    
       startup_mspm0g350x_ticlang.o   6       192       0      
    +--+------------------------------+-------+---------+---------+
       Total:                         10736   261       1052   
                                                               
    C:/ti/mspm0_sdk_2_10_00_04/source/ti/driverlib/lib/ticlang/m0p/mspm0g1x0x_g3x0x/driverlib.a
       dl_timer.o                     608     0         0      
       dl_uart.o                      138     0         0      
       dl_common.o                    10      0         0      
    +--+------------------------------+-------+---------+---------+
       Total:                         756     0         0      
                                                               
    C:\ti\ccs2051\ccs\tools\compiler\ti-cgt-armllvm_4.0.4.LTS\lib\armv6m-ti-none-eabi/c/libc.a
       memcpy16.S.obj                 154     0         0      
       copy_decompress_lzss.c.obj     124     0         0      
       memset16.S.obj                 98      0         0      
       autoinit.c.obj                 60      0         0      
       boot_cortex_m.c.obj            40      0         0      
       copy_zero_init.c.obj           22      0         0      
       copy_decompress_none.c.obj     18      0         0      
       exit.c.obj                     6       0         0      
       pre_init.c.obj                 4       0         0      
    +--+------------------------------+-------+---------+---------+
       Total:                         526     0         0      
                                                               
    C:\ti\ccs2051\ccs\tools\compiler\ti-cgt-armllvm_4.0.4.LTS\lib\armv6m-ti-none-eabi/c/libsysbm.a
       hostexit.c.obj                 4       0         0      
    +--+------------------------------+-------+---------+---------+
       Total:                         4       0         0      
                                                               
    C:\ti\ccs2051\ccs\tools\compiler\ti-cgt-armllvm_4.0.4.LTS\lib\armv6m-ti-none-eabi/libclang_rt.builtins.a
       addsf3.S.obj                   216     0         0      
       mulsf3.S.obj                   140     0         0      
       divsf3.S.obj                   130     0         0      
       comparesf2.S.obj               118     0         0      
       aeabi_fcmp.S.obj               98      0         0      
       aeabi_idivmod.S.obj            86      0         0      
       aeabi_uidivmod.S.obj           64      0         0      
       floatsisf.S.obj                60      0         0      
       muldsi3.S.obj                  58      0         0      
       fixsfsi.S.obj                  56      0         0      
       aeabi_memset.S.obj             12      0         0      
       aeabi_memcpy.S.obj             8       0         0      
       aeabi_div0.c.obj               2       0         0      
    +--+------------------------------+-------+---------+---------+
       Total:                         1048    0         0      
                                                               
       Stack:                         0       0         512    
       Linker Generated:              0       50        0      
    +--+------------------------------+-------+---------+---------+
       Grand Total:                   13070   311       1564   


LINKER GENERATED COPY TABLES

__TI_cinit_table @ 0000344c records: 2, size/record: 8, table size: 16
	.data: load addr=00003428, load size=0000000e bytes, run addr=2020037c, run size=000000a0 bytes, compression=lzss
	.bss: load addr=00003444, load size=00000008 bytes, run addr=20200000, run size=0000037c bytes, compression=zero_init


LINKER GENERATED HANDLER TABLE

__TI_handler_table @ 00003438 records: 3, size/record: 4, table size: 12
	index: 0, handler: __TI_decompress_lzss
	index: 1, handler: __TI_decompress_none
	index: 2, handler: __TI_zero_init


GLOBAL SYMBOLS: SORTED ALPHABETICALLY BY Name 

address   name                            
-------   ----                            
000029b3  ADC0_IRQHandler                 
000029b3  ADC1_IRQHandler                 
000029b3  AES_IRQHandler                  
00002011  AS201_EnsureReportConfig        
0000339d  AS201_GetData                   
000032c1  AS201_HasNewFrame               
000021d5  AS201_ISR                       
00002ecd  AS201_Init                      
00000f7d  AS201_PollBudget                
0000232d  AS201_SendCommand               
000033ce  C$$EXIT                         
000029b3  CANFD0_IRQHandler               
000029b3  DAC0_IRQHandler                 
000033b5  DL_Common_delayCycles           
00002595  DL_Timer_initFourCCPWMMode      
00002699  DL_Timer_initTimerMode          
000032e1  DL_Timer_setCaptCompUpdateMethod
00003319  DL_Timer_setCaptureCompareOutCtl
0000336d  DL_Timer_setCaptureCompareValue 
000032fd  DL_Timer_setClockConfig         
00002fcd  DL_UART_init                    
00003347  DL_UART_setClockConfig          
00003269  DL_UART_transmitDataBlocking    
000029b3  DMA_IRQHandler                  
000029b3  Default_Handler                 
000029b3  GROUP0_IRQHandler               
00001dfd  GROUP1_IRQHandler               
000033cf  HOSTexit                        
000029b3  HardFault_Handler               
000029b3  I2C0_IRQHandler                 
000029b3  I2C1_IRQHandler                 
000029b3  NMI_Handler                     
000029b3  PendSV_Handler                  
000029b3  RTC_IRQHandler                  
000033d3  Reset_Handler                   
000029b3  SPI0_IRQHandler                 
000029b3  SPI1_IRQHandler                 
000029b3  SVC_Handler                     
00002479  SYSCFG_DL_GPIO_init             
000029b5  SYSCFG_DL_PWM_LEFT_init         
00002a45  SYSCFG_DL_PWM_RIGHT_init        
00003015  SYSCFG_DL_SYSCTL_init           
000031c1  SYSCFG_DL_TIMER_0_init          
00002e0d  SYSCFG_DL_UART_BT_init          
00002cd9  SYSCFG_DL_UART_GYRO_init        
000031f9  SYSCFG_DL_init                  
00002e6d  SYSCFG_DL_initPower             
0000337d  SysTick_Handler                 
000029b3  TIMA0_IRQHandler                
000029b3  TIMA1_IRQHandler                
000000c1  TIMG0_IRQHandler                
000029b3  TIMG12_IRQHandler               
000029b3  TIMG6_IRQHandler                
000029b3  TIMG7_IRQHandler                
000029b3  TIMG8_IRQHandler                
0000338d  UART0_IRQHandler                
000029b3  UART1_IRQHandler                
000029b3  UART2_IRQHandler                
000029b3  UART3_IRQHandler                
20208000  __STACK_END                     
00000200  __STACK_SIZE                    
00000000  __TI_ATRegion0_region_sz        
00000000  __TI_ATRegion0_src_addr         
00000000  __TI_ATRegion0_trg_addr         
00000000  __TI_ATRegion1_region_sz        
00000000  __TI_ATRegion1_src_addr         
00000000  __TI_ATRegion1_trg_addr         
00000000  __TI_ATRegion2_region_sz        
00000000  __TI_ATRegion2_src_addr         
00000000  __TI_ATRegion2_trg_addr         
0000344c  __TI_CINIT_Base                 
0000345c  __TI_CINIT_Limit                
0000345c  __TI_CINIT_Warm                 
00003438  __TI_Handler_Table_Base         
00003444  __TI_Handler_Table_Limit        
0000310d  __TI_auto_init_nobinit_nopinit  
00002be5  __TI_decompress_lzss            
00003359  __TI_decompress_none            
ffffffff  __TI_pprof_out_hndl             
ffffffff  __TI_prof_data_size             
ffffffff  __TI_prof_data_start            
00000000  __TI_static_base__              
00003331  __TI_zero_init_nomemset         
0000279f  __addsf3                        
00003231  __aeabi_f2iz                    
0000279f  __aeabi_fadd                    
00002d49  __aeabi_fcmpeq                  
00002d85  __aeabi_fcmpge                  
00002d99  __aeabi_fcmpgt                  
00002d71  __aeabi_fcmple                  
00002d5d  __aeabi_fcmplt                  
00002b61  __aeabi_fdiv                    
00002ad5  __aeabi_fmul                    
00002795  __aeabi_fsub                    
00003095  __aeabi_i2f                     
00002f29  __aeabi_idiv                    
00002be3  __aeabi_idiv0                   
00002f29  __aeabi_idivmod                 
000033a9  __aeabi_memclr                  
000033a9  __aeabi_memclr4                 
000033a9  __aeabi_memclr8                 
000033c1  __aeabi_memcpy                  
000033c1  __aeabi_memcpy4                 
000033c1  __aeabi_memcpy8                 
00003055  __aeabi_uidiv                   
00003055  __aeabi_uidivmod                
ffffffff  __binit__                       
00003149  __cmpsf2                        
00002b61  __divsf3                        
00003149  __eqsf2                         
00003231  __fixsfsi                       
00003095  __floatsisf                     
000030d1  __gesf2                         
000030d1  __gtsf2                         
00003149  __lesf2                         
00003149  __ltsf2                         
UNDEFED   __mpu_init                      
00003185  __muldsi3                       
00002ad5  __mulsf3                        
00003149  __nesf2                         
20207e00  __stack                         
20200000  __start___llvm_prf_bits         
20200000  __start___llvm_prf_cnts         
20200000  __stop___llvm_prf_bits          
20200000  __stop___llvm_prf_cnts          
00002795  __subsf3                        
00003299  _c_int00_noargs                 
UNDEFED   _system_post_cinit              
000033d7  _system_pre_init                
000033c9  abort                           
ffffffff  binit                           
202001bc  gPWM_LEFTBackup                 
20200278  gPWM_RIGHTBackup                
202003b4  g_millis                        
00000000  interruptVectors                
00001571  main                            
00002919  memcpy                          
00002dab  memset                          


GLOBAL SYMBOLS: SORTED BY Symbol Address 

address   name                            
-------   ----                            
00000000  __TI_ATRegion0_region_sz        
00000000  __TI_ATRegion0_src_addr         
00000000  __TI_ATRegion0_trg_addr         
00000000  __TI_ATRegion1_region_sz        
00000000  __TI_ATRegion1_src_addr         
00000000  __TI_ATRegion1_trg_addr         
00000000  __TI_ATRegion2_region_sz        
00000000  __TI_ATRegion2_src_addr         
00000000  __TI_ATRegion2_trg_addr         
00000000  __TI_static_base__              
00000000  interruptVectors                
000000c1  TIMG0_IRQHandler                
00000200  __STACK_SIZE                    
00000f7d  AS201_PollBudget                
00001571  main                            
00001dfd  GROUP1_IRQHandler               
00002011  AS201_EnsureReportConfig        
000021d5  AS201_ISR                       
0000232d  AS201_SendCommand               
00002479  SYSCFG_DL_GPIO_init             
00002595  DL_Timer_initFourCCPWMMode      
00002699  DL_Timer_initTimerMode          
00002795  __aeabi_fsub                    
00002795  __subsf3                        
0000279f  __addsf3                        
0000279f  __aeabi_fadd                    
00002919  memcpy                          
000029b3  ADC0_IRQHandler                 
000029b3  ADC1_IRQHandler                 
000029b3  AES_IRQHandler                  
000029b3  CANFD0_IRQHandler               
000029b3  DAC0_IRQHandler                 
000029b3  DMA_IRQHandler                  
000029b3  Default_Handler                 
000029b3  GROUP0_IRQHandler               
000029b3  HardFault_Handler               
000029b3  I2C0_IRQHandler                 
000029b3  I2C1_IRQHandler                 
000029b3  NMI_Handler                     
000029b3  PendSV_Handler                  
000029b3  RTC_IRQHandler                  
000029b3  SPI0_IRQHandler                 
000029b3  SPI1_IRQHandler                 
000029b3  SVC_Handler                     
000029b3  TIMA0_IRQHandler                
000029b3  TIMA1_IRQHandler                
000029b3  TIMG12_IRQHandler               
000029b3  TIMG6_IRQHandler                
000029b3  TIMG7_IRQHandler                
000029b3  TIMG8_IRQHandler                
000029b3  UART1_IRQHandler                
000029b3  UART2_IRQHandler                
000029b3  UART3_IRQHandler                
000029b5  SYSCFG_DL_PWM_LEFT_init         
00002a45  SYSCFG_DL_PWM_RIGHT_init        
00002ad5  __aeabi_fmul                    
00002ad5  __mulsf3                        
00002b61  __aeabi_fdiv                    
00002b61  __divsf3                        
00002be3  __aeabi_idiv0                   
00002be5  __TI_decompress_lzss            
00002cd9  SYSCFG_DL_UART_GYRO_init        
00002d49  __aeabi_fcmpeq                  
00002d5d  __aeabi_fcmplt                  
00002d71  __aeabi_fcmple                  
00002d85  __aeabi_fcmpge                  
00002d99  __aeabi_fcmpgt                  
00002dab  memset                          
00002e0d  SYSCFG_DL_UART_BT_init          
00002e6d  SYSCFG_DL_initPower             
00002ecd  AS201_Init                      
00002f29  __aeabi_idiv                    
00002f29  __aeabi_idivmod                 
00002fcd  DL_UART_init                    
00003015  SYSCFG_DL_SYSCTL_init           
00003055  __aeabi_uidiv                   
00003055  __aeabi_uidivmod                
00003095  __aeabi_i2f                     
00003095  __floatsisf                     
000030d1  __gesf2                         
000030d1  __gtsf2                         
0000310d  __TI_auto_init_nobinit_nopinit  
00003149  __cmpsf2                        
00003149  __eqsf2                         
00003149  __lesf2                         
00003149  __ltsf2                         
00003149  __nesf2                         
00003185  __muldsi3                       
000031c1  SYSCFG_DL_TIMER_0_init          
000031f9  SYSCFG_DL_init                  
00003231  __aeabi_f2iz                    
00003231  __fixsfsi                       
00003269  DL_UART_transmitDataBlocking    
00003299  _c_int00_noargs                 
000032c1  AS201_HasNewFrame               
000032e1  DL_Timer_setCaptCompUpdateMethod
000032fd  DL_Timer_setClockConfig         
00003319  DL_Timer_setCaptureCompareOutCtl
00003331  __TI_zero_init_nomemset         
00003347  DL_UART_setClockConfig          
00003359  __TI_decompress_none            
0000336d  DL_Timer_setCaptureCompareValue 
0000337d  SysTick_Handler                 
0000338d  UART0_IRQHandler                
0000339d  AS201_GetData                   
000033a9  __aeabi_memclr                  
000033a9  __aeabi_memclr4                 
000033a9  __aeabi_memclr8                 
000033b5  DL_Common_delayCycles           
000033c1  __aeabi_memcpy                  
000033c1  __aeabi_memcpy4                 
000033c1  __aeabi_memcpy8                 
000033c9  abort                           
000033ce  C$$EXIT                         
000033cf  HOSTexit                        
000033d3  Reset_Handler                   
000033d7  _system_pre_init                
00003438  __TI_Handler_Table_Base         
00003444  __TI_Handler_Table_Limit        
0000344c  __TI_CINIT_Base                 
0000345c  __TI_CINIT_Limit                
0000345c  __TI_CINIT_Warm                 
20200000  __start___llvm_prf_bits         
20200000  __start___llvm_prf_cnts         
20200000  __stop___llvm_prf_bits          
20200000  __stop___llvm_prf_cnts          
202001bc  gPWM_LEFTBackup                 
20200278  gPWM_RIGHTBackup                
202003b4  g_millis                        
20207e00  __stack                         
20208000  __STACK_END                     
ffffffff  __TI_pprof_out_hndl             
ffffffff  __TI_prof_data_size             
ffffffff  __TI_prof_data_start            
ffffffff  __binit__                       
ffffffff  binit                           
UNDEFED   __mpu_init                      
UNDEFED   _system_post_cinit              

[138 symbols]
