******************************************************************************
            TI ARM Clang Linker PC v4.0.4                      
******************************************************************************
>> Linked Tue Jul 14 15:01:02 2026

OUTPUT FILE NAME:   <xiaochexunji.out>
ENTRY POINT SYMBOL: "_c_int00_noargs"  address: 0000095d


MEMORY CONFIGURATION

         name            origin    length      used     unused   attr    fill
----------------------  --------  ---------  --------  --------  ----  --------
  FLASH                 00000000   00020000  00000ac0  0001f540  R  X
  SRAM                  20200000   00008000  000002d2  00007d2e  RW X
  BCR_CONFIG            41c00000   000000ff  00000000  000000ff  R   
  BSL_CONFIG            41c00100   00000080  00000000  00000080  R   


SEGMENT ALLOCATION MAP

run origin  load origin   length   init length attrs members
----------  ----------- ---------- ----------- ----- -------
00000000    00000000    00000ac0   00000ac0    r-x
  00000000    00000000    000000c0   000000c0    r-- .intvecs
  000000c0    000000c0    000009a8   000009a8    r-x .text
  00000a68    00000a68    00000028   00000028    r-- .rodata
  00000a90    00000a90    00000030   00000030    r-- .cinit
20200000    20200000    000000d2   00000000    rw-
  20200000    20200000    000000c4   00000000    rw- .bss
  202000c4    202000c4    0000000e   00000000    rw- .data
20207e00    20207e00    00000200   00000000    rw-
  20207e00    20207e00    00000200   00000000    rw- .stack


SECTION ALLOCATION MAP

 output                                  attributes/
section   page    origin      length       input sections
--------  ----  ----------  ----------   ----------------
.intvecs   0    00000000    000000c0     
                  00000000    000000c0     startup_mspm0g350x_ticlang.o (.intvecs)

.text      0    000000c0    000009a8     
                  000000c0    00000248     empty.o (.text.TIMG0_IRQHandler)
                  00000308    00000104     driverlib.a : dl_timer.o (.text.DL_Timer_initFourCCPWMMode)
                  0000040c    000000fc                 : dl_timer.o (.text.DL_Timer_initTimerMode)
                  00000508    000000e0     ti_msp_dl_config.o (.text.SYSCFG_DL_PWM_DRIVE_init)
                  000005e8    0000009a     libc.a : memcpy16.S.obj (.text:memcpy)
                  00000682    00000002     startup_mspm0g350x_ticlang.o (.text.Default_Handler)
                  00000684    0000007c     libc.a : copy_decompress_lzss.c.obj (.text:decompress:lzss)
                  00000700    00000070     ti_msp_dl_config.o (.text.SYSCFG_DL_GPIO_init)
                  00000770    00000060     empty.o (.text.main)
                  000007d0    00000056     libclang_rt.builtins.a : aeabi_idivmod.S.obj (.text.__aeabi_idivmod)
                  00000826    00000002                            : aeabi_div0.c.obj (.text.__aeabi_idiv0)
                  00000828    00000040     ti_msp_dl_config.o (.text.SYSCFG_DL_SYSCTL_init)
                  00000868    00000040     ti_msp_dl_config.o (.text.SYSCFG_DL_initPower)
                  000008a8    00000040     libclang_rt.builtins.a : aeabi_uidivmod.S.obj (.text.__aeabi_uidivmod)
                  000008e8    0000003c     libc.a : autoinit.c.obj (.text:__TI_auto_init_nobinit_nopinit)
                  00000924    00000038     ti_msp_dl_config.o (.text.SYSCFG_DL_TIMER_0_init)
                  0000095c    00000028     libc.a : boot_cortex_m.c.obj (.text:_c_int00_noargs)
                  00000984    00000024     ti_msp_dl_config.o (.text.SYSCFG_DL_init)
                  000009a8    0000001c     driverlib.a : dl_timer.o (.text.DL_Timer_setCaptCompUpdateMethod)
                  000009c4    0000001c                 : dl_timer.o (.text.DL_Timer_setClockConfig)
                  000009e0    00000018                 : dl_timer.o (.text.DL_Timer_setCaptureCompareOutCtl)
                  000009f8    00000016     libc.a : copy_zero_init.c.obj (.text:decompress:ZI:__TI_zero_init_nomemset)
                  00000a0e    00000012            : copy_decompress_none.c.obj (.text:decompress:none)
                  00000a20    00000010     driverlib.a : dl_timer.o (.text.DL_Timer_setCaptureCompareValue)
                  00000a30    00000010     empty.o (.text.SysTick_Handler)
                  00000a40    0000000a     driverlib.a : dl_common.o (.text.DL_Common_delayCycles)
                  00000a4a    00000002     --HOLE-- [fill = 0]
                  00000a4c    00000008     libclang_rt.builtins.a : aeabi_memcpy.S.obj (.text.__aeabi_memcpy)
                  00000a54    00000006     libc.a : exit.c.obj (.text:abort)
                  00000a5a    00000004     libsysbm.a : hostexit.c.obj (.text.HOSTexit)
                  00000a5e    00000004     startup_mspm0g350x_ticlang.o (.text.Reset_Handler)
                  00000a62    00000004     libc.a : pre_init.c.obj (.text._system_pre_init)
                  00000a66    00000002     --HOLE-- [fill = 0]

.cinit     0    00000a90    00000030     
                  00000a90    0000000c     (__TI_handler_table)
                  00000a9c    00000008     (.cinit..bss.load) [load image, compression = zero_init]
                  00000aa4    00000007     (.cinit..data.load) [load image, compression = lzss]
                  00000aab    00000001     --HOLE-- [fill = 0]
                  00000aac    00000010     (__TI_cinit_table)
                  00000abc    00000004     --HOLE-- [fill = 0]

.rodata    0    00000a68    00000028     
                  00000a68    00000014     ti_msp_dl_config.o (.rodata.gTIMER_0TimerConfig)
                  00000a7c    00000008     ti_msp_dl_config.o (.rodata.gPWM_DRIVEConfig)
                  00000a84    00000003     ti_msp_dl_config.o (.rodata.gPWM_DRIVEClockConfig)
                  00000a87    00000003     ti_msp_dl_config.o (.rodata.gTIMER_0ClockConfig)
                  00000a8a    00000006     --HOLE-- [fill = 0]

.init_array 
*          0    00000000    00000000     UNINITIALIZED

.binit     0    00000000    00000000     

.bss       0    20200000    000000c4     UNINITIALIZED
                  20200000    000000bc     (.common:gPWM_DRIVEBackup)
                  202000bc    00000008     empty.o (.bss.sensor)

.data      0    202000c4    0000000e     UNINITIALIZED
                  202000c4    00000004     empty.o (.data.corner_unlock)
                  202000c8    00000004     empty.o (.data.g_millis)
                  202000cc    00000002     empty.o (.data.corner_count)
                  202000ce    00000001     empty.o (.data.car_stopped)
                  202000cf    00000001     empty.o (.data.finishing)
                  202000d0    00000001     empty.o (.data.last_err)
                  202000d1    00000001     empty.o (.data.scan_ch)

.stack     0    20207e00    00000200     UNINITIALIZED
                  20207e00    00000004     libc.a : boot_cortex_m.c.obj (.stack)
                  20207e04    000001fc     --HOLE--

__llvm_prf_cnts 
*          0    20200000    00000000     UNINITIALIZED

__llvm_prf_bits 
*          0    20200000    00000000     UNINITIALIZED

MODULE SUMMARY

       Module                         code   ro data   rw data
       ------                         ----   -------   -------
    .\
       ti_msp_dl_config.o             556    34        188    
       empty.o                        696    0         22     
       startup_mspm0g350x_ticlang.o   6      192       0      
    +--+------------------------------+------+---------+---------+
       Total:                         1258   226       210    
                                                              
    C:/ti/mspm0_sdk_2_10_00_04/source/ti/driverlib/lib/ticlang/m0p/mspm0g1x0x_g3x0x/driverlib.a
       dl_timer.o                     608    0         0      
       dl_common.o                    10     0         0      
    +--+------------------------------+------+---------+---------+
       Total:                         618    0         0      
                                                              
    C:\ti\ccs2051\ccs\tools\compiler\ti-cgt-armllvm_4.0.4.LTS\lib\armv6m-ti-none-eabi/c/libc.a
       memcpy16.S.obj                 154    0         0      
       copy_decompress_lzss.c.obj     124    0         0      
       autoinit.c.obj                 60     0         0      
       boot_cortex_m.c.obj            40     0         0      
       copy_zero_init.c.obj           22     0         0      
       copy_decompress_none.c.obj     18     0         0      
       exit.c.obj                     6      0         0      
       pre_init.c.obj                 4      0         0      
    +--+------------------------------+------+---------+---------+
       Total:                         428    0         0      
                                                              
    C:\ti\ccs2051\ccs\tools\compiler\ti-cgt-armllvm_4.0.4.LTS\lib\armv6m-ti-none-eabi/c/libsysbm.a
       hostexit.c.obj                 4      0         0      
    +--+------------------------------+------+---------+---------+
       Total:                         4      0         0      
                                                              
    C:\ti\ccs2051\ccs\tools\compiler\ti-cgt-armllvm_4.0.4.LTS\lib\armv6m-ti-none-eabi/libclang_rt.builtins.a
       aeabi_idivmod.S.obj            86     0         0      
       aeabi_uidivmod.S.obj           64     0         0      
       aeabi_memcpy.S.obj             8      0         0      
       aeabi_div0.c.obj               2      0         0      
    +--+------------------------------+------+---------+---------+
       Total:                         160    0         0      
                                                              
       Stack:                         0      0         512    
       Linker Generated:              0      43        0      
    +--+------------------------------+------+---------+---------+
       Grand Total:                   2468   269       722    


LINKER GENERATED COPY TABLES

__TI_cinit_table @ 00000aac records: 2, size/record: 8, table size: 16
	.bss: load addr=00000a9c, load size=00000008 bytes, run addr=20200000, run size=000000c4 bytes, compression=zero_init
	.data: load addr=00000aa4, load size=00000007 bytes, run addr=202000c4, run size=0000000e bytes, compression=lzss


LINKER GENERATED HANDLER TABLE

__TI_handler_table @ 00000a90 records: 3, size/record: 4, table size: 12
	index: 0, handler: __TI_decompress_lzss
	index: 1, handler: __TI_decompress_none
	index: 2, handler: __TI_zero_init


GLOBAL SYMBOLS: SORTED ALPHABETICALLY BY Name 

address   name                            
-------   ----                            
00000683  ADC0_IRQHandler                 
00000683  ADC1_IRQHandler                 
00000683  AES_IRQHandler                  
00000a5a  C$$EXIT                         
00000683  CANFD0_IRQHandler               
00000683  DAC0_IRQHandler                 
00000a41  DL_Common_delayCycles           
00000309  DL_Timer_initFourCCPWMMode      
0000040d  DL_Timer_initTimerMode          
000009a9  DL_Timer_setCaptCompUpdateMethod
000009e1  DL_Timer_setCaptureCompareOutCtl
00000a21  DL_Timer_setCaptureCompareValue 
000009c5  DL_Timer_setClockConfig         
00000683  DMA_IRQHandler                  
00000683  Default_Handler                 
00000683  GROUP0_IRQHandler               
00000683  GROUP1_IRQHandler               
00000a5b  HOSTexit                        
00000683  HardFault_Handler               
00000683  I2C0_IRQHandler                 
00000683  I2C1_IRQHandler                 
00000683  NMI_Handler                     
00000683  PendSV_Handler                  
00000683  RTC_IRQHandler                  
00000a5f  Reset_Handler                   
00000683  SPI0_IRQHandler                 
00000683  SPI1_IRQHandler                 
00000683  SVC_Handler                     
00000701  SYSCFG_DL_GPIO_init             
00000509  SYSCFG_DL_PWM_DRIVE_init        
00000829  SYSCFG_DL_SYSCTL_init           
00000925  SYSCFG_DL_TIMER_0_init          
00000985  SYSCFG_DL_init                  
00000869  SYSCFG_DL_initPower             
00000a31  SysTick_Handler                 
00000683  TIMA0_IRQHandler                
00000683  TIMA1_IRQHandler                
000000c1  TIMG0_IRQHandler                
00000683  TIMG12_IRQHandler               
00000683  TIMG6_IRQHandler                
00000683  TIMG7_IRQHandler                
00000683  TIMG8_IRQHandler                
00000683  UART0_IRQHandler                
00000683  UART1_IRQHandler                
00000683  UART2_IRQHandler                
00000683  UART3_IRQHandler                
20208000  __STACK_END                     
00000200  __STACK_SIZE                    
00000000  __TI_ATRegion0_region_sz        
00000000  __TI_ATRegion0_src_addr         
00000000  __TI_ATRegion0_trg_addr         
00000000  __TI_ATRegion1_region_sz        
00000000  __TI_ATRegion1_src_addr         
00000000  __TI_ATRegion1_trg_addr         
00000000  __TI_ATRegion2_region_sz        
00000000  __TI_ATRegion2_src_addr         
00000000  __TI_ATRegion2_trg_addr         
00000aac  __TI_CINIT_Base                 
00000abc  __TI_CINIT_Limit                
00000abc  __TI_CINIT_Warm                 
00000a90  __TI_Handler_Table_Base         
00000a9c  __TI_Handler_Table_Limit        
000008e9  __TI_auto_init_nobinit_nopinit  
00000685  __TI_decompress_lzss            
00000a0f  __TI_decompress_none            
ffffffff  __TI_pprof_out_hndl             
ffffffff  __TI_prof_data_size             
ffffffff  __TI_prof_data_start            
00000000  __TI_static_base__              
000009f9  __TI_zero_init_nomemset         
000007d1  __aeabi_idiv                    
00000827  __aeabi_idiv0                   
000007d1  __aeabi_idivmod                 
00000a4d  __aeabi_memcpy                  
00000a4d  __aeabi_memcpy4                 
00000a4d  __aeabi_memcpy8                 
000008a9  __aeabi_uidiv                   
000008a9  __aeabi_uidivmod                
ffffffff  __binit__                       
UNDEFED   __mpu_init                      
20207e00  __stack                         
20200000  __start___llvm_prf_bits         
20200000  __start___llvm_prf_cnts         
20200000  __stop___llvm_prf_bits          
20200000  __stop___llvm_prf_cnts          
0000095d  _c_int00_noargs                 
UNDEFED   _system_post_cinit              
00000a63  _system_pre_init                
00000a55  abort                           
ffffffff  binit                           
20200000  gPWM_DRIVEBackup                
202000c8  g_millis                        
00000000  interruptVectors                
00000771  main                            
000005e9  memcpy                          


GLOBAL SYMBOLS: SORTED BY Symbol Address 

address   name                            
-------   ----                            
00000000  __TI_ATRegion0_region_sz        
00000000  __TI_ATRegion0_src_addr         
00000000  __TI_ATRegion0_trg_addr         
00000000  __TI_ATRegion1_region_sz        
00000000  __TI_ATRegion1_src_addr         
00000000  __TI_ATRegion1_trg_addr         
00000000  __TI_ATRegion2_region_sz        
00000000  __TI_ATRegion2_src_addr         
00000000  __TI_ATRegion2_trg_addr         
00000000  __TI_static_base__              
00000000  interruptVectors                
000000c1  TIMG0_IRQHandler                
00000200  __STACK_SIZE                    
00000309  DL_Timer_initFourCCPWMMode      
0000040d  DL_Timer_initTimerMode          
00000509  SYSCFG_DL_PWM_DRIVE_init        
000005e9  memcpy                          
00000683  ADC0_IRQHandler                 
00000683  ADC1_IRQHandler                 
00000683  AES_IRQHandler                  
00000683  CANFD0_IRQHandler               
00000683  DAC0_IRQHandler                 
00000683  DMA_IRQHandler                  
00000683  Default_Handler                 
00000683  GROUP0_IRQHandler               
00000683  GROUP1_IRQHandler               
00000683  HardFault_Handler               
00000683  I2C0_IRQHandler                 
00000683  I2C1_IRQHandler                 
00000683  NMI_Handler                     
00000683  PendSV_Handler                  
00000683  RTC_IRQHandler                  
00000683  SPI0_IRQHandler                 
00000683  SPI1_IRQHandler                 
00000683  SVC_Handler                     
00000683  TIMA0_IRQHandler                
00000683  TIMA1_IRQHandler                
00000683  TIMG12_IRQHandler               
00000683  TIMG6_IRQHandler                
00000683  TIMG7_IRQHandler                
00000683  TIMG8_IRQHandler                
00000683  UART0_IRQHandler                
00000683  UART1_IRQHandler                
00000683  UART2_IRQHandler                
00000683  UART3_IRQHandler                
00000685  __TI_decompress_lzss            
00000701  SYSCFG_DL_GPIO_init             
00000771  main                            
000007d1  __aeabi_idiv                    
000007d1  __aeabi_idivmod                 
00000827  __aeabi_idiv0                   
00000829  SYSCFG_DL_SYSCTL_init           
00000869  SYSCFG_DL_initPower             
000008a9  __aeabi_uidiv                   
000008a9  __aeabi_uidivmod                
000008e9  __TI_auto_init_nobinit_nopinit  
00000925  SYSCFG_DL_TIMER_0_init          
0000095d  _c_int00_noargs                 
00000985  SYSCFG_DL_init                  
000009a9  DL_Timer_setCaptCompUpdateMethod
000009c5  DL_Timer_setClockConfig         
000009e1  DL_Timer_setCaptureCompareOutCtl
000009f9  __TI_zero_init_nomemset         
00000a0f  __TI_decompress_none            
00000a21  DL_Timer_setCaptureCompareValue 
00000a31  SysTick_Handler                 
00000a41  DL_Common_delayCycles           
00000a4d  __aeabi_memcpy                  
00000a4d  __aeabi_memcpy4                 
00000a4d  __aeabi_memcpy8                 
00000a55  abort                           
00000a5a  C$$EXIT                         
00000a5b  HOSTexit                        
00000a5f  Reset_Handler                   
00000a63  _system_pre_init                
00000a90  __TI_Handler_Table_Base         
00000a9c  __TI_Handler_Table_Limit        
00000aac  __TI_CINIT_Base                 
00000abc  __TI_CINIT_Limit                
00000abc  __TI_CINIT_Warm                 
20200000  __start___llvm_prf_bits         
20200000  __start___llvm_prf_cnts         
20200000  __stop___llvm_prf_bits          
20200000  __stop___llvm_prf_cnts          
20200000  gPWM_DRIVEBackup                
202000c8  g_millis                        
20207e00  __stack                         
20208000  __STACK_END                     
ffffffff  __TI_pprof_out_hndl             
ffffffff  __TI_prof_data_size             
ffffffff  __TI_prof_data_start            
ffffffff  __binit__                       
ffffffff  binit                           
UNDEFED   __mpu_init                      
UNDEFED   _system_post_cinit              

[95 symbols]
