******************************************************************************
            TI ARM Clang Linker PC v4.0.4                      
******************************************************************************
>> Linked Sat Jul 11 19:10:02 2026

OUTPUT FILE NAME:   <xiaochexunji.out>
ENTRY POINT SYMBOL: "_c_int00_noargs"  address: 00001665


MEMORY CONFIGURATION

         name            origin    length      used     unused   attr    fill
----------------------  --------  ---------  --------  --------  ----  --------
  FLASH                 00000000   00020000  000018c8  0001e738  R  X
  SRAM                  20200000   00008000  000002e7  00007d19  RW X
  BCR_CONFIG            41c00000   000000ff  00000000  000000ff  R   
  BSL_CONFIG            41c00100   00000080  00000000  00000080  R   


SEGMENT ALLOCATION MAP

run origin  load origin   length   init length attrs members
----------  ----------- ---------- ----------- ----- -------
00000000    00000000    000018c8   000018c8    r-x
  00000000    00000000    000000c0   000000c0    r-- .intvecs
  000000c0    000000c0    000016e8   000016e8    r-x .text
  000017a8    000017a8    000000e8   000000e8    r-- .rodata
  00001890    00001890    00000038   00000038    r-- .cinit
20200000    20200000    000000e7   00000000    rw-
  20200000    20200000    000000c4   00000000    rw- .bss
  202000c4    202000c4    00000023   00000000    rw- .data
20207e00    20207e00    00000200   00000000    rw-
  20207e00    20207e00    00000200   00000000    rw- .stack


SECTION ALLOCATION MAP

 output                                  attributes/
section   page    origin      length       input sections
--------  ----  ----------  ----------   ----------------
.intvecs   0    00000000    000000c0     
                  00000000    000000c0     startup_mspm0g350x_ticlang.o (.intvecs)

.text      0    000000c0    000016e8     
                  000000c0    000005a4     empty.o (.text.TIMG0_IRQHandler)
                  00000664    00000284     libc.a : _printfi.c.obj (.text:__TI_printfi_minimal)
                  000008e8    00000168     empty.o (.text.main)
                  00000a50    00000104     driverlib.a : dl_timer.o (.text.DL_Timer_initFourCCPWMMode)
                  00000b54    000000fc                 : dl_timer.o (.text.DL_Timer_initTimerMode)
                  00000c50    000000ec     ti_msp_dl_config.o (.text.SYSCFG_DL_GPIO_init)
                  00000d3c    000000e0     ti_msp_dl_config.o (.text.SYSCFG_DL_PWM_DRIVE_init)
                  00000e1c    000000d8     libclang_rt.builtins.a : addsf3.S.obj (.text)
                  00000ef4    0000009a     libc.a : memcpy16.S.obj (.text:memcpy)
                  00000f8e    00000002     startup_mspm0g350x_ticlang.o (.text.Default_Handler)
                  00000f90    0000008c     libclang_rt.builtins.a : mulsf3.S.obj (.text.__mulsf3)
                  0000101c    0000007c     libc.a : copy_decompress_lzss.c.obj (.text:decompress:lzss)
                  00001098    00000064     empty.o (.text.uart_printf)
                  000010fc    00000062     libclang_rt.builtins.a : aeabi_fcmp.S.obj (.text.__aeabi_fcmp)
                  0000115e    00000062     libc.a : memset16.S.obj (.text:memset)
                  000011c0    00000060     ti_msp_dl_config.o (.text.SYSCFG_DL_UART_JDY31_init)
                  00001220    00000056     libclang_rt.builtins.a : aeabi_idivmod.S.obj (.text.__aeabi_idivmod)
                  00001276    00000002                            : aeabi_div0.c.obj (.text.__aeabi_idiv0)
                  00001278    00000050     empty.o (.text.GROUP1_IRQHandler)
                  000012c8    00000048     driverlib.a : dl_uart.o (.text.DL_UART_init)
                  00001310    00000048     ti_msp_dl_config.o (.text.SYSCFG_DL_initPower)
                  00001358    00000040     ti_msp_dl_config.o (.text.SYSCFG_DL_SYSCTL_init)
                  00001398    00000040     libclang_rt.builtins.a : aeabi_uidivmod.S.obj (.text.__aeabi_uidivmod)
                  000013d8    00000040     libc.a : vsnprintf.c.obj (.text.vsnprintf)
                  00001418    0000003c     libclang_rt.builtins.a : floatsisf.S.obj (.text.__floatsisf)
                  00001454    0000003c                            : comparesf2.S.obj (.text.__gtsf2)
                  00001490    0000003c     libc.a : autoinit.c.obj (.text:__TI_auto_init_nobinit_nopinit)
                  000014cc    0000003a     libclang_rt.builtins.a : comparesf2.S.obj (.text.__eqsf2)
                  00001506    00000002     --HOLE-- [fill = 0]
                  00001508    0000003a                            : muldsi3.S.obj (.text.__muldsi3)
                  00001542    00000002     --HOLE-- [fill = 0]
                  00001544    00000038     ti_msp_dl_config.o (.text.SYSCFG_DL_TIMER_PID_init)
                  0000157c    00000038     libclang_rt.builtins.a : fixsfsi.S.obj (.text.__fixsfsi)
                  000015b4    00000030     driverlib.a : dl_uart.o (.text.DL_UART_transmitDataBlocking)
                  000015e4    00000030     libc.a : vsnprintf.c.obj (.text._outs)
                  00001614    00000028     ti_msp_dl_config.o (.text.SYSCFG_DL_init)
                  0000163c    00000028     libclang_rt.builtins.a : floatunsisf.S.obj (.text.__floatunsisf)
                  00001664    00000028     libc.a : boot_cortex_m.c.obj (.text:_c_int00_noargs)
                  0000168c    00000022            : memccpy.c.obj (.text.memccpy)
                  000016ae    00000002     --HOLE-- [fill = 0]
                  000016b0    0000001c     driverlib.a : dl_timer.o (.text.DL_Timer_setCaptCompUpdateMethod)
                  000016cc    0000001c                 : dl_timer.o (.text.DL_Timer_setClockConfig)
                  000016e8    00000018                 : dl_timer.o (.text.DL_Timer_setCaptureCompareOutCtl)
                  00001700    00000018     libc.a : vsnprintf.c.obj (.text._outc)
                  00001718    00000016            : copy_zero_init.c.obj (.text:decompress:ZI:__TI_zero_init_nomemset)
                  0000172e    00000012     driverlib.a : dl_uart.o (.text.DL_UART_setClockConfig)
                  00001740    00000012     libc.a : copy_decompress_none.c.obj (.text:decompress:none)
                  00001752    00000002     --HOLE-- [fill = 0]
                  00001754    00000010     driverlib.a : dl_timer.o (.text.DL_Timer_setCaptureCompareValue)
                  00001764    0000000e     libclang_rt.builtins.a : aeabi_memset.S.obj (.text.__aeabi_memset)
                  00001772    0000000e     libc.a : _printfi.c.obj (.text.strlen)
                  00001780    0000000a     driverlib.a : dl_common.o (.text.DL_Common_delayCycles)
                  0000178a    00000002     --HOLE-- [fill = 0]
                  0000178c    00000008     libclang_rt.builtins.a : aeabi_memcpy.S.obj (.text.__aeabi_memcpy)
                  00001794    00000006     libc.a : exit.c.obj (.text:abort)
                  0000179a    00000004     libsysbm.a : hostexit.c.obj (.text.HOSTexit)
                  0000179e    00000004     startup_mspm0g350x_ticlang.o (.text.Reset_Handler)
                  000017a2    00000004     libc.a : pre_init.c.obj (.text._system_pre_init)
                  000017a6    00000002     --HOLE-- [fill = 0]

.cinit     0    00001890    00000038     
                  00001890    00000013     (.cinit..data.load) [load image, compression = lzss]
                  000018a3    00000001     --HOLE-- [fill = 0]
                  000018a4    0000000c     (__TI_handler_table)
                  000018b0    00000008     (.cinit..bss.load) [load image, compression = zero_init]
                  000018b8    00000010     (__TI_cinit_table)

.rodata    0    000017a8    000000e8     
                  000017a8    00000052     empty.o (.rodata.str1.9517790425240694019.1)
                  000017fa    0000002a     empty.o (.rodata.str1.14685083708502177989.1)
                  00001824    0000002a     empty.o (.rodata.str1.254342170260855183.1)
                  0000184e    00000002     ti_msp_dl_config.o (.rodata.gUART_JDY31ClockConfig)
                  00001850    00000014     ti_msp_dl_config.o (.rodata.gTIMER_PIDTimerConfig)
                  00001864    00000011     libc.a : _printfi.c.obj (.rodata.str1.15363888844622738466.1)
                  00001875    00000001     --HOLE-- [fill = 0]
                  00001876    0000000a     ti_msp_dl_config.o (.rodata.gUART_JDY31Config)
                  00001880    00000008     ti_msp_dl_config.o (.rodata.gPWM_DRIVEConfig)
                  00001888    00000003     ti_msp_dl_config.o (.rodata.gPWM_DRIVEClockConfig)
                  0000188b    00000003     ti_msp_dl_config.o (.rodata.gTIMER_PIDClockConfig)
                  0000188e    00000002     --HOLE-- [fill = 0]

.init_array 
*          0    00000000    00000000     UNINITIALIZED

.binit     0    00000000    00000000     

.bss       0    20200000    000000c4     UNINITIALIZED
                  20200000    000000bc     (.common:gPWM_DRIVEBackup)
                  202000bc    00000008     empty.o (.bss.sensor)

.data      0    202000c4    00000023     UNINITIALIZED
                  202000c4    00000004     empty.o (.data.TIMG0_IRQHandler.prev_err)
                  202000c8    00000004     empty.o (.data.TIMG0_IRQHandler.ramp_l)
                  202000cc    00000004     empty.o (.data.TIMG0_IRQHandler.ramp_r)
                  202000d0    00000004     empty.o (.data.pid_l.0)
                  202000d4    00000004     empty.o (.data.pid_l.1)
                  202000d8    00000004     empty.o (.data.pid_r.0)
                  202000dc    00000004     empty.o (.data.pid_r.1)
                  202000e0    00000002     empty.o (.data.enc_l_cnt)
                  202000e2    00000002     empty.o (.data.enc_r_cnt)
                  202000e4    00000002     empty.o (.data.print_cnt)
                  202000e6    00000001     empty.o (.data.TIMG0_IRQHandler.lost_cnt)

.stack     0    20207e00    00000200     UNINITIALIZED
                  20207e00    00000004     libc.a : boot_cortex_m.c.obj (.stack)
                  20207e04    000001fc     --HOLE--

__llvm_prf_cnts 
*          0    20200000    00000000     UNINITIALIZED

__llvm_prf_bits 
*          0    20200000    00000000     UNINITIALIZED

MODULE SUMMARY

       Module                         code   ro data   rw data
       ------                         ----   -------   -------
    .\
       empty.o                        1984   166       43     
       ti_msp_dl_config.o             788    46        188    
       startup_mspm0g350x_ticlang.o   6      192       0      
    +--+------------------------------+------+---------+---------+
       Total:                         2778   404       231    
                                                              
    C:/ti/mspm0_sdk_2_10_00_04/source/ti/driverlib/lib/ticlang/m0p/mspm0g1x0x_g3x0x/driverlib.a
       dl_timer.o                     608    0         0      
       dl_uart.o                      138    0         0      
       dl_common.o                    10     0         0      
    +--+------------------------------+------+---------+---------+
       Total:                         756    0         0      
                                                              
    C:\ti\ccs2051\ccs\tools\compiler\ti-cgt-armllvm_4.0.4.LTS\lib\armv6m-ti-none-eabi/c/libc.a
       _printfi.c.obj                 658    17        0      
       memcpy16.S.obj                 154    0         0      
       vsnprintf.c.obj                136    0         0      
       copy_decompress_lzss.c.obj     124    0         0      
       memset16.S.obj                 98     0         0      
       autoinit.c.obj                 60     0         0      
       boot_cortex_m.c.obj            40     0         0      
       memccpy.c.obj                  34     0         0      
       copy_zero_init.c.obj           22     0         0      
       copy_decompress_none.c.obj     18     0         0      
       exit.c.obj                     6      0         0      
       pre_init.c.obj                 4      0         0      
    +--+------------------------------+------+---------+---------+
       Total:                         1354   17        0      
                                                              
    C:\ti\ccs2051\ccs\tools\compiler\ti-cgt-armllvm_4.0.4.LTS\lib\armv6m-ti-none-eabi/c/libsysbm.a
       hostexit.c.obj                 4      0         0      
    +--+------------------------------+------+---------+---------+
       Total:                         4      0         0      
                                                              
    C:\ti\ccs2051\ccs\tools\compiler\ti-cgt-armllvm_4.0.4.LTS\lib\armv6m-ti-none-eabi/libclang_rt.builtins.a
       addsf3.S.obj                   216    0         0      
       mulsf3.S.obj                   140    0         0      
       comparesf2.S.obj               118    0         0      
       aeabi_fcmp.S.obj               98     0         0      
       aeabi_idivmod.S.obj            86     0         0      
       aeabi_uidivmod.S.obj           64     0         0      
       floatsisf.S.obj                60     0         0      
       muldsi3.S.obj                  58     0         0      
       fixsfsi.S.obj                  56     0         0      
       floatunsisf.S.obj              40     0         0      
       aeabi_memset.S.obj             14     0         0      
       aeabi_memcpy.S.obj             8      0         0      
       aeabi_div0.c.obj               2      0         0      
    +--+------------------------------+------+---------+---------+
       Total:                         960    0         0      
                                                              
       Stack:                         0      0         512    
       Linker Generated:              0      55        0      
    +--+------------------------------+------+---------+---------+
       Grand Total:                   5852   476       743    


LINKER GENERATED COPY TABLES

__TI_cinit_table @ 000018b8 records: 2, size/record: 8, table size: 16
	.data: load addr=00001890, load size=00000013 bytes, run addr=202000c4, run size=00000023 bytes, compression=lzss
	.bss: load addr=000018b0, load size=00000008 bytes, run addr=20200000, run size=000000c4 bytes, compression=zero_init


LINKER GENERATED HANDLER TABLE

__TI_handler_table @ 000018a4 records: 3, size/record: 4, table size: 12
	index: 0, handler: __TI_decompress_lzss
	index: 1, handler: __TI_decompress_none
	index: 2, handler: __TI_zero_init


GLOBAL SYMBOLS: SORTED ALPHABETICALLY BY Name 

address   name                            
-------   ----                            
00000f8f  ADC0_IRQHandler                 
00000f8f  ADC1_IRQHandler                 
00000f8f  AES_IRQHandler                  
0000179a  C$$EXIT                         
00000f8f  CANFD0_IRQHandler               
00000f8f  DAC0_IRQHandler                 
00001781  DL_Common_delayCycles           
00000a51  DL_Timer_initFourCCPWMMode      
00000b55  DL_Timer_initTimerMode          
000016b1  DL_Timer_setCaptCompUpdateMethod
000016e9  DL_Timer_setCaptureCompareOutCtl
00001755  DL_Timer_setCaptureCompareValue 
000016cd  DL_Timer_setClockConfig         
000012c9  DL_UART_init                    
0000172f  DL_UART_setClockConfig          
000015b5  DL_UART_transmitDataBlocking    
00000f8f  DMA_IRQHandler                  
00000f8f  Default_Handler                 
00000f8f  GROUP0_IRQHandler               
00001279  GROUP1_IRQHandler               
0000179b  HOSTexit                        
00000f8f  HardFault_Handler               
00000f8f  I2C0_IRQHandler                 
00000f8f  I2C1_IRQHandler                 
00000f8f  NMI_Handler                     
00000f8f  PendSV_Handler                  
00000f8f  RTC_IRQHandler                  
0000179f  Reset_Handler                   
00000f8f  SPI0_IRQHandler                 
00000f8f  SPI1_IRQHandler                 
00000f8f  SVC_Handler                     
00000c51  SYSCFG_DL_GPIO_init             
00000d3d  SYSCFG_DL_PWM_DRIVE_init        
00001359  SYSCFG_DL_SYSCTL_init           
00001545  SYSCFG_DL_TIMER_PID_init        
000011c1  SYSCFG_DL_UART_JDY31_init       
00001615  SYSCFG_DL_init                  
00001311  SYSCFG_DL_initPower             
00000f8f  SysTick_Handler                 
00000f8f  TIMA0_IRQHandler                
00000f8f  TIMA1_IRQHandler                
000000c1  TIMG0_IRQHandler                
00000f8f  TIMG12_IRQHandler               
00000f8f  TIMG6_IRQHandler                
00000f8f  TIMG7_IRQHandler                
00000f8f  TIMG8_IRQHandler                
00000f8f  UART0_IRQHandler                
00000f8f  UART1_IRQHandler                
00000f8f  UART2_IRQHandler                
00000f8f  UART3_IRQHandler                
20208000  __STACK_END                     
00000200  __STACK_SIZE                    
00000000  __TI_ATRegion0_region_sz        
00000000  __TI_ATRegion0_src_addr         
00000000  __TI_ATRegion0_trg_addr         
00000000  __TI_ATRegion1_region_sz        
00000000  __TI_ATRegion1_src_addr         
00000000  __TI_ATRegion1_trg_addr         
00000000  __TI_ATRegion2_region_sz        
00000000  __TI_ATRegion2_src_addr         
00000000  __TI_ATRegion2_trg_addr         
000018b8  __TI_CINIT_Base                 
000018c8  __TI_CINIT_Limit                
000018c8  __TI_CINIT_Warm                 
000018a4  __TI_Handler_Table_Base         
000018b0  __TI_Handler_Table_Limit        
00001491  __TI_auto_init_nobinit_nopinit  
0000101d  __TI_decompress_lzss            
00001741  __TI_decompress_none            
ffffffff  __TI_pprof_out_hndl             
00000665  __TI_printfi_minimal            
ffffffff  __TI_prof_data_size             
ffffffff  __TI_prof_data_start            
00000000  __TI_static_base__              
00001719  __TI_zero_init_nomemset         
00000e27  __addsf3                        
0000157d  __aeabi_f2iz                    
00000e27  __aeabi_fadd                    
000010fd  __aeabi_fcmpeq                  
00001139  __aeabi_fcmpge                  
0000114d  __aeabi_fcmpgt                  
00001125  __aeabi_fcmple                  
00001111  __aeabi_fcmplt                  
00000f91  __aeabi_fmul                    
00000e1d  __aeabi_fsub                    
00001419  __aeabi_i2f                     
00001221  __aeabi_idiv                    
00001277  __aeabi_idiv0                   
00001221  __aeabi_idivmod                 
0000178d  __aeabi_memcpy                  
0000178d  __aeabi_memcpy4                 
0000178d  __aeabi_memcpy8                 
00001765  __aeabi_memset                  
00001765  __aeabi_memset4                 
00001765  __aeabi_memset8                 
0000163d  __aeabi_ui2f                    
00001399  __aeabi_uidiv                   
00001399  __aeabi_uidivmod                
ffffffff  __binit__                       
000014cd  __cmpsf2                        
000014cd  __eqsf2                         
0000157d  __fixsfsi                       
00001419  __floatsisf                     
0000163d  __floatunsisf                   
00001455  __gesf2                         
00001455  __gtsf2                         
000014cd  __lesf2                         
000014cd  __ltsf2                         
UNDEFED   __mpu_init                      
00001509  __muldsi3                       
00000f91  __mulsf3                        
000014cd  __nesf2                         
20207e00  __stack                         
20200000  __start___llvm_prf_bits         
20200000  __start___llvm_prf_cnts         
20200000  __stop___llvm_prf_bits          
20200000  __stop___llvm_prf_cnts          
00000e1d  __subsf3                        
00001665  _c_int00_noargs                 
UNDEFED   _system_post_cinit              
000017a3  _system_pre_init                
00001795  abort                           
ffffffff  binit                           
20200000  gPWM_DRIVEBackup                
00000000  interruptVectors                
000008e9  main                            
0000168d  memccpy                         
00000ef5  memcpy                          
0000115f  memset                          
000013d9  vsnprintf                       


GLOBAL SYMBOLS: SORTED BY Symbol Address 

address   name                            
-------   ----                            
00000000  __TI_ATRegion0_region_sz        
00000000  __TI_ATRegion0_src_addr         
00000000  __TI_ATRegion0_trg_addr         
00000000  __TI_ATRegion1_region_sz        
00000000  __TI_ATRegion1_src_addr         
00000000  __TI_ATRegion1_trg_addr         
00000000  __TI_ATRegion2_region_sz        
00000000  __TI_ATRegion2_src_addr         
00000000  __TI_ATRegion2_trg_addr         
00000000  __TI_static_base__              
00000000  interruptVectors                
000000c1  TIMG0_IRQHandler                
00000200  __STACK_SIZE                    
00000665  __TI_printfi_minimal            
000008e9  main                            
00000a51  DL_Timer_initFourCCPWMMode      
00000b55  DL_Timer_initTimerMode          
00000c51  SYSCFG_DL_GPIO_init             
00000d3d  SYSCFG_DL_PWM_DRIVE_init        
00000e1d  __aeabi_fsub                    
00000e1d  __subsf3                        
00000e27  __addsf3                        
00000e27  __aeabi_fadd                    
00000ef5  memcpy                          
00000f8f  ADC0_IRQHandler                 
00000f8f  ADC1_IRQHandler                 
00000f8f  AES_IRQHandler                  
00000f8f  CANFD0_IRQHandler               
00000f8f  DAC0_IRQHandler                 
00000f8f  DMA_IRQHandler                  
00000f8f  Default_Handler                 
00000f8f  GROUP0_IRQHandler               
00000f8f  HardFault_Handler               
00000f8f  I2C0_IRQHandler                 
00000f8f  I2C1_IRQHandler                 
00000f8f  NMI_Handler                     
00000f8f  PendSV_Handler                  
00000f8f  RTC_IRQHandler                  
00000f8f  SPI0_IRQHandler                 
00000f8f  SPI1_IRQHandler                 
00000f8f  SVC_Handler                     
00000f8f  SysTick_Handler                 
00000f8f  TIMA0_IRQHandler                
00000f8f  TIMA1_IRQHandler                
00000f8f  TIMG12_IRQHandler               
00000f8f  TIMG6_IRQHandler                
00000f8f  TIMG7_IRQHandler                
00000f8f  TIMG8_IRQHandler                
00000f8f  UART0_IRQHandler                
00000f8f  UART1_IRQHandler                
00000f8f  UART2_IRQHandler                
00000f8f  UART3_IRQHandler                
00000f91  __aeabi_fmul                    
00000f91  __mulsf3                        
0000101d  __TI_decompress_lzss            
000010fd  __aeabi_fcmpeq                  
00001111  __aeabi_fcmplt                  
00001125  __aeabi_fcmple                  
00001139  __aeabi_fcmpge                  
0000114d  __aeabi_fcmpgt                  
0000115f  memset                          
000011c1  SYSCFG_DL_UART_JDY31_init       
00001221  __aeabi_idiv                    
00001221  __aeabi_idivmod                 
00001277  __aeabi_idiv0                   
00001279  GROUP1_IRQHandler               
000012c9  DL_UART_init                    
00001311  SYSCFG_DL_initPower             
00001359  SYSCFG_DL_SYSCTL_init           
00001399  __aeabi_uidiv                   
00001399  __aeabi_uidivmod                
000013d9  vsnprintf                       
00001419  __aeabi_i2f                     
00001419  __floatsisf                     
00001455  __gesf2                         
00001455  __gtsf2                         
00001491  __TI_auto_init_nobinit_nopinit  
000014cd  __cmpsf2                        
000014cd  __eqsf2                         
000014cd  __lesf2                         
000014cd  __ltsf2                         
000014cd  __nesf2                         
00001509  __muldsi3                       
00001545  SYSCFG_DL_TIMER_PID_init        
0000157d  __aeabi_f2iz                    
0000157d  __fixsfsi                       
000015b5  DL_UART_transmitDataBlocking    
00001615  SYSCFG_DL_init                  
0000163d  __aeabi_ui2f                    
0000163d  __floatunsisf                   
00001665  _c_int00_noargs                 
0000168d  memccpy                         
000016b1  DL_Timer_setCaptCompUpdateMethod
000016cd  DL_Timer_setClockConfig         
000016e9  DL_Timer_setCaptureCompareOutCtl
00001719  __TI_zero_init_nomemset         
0000172f  DL_UART_setClockConfig          
00001741  __TI_decompress_none            
00001755  DL_Timer_setCaptureCompareValue 
00001765  __aeabi_memset                  
00001765  __aeabi_memset4                 
00001765  __aeabi_memset8                 
00001781  DL_Common_delayCycles           
0000178d  __aeabi_memcpy                  
0000178d  __aeabi_memcpy4                 
0000178d  __aeabi_memcpy8                 
00001795  abort                           
0000179a  C$$EXIT                         
0000179b  HOSTexit                        
0000179f  Reset_Handler                   
000017a3  _system_pre_init                
000018a4  __TI_Handler_Table_Base         
000018b0  __TI_Handler_Table_Limit        
000018b8  __TI_CINIT_Base                 
000018c8  __TI_CINIT_Limit                
000018c8  __TI_CINIT_Warm                 
20200000  __start___llvm_prf_bits         
20200000  __start___llvm_prf_cnts         
20200000  __stop___llvm_prf_bits          
20200000  __stop___llvm_prf_cnts          
20200000  gPWM_DRIVEBackup                
20207e00  __stack                         
20208000  __STACK_END                     
ffffffff  __TI_pprof_out_hndl             
ffffffff  __TI_prof_data_size             
ffffffff  __TI_prof_data_start            
ffffffff  __binit__                       
ffffffff  binit                           
UNDEFED   __mpu_init                      
UNDEFED   _system_post_cinit              

[130 symbols]
