******************************************************************************
            TI ARM Clang Linker PC v4.0.4                      
******************************************************************************
>> Linked Sun Jul 12 18:23:02 2026

OUTPUT FILE NAME:   <xiaochexunji.out>
ENTRY POINT SYMBOL: "_c_int00_noargs"  address: 00000645


MEMORY CONFIGURATION

         name            origin    length      used     unused   attr    fill
----------------------  --------  ---------  --------  --------  ----  --------
  FLASH                 00000000   00020000  00000748  0001f8b8  R  X
  SRAM                  20200000   00008000  000002c4  00007d3c  RW X
  BCR_CONFIG            41c00000   000000ff  00000000  000000ff  R   
  BSL_CONFIG            41c00100   00000080  00000000  00000080  R   


SEGMENT ALLOCATION MAP

run origin  load origin   length   init length attrs members
----------  ----------- ---------- ----------- ----- -------
00000000    00000000    00000748   00000748    r-x
  00000000    00000000    000000c0   000000c0    r-- .intvecs
  000000c0    000000c0    00000660   00000660    r-x .text
  00000720    00000720    00000010   00000010    r-- .rodata
  00000730    00000730    00000018   00000018    r-- .cinit
20200000    20200000    000000c4   00000000    rw-
  20200000    20200000    000000c4   00000000    rw- .bss
20207e00    20207e00    00000200   00000000    rw-
  20207e00    20207e00    00000200   00000000    rw- .stack


SECTION ALLOCATION MAP

 output                                  attributes/
section   page    origin      length       input sections
--------  ----  ----------  ----------   ----------------
.intvecs   0    00000000    000000c0     
                  00000000    000000c0     startup_mspm0g350x_ticlang.o (.intvecs)

.text      0    000000c0    00000660     
                  000000c0    00000224     empty.o (.text.main)
                  000002e4    00000104     driverlib.a : dl_timer.o (.text.DL_Timer_initFourCCPWMMode)
                  000003e8    000000e0     ti_msp_dl_config.o (.text.SYSCFG_DL_PWM_DRIVE_init)
                  000004c8    00000074     ti_msp_dl_config.o (.text.SYSCFG_DL_GPIO_init)
                  0000053c    00000056     libclang_rt.builtins.a : aeabi_idivmod.S.obj (.text.__aeabi_idivmod)
                  00000592    00000002     startup_mspm0g350x_ticlang.o (.text.Default_Handler)
                  00000594    00000040     ti_msp_dl_config.o (.text.SYSCFG_DL_SYSCTL_init)
                  000005d4    0000003c     libc.a : autoinit.c.obj (.text:__TI_auto_init_nobinit_nopinit)
                  00000610    00000034     ti_msp_dl_config.o (.text.SYSCFG_DL_initPower)
                  00000644    00000028     libc.a : boot_cortex_m.c.obj (.text:_c_int00_noargs)
                  0000066c    00000020     ti_msp_dl_config.o (.text.SYSCFG_DL_init)
                  0000068c    0000001c     driverlib.a : dl_timer.o (.text.DL_Timer_setCaptCompUpdateMethod)
                  000006a8    0000001c                 : dl_timer.o (.text.DL_Timer_setClockConfig)
                  000006c4    00000018                 : dl_timer.o (.text.DL_Timer_setCaptureCompareOutCtl)
                  000006dc    00000016     libc.a : copy_zero_init.c.obj (.text:decompress:ZI:__TI_zero_init_nomemset)
                  000006f2    00000002     libclang_rt.builtins.a : aeabi_div0.c.obj (.text.__aeabi_idiv0)
                  000006f4    00000010     driverlib.a : dl_timer.o (.text.DL_Timer_setCaptureCompareValue)
                  00000704    0000000a                 : dl_common.o (.text.DL_Common_delayCycles)
                  0000070e    00000006     libc.a : exit.c.obj (.text:abort)
                  00000714    00000004     libsysbm.a : hostexit.c.obj (.text.HOSTexit)
                  00000718    00000004     startup_mspm0g350x_ticlang.o (.text.Reset_Handler)
                  0000071c    00000004     libc.a : pre_init.c.obj (.text._system_pre_init)

.cinit     0    00000730    00000018     
                  00000730    00000008     (.cinit..bss.load) [load image, compression = zero_init]
                  00000738    00000004     (__TI_handler_table)
                  0000073c    00000008     (__TI_cinit_table)
                  00000744    00000004     --HOLE-- [fill = 0]

.rodata    0    00000720    00000010     
                  00000720    00000008     ti_msp_dl_config.o (.rodata.gPWM_DRIVEConfig)
                  00000728    00000003     ti_msp_dl_config.o (.rodata.gPWM_DRIVEClockConfig)
                  0000072b    00000005     --HOLE-- [fill = 0]

.init_array 
*          0    00000000    00000000     UNINITIALIZED

.binit     0    00000000    00000000     

.bss       0    20200000    000000c4     UNINITIALIZED
                  20200000    000000bc     (.common:gPWM_DRIVEBackup)
                  202000bc    00000008     empty.o (.bss.sensor)

.stack     0    20207e00    00000200     UNINITIALIZED
                  20207e00    00000004     libc.a : boot_cortex_m.c.obj (.stack)
                  20207e04    000001fc     --HOLE--

__llvm_prf_cnts 
*          0    20200000    00000000     UNINITIALIZED

__llvm_prf_bits 
*          0    20200000    00000000     UNINITIALIZED

MODULE SUMMARY

       Module                         code   ro data   rw data
       ------                         ----   -------   -------
    .\
       ti_msp_dl_config.o             488    11        188    
       empty.o                        548    0         8      
       startup_mspm0g350x_ticlang.o   6      192       0      
    +--+------------------------------+------+---------+---------+
       Total:                         1042   203       196    
                                                              
    C:/ti/mspm0_sdk_2_10_00_04/source/ti/driverlib/lib/ticlang/m0p/mspm0g1x0x_g3x0x/driverlib.a
       dl_timer.o                     356    0         0      
       dl_common.o                    10     0         0      
    +--+------------------------------+------+---------+---------+
       Total:                         366    0         0      
                                                              
    C:\ti\ccs2051\ccs\tools\compiler\ti-cgt-armllvm_4.0.4.LTS\lib\armv6m-ti-none-eabi/c/libc.a
       autoinit.c.obj                 60     0         0      
       boot_cortex_m.c.obj            40     0         0      
       copy_zero_init.c.obj           22     0         0      
       exit.c.obj                     6      0         0      
       pre_init.c.obj                 4      0         0      
    +--+------------------------------+------+---------+---------+
       Total:                         132    0         0      
                                                              
    C:\ti\ccs2051\ccs\tools\compiler\ti-cgt-armllvm_4.0.4.LTS\lib\armv6m-ti-none-eabi/c/libsysbm.a
       hostexit.c.obj                 4      0         0      
    +--+------------------------------+------+---------+---------+
       Total:                         4      0         0      
                                                              
    C:\ti\ccs2051\ccs\tools\compiler\ti-cgt-armllvm_4.0.4.LTS\lib\armv6m-ti-none-eabi/libclang_rt.builtins.a
       aeabi_idivmod.S.obj            86     0         0      
       aeabi_div0.c.obj               2      0         0      
    +--+------------------------------+------+---------+---------+
       Total:                         88     0         0      
                                                              
       Stack:                         0      0         512    
       Linker Generated:              0      20        0      
    +--+------------------------------+------+---------+---------+
       Grand Total:                   1632   223       708    


LINKER GENERATED COPY TABLES

__TI_cinit_table @ 0000073c records: 1, size/record: 8, table size: 8
	.bss: load addr=00000730, load size=00000008 bytes, run addr=20200000, run size=000000c4 bytes, compression=zero_init


LINKER GENERATED HANDLER TABLE

__TI_handler_table @ 00000738 records: 1, size/record: 4, table size: 4
	index: 0, handler: __TI_zero_init


GLOBAL SYMBOLS: SORTED ALPHABETICALLY BY Name 

address   name                            
-------   ----                            
00000593  ADC0_IRQHandler                 
00000593  ADC1_IRQHandler                 
00000593  AES_IRQHandler                  
00000714  C$$EXIT                         
00000593  CANFD0_IRQHandler               
00000593  DAC0_IRQHandler                 
00000705  DL_Common_delayCycles           
000002e5  DL_Timer_initFourCCPWMMode      
0000068d  DL_Timer_setCaptCompUpdateMethod
000006c5  DL_Timer_setCaptureCompareOutCtl
000006f5  DL_Timer_setCaptureCompareValue 
000006a9  DL_Timer_setClockConfig         
00000593  DMA_IRQHandler                  
00000593  Default_Handler                 
00000593  GROUP0_IRQHandler               
00000593  GROUP1_IRQHandler               
00000715  HOSTexit                        
00000593  HardFault_Handler               
00000593  I2C0_IRQHandler                 
00000593  I2C1_IRQHandler                 
00000593  NMI_Handler                     
00000593  PendSV_Handler                  
00000593  RTC_IRQHandler                  
00000719  Reset_Handler                   
00000593  SPI0_IRQHandler                 
00000593  SPI1_IRQHandler                 
00000593  SVC_Handler                     
000004c9  SYSCFG_DL_GPIO_init             
000003e9  SYSCFG_DL_PWM_DRIVE_init        
00000595  SYSCFG_DL_SYSCTL_init           
0000066d  SYSCFG_DL_init                  
00000611  SYSCFG_DL_initPower             
00000593  SysTick_Handler                 
00000593  TIMA0_IRQHandler                
00000593  TIMA1_IRQHandler                
00000593  TIMG0_IRQHandler                
00000593  TIMG12_IRQHandler               
00000593  TIMG6_IRQHandler                
00000593  TIMG7_IRQHandler                
00000593  TIMG8_IRQHandler                
00000593  UART0_IRQHandler                
00000593  UART1_IRQHandler                
00000593  UART2_IRQHandler                
00000593  UART3_IRQHandler                
20208000  __STACK_END                     
00000200  __STACK_SIZE                    
00000000  __TI_ATRegion0_region_sz        
00000000  __TI_ATRegion0_src_addr         
00000000  __TI_ATRegion0_trg_addr         
00000000  __TI_ATRegion1_region_sz        
00000000  __TI_ATRegion1_src_addr         
00000000  __TI_ATRegion1_trg_addr         
00000000  __TI_ATRegion2_region_sz        
00000000  __TI_ATRegion2_src_addr         
00000000  __TI_ATRegion2_trg_addr         
0000073c  __TI_CINIT_Base                 
00000744  __TI_CINIT_Limit                
00000744  __TI_CINIT_Warm                 
00000738  __TI_Handler_Table_Base         
0000073c  __TI_Handler_Table_Limit        
000005d5  __TI_auto_init_nobinit_nopinit  
ffffffff  __TI_pprof_out_hndl             
ffffffff  __TI_prof_data_size             
ffffffff  __TI_prof_data_start            
00000000  __TI_static_base__              
000006dd  __TI_zero_init_nomemset         
0000053d  __aeabi_idiv                    
000006f3  __aeabi_idiv0                   
0000053d  __aeabi_idivmod                 
ffffffff  __binit__                       
UNDEFED   __mpu_init                      
20207e00  __stack                         
20200000  __start___llvm_prf_bits         
20200000  __start___llvm_prf_cnts         
20200000  __stop___llvm_prf_bits          
20200000  __stop___llvm_prf_cnts          
00000645  _c_int00_noargs                 
UNDEFED   _system_post_cinit              
0000071d  _system_pre_init                
0000070f  abort                           
ffffffff  binit                           
20200000  gPWM_DRIVEBackup                
00000000  interruptVectors                
000000c1  main                            


GLOBAL SYMBOLS: SORTED BY Symbol Address 

address   name                            
-------   ----                            
00000000  __TI_ATRegion0_region_sz        
00000000  __TI_ATRegion0_src_addr         
00000000  __TI_ATRegion0_trg_addr         
00000000  __TI_ATRegion1_region_sz        
00000000  __TI_ATRegion1_src_addr         
00000000  __TI_ATRegion1_trg_addr         
00000000  __TI_ATRegion2_region_sz        
00000000  __TI_ATRegion2_src_addr         
00000000  __TI_ATRegion2_trg_addr         
00000000  __TI_static_base__              
00000000  interruptVectors                
000000c1  main                            
00000200  __STACK_SIZE                    
000002e5  DL_Timer_initFourCCPWMMode      
000003e9  SYSCFG_DL_PWM_DRIVE_init        
000004c9  SYSCFG_DL_GPIO_init             
0000053d  __aeabi_idiv                    
0000053d  __aeabi_idivmod                 
00000593  ADC0_IRQHandler                 
00000593  ADC1_IRQHandler                 
00000593  AES_IRQHandler                  
00000593  CANFD0_IRQHandler               
00000593  DAC0_IRQHandler                 
00000593  DMA_IRQHandler                  
00000593  Default_Handler                 
00000593  GROUP0_IRQHandler               
00000593  GROUP1_IRQHandler               
00000593  HardFault_Handler               
00000593  I2C0_IRQHandler                 
00000593  I2C1_IRQHandler                 
00000593  NMI_Handler                     
00000593  PendSV_Handler                  
00000593  RTC_IRQHandler                  
00000593  SPI0_IRQHandler                 
00000593  SPI1_IRQHandler                 
00000593  SVC_Handler                     
00000593  SysTick_Handler                 
00000593  TIMA0_IRQHandler                
00000593  TIMA1_IRQHandler                
00000593  TIMG0_IRQHandler                
00000593  TIMG12_IRQHandler               
00000593  TIMG6_IRQHandler                
00000593  TIMG7_IRQHandler                
00000593  TIMG8_IRQHandler                
00000593  UART0_IRQHandler                
00000593  UART1_IRQHandler                
00000593  UART2_IRQHandler                
00000593  UART3_IRQHandler                
00000595  SYSCFG_DL_SYSCTL_init           
000005d5  __TI_auto_init_nobinit_nopinit  
00000611  SYSCFG_DL_initPower             
00000645  _c_int00_noargs                 
0000066d  SYSCFG_DL_init                  
0000068d  DL_Timer_setCaptCompUpdateMethod
000006a9  DL_Timer_setClockConfig         
000006c5  DL_Timer_setCaptureCompareOutCtl
000006dd  __TI_zero_init_nomemset         
000006f3  __aeabi_idiv0                   
000006f5  DL_Timer_setCaptureCompareValue 
00000705  DL_Common_delayCycles           
0000070f  abort                           
00000714  C$$EXIT                         
00000715  HOSTexit                        
00000719  Reset_Handler                   
0000071d  _system_pre_init                
00000738  __TI_Handler_Table_Base         
0000073c  __TI_CINIT_Base                 
0000073c  __TI_Handler_Table_Limit        
00000744  __TI_CINIT_Limit                
00000744  __TI_CINIT_Warm                 
20200000  __start___llvm_prf_bits         
20200000  __start___llvm_prf_cnts         
20200000  __stop___llvm_prf_bits          
20200000  __stop___llvm_prf_cnts          
20200000  gPWM_DRIVEBackup                
20207e00  __stack                         
20208000  __STACK_END                     
ffffffff  __TI_pprof_out_hndl             
ffffffff  __TI_prof_data_size             
ffffffff  __TI_prof_data_start            
ffffffff  __binit__                       
ffffffff  binit                           
UNDEFED   __mpu_init                      
UNDEFED   _system_post_cinit              

[84 symbols]
