******************************************************************************
            TI ARM Clang Linker PC v4.0.4                      
******************************************************************************
>> Linked Tue Jul 14 12:24:19 2026

OUTPUT FILE NAME:   <xiaochexunji.out>
ENTRY POINT SYMBOL: "_c_int00_noargs"  address: 000009c5


MEMORY CONFIGURATION

         name            origin    length      used     unused   attr    fill
----------------------  --------  ---------  --------  --------  ----  --------
  FLASH                 00000000   00020000  00000b18  0001f4e8  R  X
  SRAM                  20200000   00008000  000002ce  00007d32  RW X
  BCR_CONFIG            41c00000   000000ff  00000000  000000ff  R   
  BSL_CONFIG            41c00100   00000080  00000000  00000080  R   


SEGMENT ALLOCATION MAP

run origin  load origin   length   init length attrs members
----------  ----------- ---------- ----------- ----- -------
00000000    00000000    00000b18   00000b18    r-x
  00000000    00000000    000000c0   000000c0    r-- .intvecs
  000000c0    000000c0    00000a00   00000a00    r-x .text
  00000ac0    00000ac0    00000028   00000028    r-- .rodata
  00000ae8    00000ae8    00000030   00000030    r-- .cinit
20200000    20200000    000000ce   00000000    rw-
  20200000    20200000    000000c4   00000000    rw- .bss
  202000c4    202000c4    0000000a   00000000    rw- .data
20207e00    20207e00    00000200   00000000    rw-
  20207e00    20207e00    00000200   00000000    rw- .stack


SECTION ALLOCATION MAP

 output                                  attributes/
section   page    origin      length       input sections
--------  ----  ----------  ----------   ----------------
.intvecs   0    00000000    000000c0     
                  00000000    000000c0     startup_mspm0g350x_ticlang.o (.intvecs)

.text      0    000000c0    00000a00     
                  000000c0    00000240     empty.o (.text.TIMG0_IRQHandler)
                  00000300    00000104     driverlib.a : dl_timer.o (.text.DL_Timer_initFourCCPWMMode)
                  00000404    000000fc                 : dl_timer.o (.text.DL_Timer_initTimerMode)
                  00000500    000000e0     ti_msp_dl_config.o (.text.SYSCFG_DL_PWM_DRIVE_init)
                  000005e0    0000009a     libc.a : memcpy16.S.obj (.text:memcpy)
                  0000067a    00000002     startup_mspm0g350x_ticlang.o (.text.Default_Handler)
                  0000067c    00000084     empty.o (.text.motor)
                  00000700    0000007c     libc.a : copy_decompress_lzss.c.obj (.text:decompress:lzss)
                  0000077c    00000070     ti_msp_dl_config.o (.text.SYSCFG_DL_GPIO_init)
                  000007ec    00000056     libclang_rt.builtins.a : aeabi_idivmod.S.obj (.text.__aeabi_idivmod)
                  00000842    00000002                            : aeabi_div0.c.obj (.text.__aeabi_idiv0)
                  00000844    0000004c     empty.o (.text.main)
                  00000890    00000040     ti_msp_dl_config.o (.text.SYSCFG_DL_SYSCTL_init)
                  000008d0    00000040     ti_msp_dl_config.o (.text.SYSCFG_DL_initPower)
                  00000910    00000040     libclang_rt.builtins.a : aeabi_uidivmod.S.obj (.text.__aeabi_uidivmod)
                  00000950    0000003c     libc.a : autoinit.c.obj (.text:__TI_auto_init_nobinit_nopinit)
                  0000098c    00000038     ti_msp_dl_config.o (.text.SYSCFG_DL_TIMER_0_init)
                  000009c4    00000028     libc.a : boot_cortex_m.c.obj (.text:_c_int00_noargs)
                  000009ec    00000024     ti_msp_dl_config.o (.text.SYSCFG_DL_init)
                  00000a10    0000001c     driverlib.a : dl_timer.o (.text.DL_Timer_setCaptCompUpdateMethod)
                  00000a2c    0000001c                 : dl_timer.o (.text.DL_Timer_setClockConfig)
                  00000a48    00000018                 : dl_timer.o (.text.DL_Timer_setCaptureCompareOutCtl)
                  00000a60    00000016     libc.a : copy_zero_init.c.obj (.text:decompress:ZI:__TI_zero_init_nomemset)
                  00000a76    00000012            : copy_decompress_none.c.obj (.text:decompress:none)
                  00000a88    00000010     driverlib.a : dl_timer.o (.text.DL_Timer_setCaptureCompareValue)
                  00000a98    0000000a                 : dl_common.o (.text.DL_Common_delayCycles)
                  00000aa2    00000002     --HOLE-- [fill = 0]
                  00000aa4    00000008     libclang_rt.builtins.a : aeabi_memcpy.S.obj (.text.__aeabi_memcpy)
                  00000aac    00000006     libc.a : exit.c.obj (.text:abort)
                  00000ab2    00000004     libsysbm.a : hostexit.c.obj (.text.HOSTexit)
                  00000ab6    00000004     startup_mspm0g350x_ticlang.o (.text.Reset_Handler)
                  00000aba    00000004     libc.a : pre_init.c.obj (.text._system_pre_init)
                  00000abe    00000002     --HOLE-- [fill = 0]

.cinit     0    00000ae8    00000030     
                  00000ae8    0000000c     (__TI_handler_table)
                  00000af4    00000008     (.cinit..bss.load) [load image, compression = zero_init]
                  00000afc    00000007     (.cinit..data.load) [load image, compression = lzss]
                  00000b03    00000001     --HOLE-- [fill = 0]
                  00000b04    00000010     (__TI_cinit_table)
                  00000b14    00000004     --HOLE-- [fill = 0]

.rodata    0    00000ac0    00000028     
                  00000ac0    00000014     ti_msp_dl_config.o (.rodata.gTIMER_0TimerConfig)
                  00000ad4    00000008     ti_msp_dl_config.o (.rodata.gPWM_DRIVEConfig)
                  00000adc    00000003     ti_msp_dl_config.o (.rodata.gPWM_DRIVEClockConfig)
                  00000adf    00000003     ti_msp_dl_config.o (.rodata.gTIMER_0ClockConfig)
                  00000ae2    00000006     --HOLE-- [fill = 0]

.init_array 
*          0    00000000    00000000     UNINITIALIZED

.binit     0    00000000    00000000     

.bss       0    20200000    000000c4     UNINITIALIZED
                  20200000    000000bc     (.common:gPWM_DRIVEBackup)
                  202000bc    00000008     empty.o (.bss.sensor)

.data      0    202000c4    0000000a     UNINITIALIZED
                  202000c4    00000002     empty.o (.data.corner_count)
                  202000c6    00000002     empty.o (.data.lockout)
                  202000c8    00000001     empty.o (.data.car_stopped)
                  202000c9    00000001     empty.o (.data.clear_cnt)
                  202000ca    00000001     empty.o (.data.corner_armed)
                  202000cb    00000001     empty.o (.data.finishing)
                  202000cc    00000001     empty.o (.data.last_err)
                  202000cd    00000001     empty.o (.data.scan_ch)

.stack     0    20207e00    00000200     UNINITIALIZED
                  20207e00    00000004     libc.a : boot_cortex_m.c.obj (.stack)
                  20207e04    000001fc     --HOLE--

__llvm_prf_cnts 
*          0    20200000    00000000     UNINITIALIZED

__llvm_prf_bits 
*          0    20200000    00000000     UNINITIALIZED

MODULE SUMMARY

       Module                         code   ro data   rw data
       ------                         ----   -------   -------
    .\
       empty.o                        784    0         18     
       ti_msp_dl_config.o             556    34        188    
       startup_mspm0g350x_ticlang.o   6      192       0      
    +--+------------------------------+------+---------+---------+
       Total:                         1346   226       206    
                                                              
    C:/ti/mspm0_sdk_2_10_00_04/source/ti/driverlib/lib/ticlang/m0p/mspm0g1x0x_g3x0x/driverlib.a
       dl_timer.o                     608    0         0      
       dl_common.o                    10     0         0      
    +--+------------------------------+------+---------+---------+
       Total:                         618    0         0      
                                                              
    C:\ti\ccs2051\ccs\tools\compiler\ti-cgt-armllvm_4.0.4.LTS\lib\armv6m-ti-none-eabi/c/libc.a
       memcpy16.S.obj                 154    0         0      
       copy_decompress_lzss.c.obj     124    0         0      
       autoinit.c.obj                 60     0         0      
       boot_cortex_m.c.obj            40     0         0      
       copy_zero_init.c.obj           22     0         0      
       copy_decompress_none.c.obj     18     0         0      
       exit.c.obj                     6      0         0      
       pre_init.c.obj                 4      0         0      
    +--+------------------------------+------+---------+---------+
       Total:                         428    0         0      
                                                              
    C:\ti\ccs2051\ccs\tools\compiler\ti-cgt-armllvm_4.0.4.LTS\lib\armv6m-ti-none-eabi/c/libsysbm.a
       hostexit.c.obj                 4      0         0      
    +--+------------------------------+------+---------+---------+
       Total:                         4      0         0      
                                                              
    C:\ti\ccs2051\ccs\tools\compiler\ti-cgt-armllvm_4.0.4.LTS\lib\armv6m-ti-none-eabi/libclang_rt.builtins.a
       aeabi_idivmod.S.obj            86     0         0      
       aeabi_uidivmod.S.obj           64     0         0      
       aeabi_memcpy.S.obj             8      0         0      
       aeabi_div0.c.obj               2      0         0      
    +--+------------------------------+------+---------+---------+
       Total:                         160    0         0      
                                                              
       Stack:                         0      0         512    
       Linker Generated:              0      43        0      
    +--+------------------------------+------+---------+---------+
       Grand Total:                   2556   269       718    


LINKER GENERATED COPY TABLES

__TI_cinit_table @ 00000b04 records: 2, size/record: 8, table size: 16
	.bss: load addr=00000af4, load size=00000008 bytes, run addr=20200000, run size=000000c4 bytes, compression=zero_init
	.data: load addr=00000afc, load size=00000007 bytes, run addr=202000c4, run size=0000000a bytes, compression=lzss


LINKER GENERATED HANDLER TABLE

__TI_handler_table @ 00000ae8 records: 3, size/record: 4, table size: 12
	index: 0, handler: __TI_decompress_lzss
	index: 1, handler: __TI_decompress_none
	index: 2, handler: __TI_zero_init


GLOBAL SYMBOLS: SORTED ALPHABETICALLY BY Name 

address   name                            
-------   ----                            
0000067b  ADC0_IRQHandler                 
0000067b  ADC1_IRQHandler                 
0000067b  AES_IRQHandler                  
00000ab2  C$$EXIT                         
0000067b  CANFD0_IRQHandler               
0000067b  DAC0_IRQHandler                 
00000a99  DL_Common_delayCycles           
00000301  DL_Timer_initFourCCPWMMode      
00000405  DL_Timer_initTimerMode          
00000a11  DL_Timer_setCaptCompUpdateMethod
00000a49  DL_Timer_setCaptureCompareOutCtl
00000a89  DL_Timer_setCaptureCompareValue 
00000a2d  DL_Timer_setClockConfig         
0000067b  DMA_IRQHandler                  
0000067b  Default_Handler                 
0000067b  GROUP0_IRQHandler               
0000067b  GROUP1_IRQHandler               
00000ab3  HOSTexit                        
0000067b  HardFault_Handler               
0000067b  I2C0_IRQHandler                 
0000067b  I2C1_IRQHandler                 
0000067b  NMI_Handler                     
0000067b  PendSV_Handler                  
0000067b  RTC_IRQHandler                  
00000ab7  Reset_Handler                   
0000067b  SPI0_IRQHandler                 
0000067b  SPI1_IRQHandler                 
0000067b  SVC_Handler                     
0000077d  SYSCFG_DL_GPIO_init             
00000501  SYSCFG_DL_PWM_DRIVE_init        
00000891  SYSCFG_DL_SYSCTL_init           
0000098d  SYSCFG_DL_TIMER_0_init          
000009ed  SYSCFG_DL_init                  
000008d1  SYSCFG_DL_initPower             
0000067b  SysTick_Handler                 
0000067b  TIMA0_IRQHandler                
0000067b  TIMA1_IRQHandler                
000000c1  TIMG0_IRQHandler                
0000067b  TIMG12_IRQHandler               
0000067b  TIMG6_IRQHandler                
0000067b  TIMG7_IRQHandler                
0000067b  TIMG8_IRQHandler                
0000067b  UART0_IRQHandler                
0000067b  UART1_IRQHandler                
0000067b  UART2_IRQHandler                
0000067b  UART3_IRQHandler                
20208000  __STACK_END                     
00000200  __STACK_SIZE                    
00000000  __TI_ATRegion0_region_sz        
00000000  __TI_ATRegion0_src_addr         
00000000  __TI_ATRegion0_trg_addr         
00000000  __TI_ATRegion1_region_sz        
00000000  __TI_ATRegion1_src_addr         
00000000  __TI_ATRegion1_trg_addr         
00000000  __TI_ATRegion2_region_sz        
00000000  __TI_ATRegion2_src_addr         
00000000  __TI_ATRegion2_trg_addr         
00000b04  __TI_CINIT_Base                 
00000b14  __TI_CINIT_Limit                
00000b14  __TI_CINIT_Warm                 
00000ae8  __TI_Handler_Table_Base         
00000af4  __TI_Handler_Table_Limit        
00000951  __TI_auto_init_nobinit_nopinit  
00000701  __TI_decompress_lzss            
00000a77  __TI_decompress_none            
ffffffff  __TI_pprof_out_hndl             
ffffffff  __TI_prof_data_size             
ffffffff  __TI_prof_data_start            
00000000  __TI_static_base__              
00000a61  __TI_zero_init_nomemset         
000007ed  __aeabi_idiv                    
00000843  __aeabi_idiv0                   
000007ed  __aeabi_idivmod                 
00000aa5  __aeabi_memcpy                  
00000aa5  __aeabi_memcpy4                 
00000aa5  __aeabi_memcpy8                 
00000911  __aeabi_uidiv                   
00000911  __aeabi_uidivmod                
ffffffff  __binit__                       
UNDEFED   __mpu_init                      
20207e00  __stack                         
20200000  __start___llvm_prf_bits         
20200000  __start___llvm_prf_cnts         
20200000  __stop___llvm_prf_bits          
20200000  __stop___llvm_prf_cnts          
000009c5  _c_int00_noargs                 
UNDEFED   _system_post_cinit              
00000abb  _system_pre_init                
00000aad  abort                           
ffffffff  binit                           
20200000  gPWM_DRIVEBackup                
00000000  interruptVectors                
00000845  main                            
000005e1  memcpy                          


GLOBAL SYMBOLS: SORTED BY Symbol Address 

address   name                            
-------   ----                            
00000000  __TI_ATRegion0_region_sz        
00000000  __TI_ATRegion0_src_addr         
00000000  __TI_ATRegion0_trg_addr         
00000000  __TI_ATRegion1_region_sz        
00000000  __TI_ATRegion1_src_addr         
00000000  __TI_ATRegion1_trg_addr         
00000000  __TI_ATRegion2_region_sz        
00000000  __TI_ATRegion2_src_addr         
00000000  __TI_ATRegion2_trg_addr         
00000000  __TI_static_base__              
00000000  interruptVectors                
000000c1  TIMG0_IRQHandler                
00000200  __STACK_SIZE                    
00000301  DL_Timer_initFourCCPWMMode      
00000405  DL_Timer_initTimerMode          
00000501  SYSCFG_DL_PWM_DRIVE_init        
000005e1  memcpy                          
0000067b  ADC0_IRQHandler                 
0000067b  ADC1_IRQHandler                 
0000067b  AES_IRQHandler                  
0000067b  CANFD0_IRQHandler               
0000067b  DAC0_IRQHandler                 
0000067b  DMA_IRQHandler                  
0000067b  Default_Handler                 
0000067b  GROUP0_IRQHandler               
0000067b  GROUP1_IRQHandler               
0000067b  HardFault_Handler               
0000067b  I2C0_IRQHandler                 
0000067b  I2C1_IRQHandler                 
0000067b  NMI_Handler                     
0000067b  PendSV_Handler                  
0000067b  RTC_IRQHandler                  
0000067b  SPI0_IRQHandler                 
0000067b  SPI1_IRQHandler                 
0000067b  SVC_Handler                     
0000067b  SysTick_Handler                 
0000067b  TIMA0_IRQHandler                
0000067b  TIMA1_IRQHandler                
0000067b  TIMG12_IRQHandler               
0000067b  TIMG6_IRQHandler                
0000067b  TIMG7_IRQHandler                
0000067b  TIMG8_IRQHandler                
0000067b  UART0_IRQHandler                
0000067b  UART1_IRQHandler                
0000067b  UART2_IRQHandler                
0000067b  UART3_IRQHandler                
00000701  __TI_decompress_lzss            
0000077d  SYSCFG_DL_GPIO_init             
000007ed  __aeabi_idiv                    
000007ed  __aeabi_idivmod                 
00000843  __aeabi_idiv0                   
00000845  main                            
00000891  SYSCFG_DL_SYSCTL_init           
000008d1  SYSCFG_DL_initPower             
00000911  __aeabi_uidiv                   
00000911  __aeabi_uidivmod                
00000951  __TI_auto_init_nobinit_nopinit  
0000098d  SYSCFG_DL_TIMER_0_init          
000009c5  _c_int00_noargs                 
000009ed  SYSCFG_DL_init                  
00000a11  DL_Timer_setCaptCompUpdateMethod
00000a2d  DL_Timer_setClockConfig         
00000a49  DL_Timer_setCaptureCompareOutCtl
00000a61  __TI_zero_init_nomemset         
00000a77  __TI_decompress_none            
00000a89  DL_Timer_setCaptureCompareValue 
00000a99  DL_Common_delayCycles           
00000aa5  __aeabi_memcpy                  
00000aa5  __aeabi_memcpy4                 
00000aa5  __aeabi_memcpy8                 
00000aad  abort                           
00000ab2  C$$EXIT                         
00000ab3  HOSTexit                        
00000ab7  Reset_Handler                   
00000abb  _system_pre_init                
00000ae8  __TI_Handler_Table_Base         
00000af4  __TI_Handler_Table_Limit        
00000b04  __TI_CINIT_Base                 
00000b14  __TI_CINIT_Limit                
00000b14  __TI_CINIT_Warm                 
20200000  __start___llvm_prf_bits         
20200000  __start___llvm_prf_cnts         
20200000  __stop___llvm_prf_bits          
20200000  __stop___llvm_prf_cnts          
20200000  gPWM_DRIVEBackup                
20207e00  __stack                         
20208000  __STACK_END                     
ffffffff  __TI_pprof_out_hndl             
ffffffff  __TI_prof_data_size             
ffffffff  __TI_prof_data_start            
ffffffff  __binit__                       
ffffffff  binit                           
UNDEFED   __mpu_init                      
UNDEFED   _system_post_cinit              

[94 symbols]
