******************************************************************************
            TI ARM Clang Linker PC v4.0.4                      
******************************************************************************
>> Linked Sun Jul 12 18:15:10 2026

OUTPUT FILE NAME:   <xiaochexunji.out>
ENTRY POINT SYMBOL: "_c_int00_noargs"  address: 00000631


MEMORY CONFIGURATION

         name            origin    length      used     unused   attr    fill
----------------------  --------  ---------  --------  --------  ----  --------
  FLASH                 00000000   00020000  00000738  0001f8c8  R  X
  SRAM                  20200000   00008000  000002c4  00007d3c  RW X
  BCR_CONFIG            41c00000   000000ff  00000000  000000ff  R   
  BSL_CONFIG            41c00100   00000080  00000000  00000080  R   


SEGMENT ALLOCATION MAP

run origin  load origin   length   init length attrs members
----------  ----------- ---------- ----------- ----- -------
00000000    00000000    00000738   00000738    r-x
  00000000    00000000    000000c0   000000c0    r-- .intvecs
  000000c0    000000c0    00000650   00000650    r-x .text
  00000710    00000710    00000010   00000010    r-- .rodata
  00000720    00000720    00000018   00000018    r-- .cinit
20200000    20200000    000000c4   00000000    rw-
  20200000    20200000    000000c4   00000000    rw- .bss
20207e00    20207e00    00000200   00000000    rw-
  20207e00    20207e00    00000200   00000000    rw- .stack


SECTION ALLOCATION MAP

 output                                  attributes/
section   page    origin      length       input sections
--------  ----  ----------  ----------   ----------------
.intvecs   0    00000000    000000c0     
                  00000000    000000c0     startup_mspm0g350x_ticlang.o (.intvecs)

.text      0    000000c0    00000650     
                  000000c0    00000210     empty.o (.text.main)
                  000002d0    00000104     driverlib.a : dl_timer.o (.text.DL_Timer_initFourCCPWMMode)
                  000003d4    000000e0     ti_msp_dl_config.o (.text.SYSCFG_DL_PWM_DRIVE_init)
                  000004b4    00000074     ti_msp_dl_config.o (.text.SYSCFG_DL_GPIO_init)
                  00000528    00000056     libclang_rt.builtins.a : aeabi_idivmod.S.obj (.text.__aeabi_idivmod)
                  0000057e    00000002     startup_mspm0g350x_ticlang.o (.text.Default_Handler)
                  00000580    00000040     ti_msp_dl_config.o (.text.SYSCFG_DL_SYSCTL_init)
                  000005c0    0000003c     libc.a : autoinit.c.obj (.text:__TI_auto_init_nobinit_nopinit)
                  000005fc    00000034     ti_msp_dl_config.o (.text.SYSCFG_DL_initPower)
                  00000630    00000028     libc.a : boot_cortex_m.c.obj (.text:_c_int00_noargs)
                  00000658    00000020     ti_msp_dl_config.o (.text.SYSCFG_DL_init)
                  00000678    0000001c     driverlib.a : dl_timer.o (.text.DL_Timer_setCaptCompUpdateMethod)
                  00000694    0000001c                 : dl_timer.o (.text.DL_Timer_setClockConfig)
                  000006b0    00000018                 : dl_timer.o (.text.DL_Timer_setCaptureCompareOutCtl)
                  000006c8    00000016     libc.a : copy_zero_init.c.obj (.text:decompress:ZI:__TI_zero_init_nomemset)
                  000006de    00000002     libclang_rt.builtins.a : aeabi_div0.c.obj (.text.__aeabi_idiv0)
                  000006e0    00000010     driverlib.a : dl_timer.o (.text.DL_Timer_setCaptureCompareValue)
                  000006f0    0000000a                 : dl_common.o (.text.DL_Common_delayCycles)
                  000006fa    00000006     libc.a : exit.c.obj (.text:abort)
                  00000700    00000004     libsysbm.a : hostexit.c.obj (.text.HOSTexit)
                  00000704    00000004     startup_mspm0g350x_ticlang.o (.text.Reset_Handler)
                  00000708    00000004     libc.a : pre_init.c.obj (.text._system_pre_init)
                  0000070c    00000004     --HOLE-- [fill = 0]

.cinit     0    00000720    00000018     
                  00000720    00000008     (.cinit..bss.load) [load image, compression = zero_init]
                  00000728    00000004     (__TI_handler_table)
                  0000072c    00000008     (__TI_cinit_table)
                  00000734    00000004     --HOLE-- [fill = 0]

.rodata    0    00000710    00000010     
                  00000710    00000008     ti_msp_dl_config.o (.rodata.gPWM_DRIVEConfig)
                  00000718    00000003     ti_msp_dl_config.o (.rodata.gPWM_DRIVEClockConfig)
                  0000071b    00000005     --HOLE-- [fill = 0]

.init_array 
*          0    00000000    00000000     UNINITIALIZED

.binit     0    00000000    00000000     

.bss       0    20200000    000000c4     UNINITIALIZED
                  20200000    000000bc     (.common:gPWM_DRIVEBackup)
                  202000bc    00000008     empty.o (.bss.sensor)

.stack     0    20207e00    00000200     UNINITIALIZED
                  20207e00    00000004     libc.a : boot_cortex_m.c.obj (.stack)
                  20207e04    000001fc     --HOLE--

__llvm_prf_cnts 
*          0    20200000    00000000     UNINITIALIZED

__llvm_prf_bits 
*          0    20200000    00000000     UNINITIALIZED

MODULE SUMMARY

       Module                         code   ro data   rw data
       ------                         ----   -------   -------
    .\
       ti_msp_dl_config.o             488    11        188    
       empty.o                        528    0         8      
       startup_mspm0g350x_ticlang.o   6      192       0      
    +--+------------------------------+------+---------+---------+
       Total:                         1022   203       196    
                                                              
    C:/ti/mspm0_sdk_2_10_00_04/source/ti/driverlib/lib/ticlang/m0p/mspm0g1x0x_g3x0x/driverlib.a
       dl_timer.o                     356    0         0      
       dl_common.o                    10     0         0      
    +--+------------------------------+------+---------+---------+
       Total:                         366    0         0      
                                                              
    C:\ti\ccs2051\ccs\tools\compiler\ti-cgt-armllvm_4.0.4.LTS\lib\armv6m-ti-none-eabi/c/libc.a
       autoinit.c.obj                 60     0         0      
       boot_cortex_m.c.obj            40     0         0      
       copy_zero_init.c.obj           22     0         0      
       exit.c.obj                     6      0         0      
       pre_init.c.obj                 4      0         0      
    +--+------------------------------+------+---------+---------+
       Total:                         132    0         0      
                                                              
    C:\ti\ccs2051\ccs\tools\compiler\ti-cgt-armllvm_4.0.4.LTS\lib\armv6m-ti-none-eabi/c/libsysbm.a
       hostexit.c.obj                 4      0         0      
    +--+------------------------------+------+---------+---------+
       Total:                         4      0         0      
                                                              
    C:\ti\ccs2051\ccs\tools\compiler\ti-cgt-armllvm_4.0.4.LTS\lib\armv6m-ti-none-eabi/libclang_rt.builtins.a
       aeabi_idivmod.S.obj            86     0         0      
       aeabi_div0.c.obj               2      0         0      
    +--+------------------------------+------+---------+---------+
       Total:                         88     0         0      
                                                              
       Stack:                         0      0         512    
       Linker Generated:              0      20        0      
    +--+------------------------------+------+---------+---------+
       Grand Total:                   1612   223       708    


LINKER GENERATED COPY TABLES

__TI_cinit_table @ 0000072c records: 1, size/record: 8, table size: 8
	.bss: load addr=00000720, load size=00000008 bytes, run addr=20200000, run size=000000c4 bytes, compression=zero_init


LINKER GENERATED HANDLER TABLE

__TI_handler_table @ 00000728 records: 1, size/record: 4, table size: 4
	index: 0, handler: __TI_zero_init


GLOBAL SYMBOLS: SORTED ALPHABETICALLY BY Name 

address   name                            
-------   ----                            
0000057f  ADC0_IRQHandler                 
0000057f  ADC1_IRQHandler                 
0000057f  AES_IRQHandler                  
00000700  C$$EXIT                         
0000057f  CANFD0_IRQHandler               
0000057f  DAC0_IRQHandler                 
000006f1  DL_Common_delayCycles           
000002d1  DL_Timer_initFourCCPWMMode      
00000679  DL_Timer_setCaptCompUpdateMethod
000006b1  DL_Timer_setCaptureCompareOutCtl
000006e1  DL_Timer_setCaptureCompareValue 
00000695  DL_Timer_setClockConfig         
0000057f  DMA_IRQHandler                  
0000057f  Default_Handler                 
0000057f  GROUP0_IRQHandler               
0000057f  GROUP1_IRQHandler               
00000701  HOSTexit                        
0000057f  HardFault_Handler               
0000057f  I2C0_IRQHandler                 
0000057f  I2C1_IRQHandler                 
0000057f  NMI_Handler                     
0000057f  PendSV_Handler                  
0000057f  RTC_IRQHandler                  
00000705  Reset_Handler                   
0000057f  SPI0_IRQHandler                 
0000057f  SPI1_IRQHandler                 
0000057f  SVC_Handler                     
000004b5  SYSCFG_DL_GPIO_init             
000003d5  SYSCFG_DL_PWM_DRIVE_init        
00000581  SYSCFG_DL_SYSCTL_init           
00000659  SYSCFG_DL_init                  
000005fd  SYSCFG_DL_initPower             
0000057f  SysTick_Handler                 
0000057f  TIMA0_IRQHandler                
0000057f  TIMA1_IRQHandler                
0000057f  TIMG0_IRQHandler                
0000057f  TIMG12_IRQHandler               
0000057f  TIMG6_IRQHandler                
0000057f  TIMG7_IRQHandler                
0000057f  TIMG8_IRQHandler                
0000057f  UART0_IRQHandler                
0000057f  UART1_IRQHandler                
0000057f  UART2_IRQHandler                
0000057f  UART3_IRQHandler                
20208000  __STACK_END                     
00000200  __STACK_SIZE                    
00000000  __TI_ATRegion0_region_sz        
00000000  __TI_ATRegion0_src_addr         
00000000  __TI_ATRegion0_trg_addr         
00000000  __TI_ATRegion1_region_sz        
00000000  __TI_ATRegion1_src_addr         
00000000  __TI_ATRegion1_trg_addr         
00000000  __TI_ATRegion2_region_sz        
00000000  __TI_ATRegion2_src_addr         
00000000  __TI_ATRegion2_trg_addr         
0000072c  __TI_CINIT_Base                 
00000734  __TI_CINIT_Limit                
00000734  __TI_CINIT_Warm                 
00000728  __TI_Handler_Table_Base         
0000072c  __TI_Handler_Table_Limit        
000005c1  __TI_auto_init_nobinit_nopinit  
ffffffff  __TI_pprof_out_hndl             
ffffffff  __TI_prof_data_size             
ffffffff  __TI_prof_data_start            
00000000  __TI_static_base__              
000006c9  __TI_zero_init_nomemset         
00000529  __aeabi_idiv                    
000006df  __aeabi_idiv0                   
00000529  __aeabi_idivmod                 
ffffffff  __binit__                       
UNDEFED   __mpu_init                      
20207e00  __stack                         
20200000  __start___llvm_prf_bits         
20200000  __start___llvm_prf_cnts         
20200000  __stop___llvm_prf_bits          
20200000  __stop___llvm_prf_cnts          
00000631  _c_int00_noargs                 
UNDEFED   _system_post_cinit              
00000709  _system_pre_init                
000006fb  abort                           
ffffffff  binit                           
20200000  gPWM_DRIVEBackup                
00000000  interruptVectors                
000000c1  main                            


GLOBAL SYMBOLS: SORTED BY Symbol Address 

address   name                            
-------   ----                            
00000000  __TI_ATRegion0_region_sz        
00000000  __TI_ATRegion0_src_addr         
00000000  __TI_ATRegion0_trg_addr         
00000000  __TI_ATRegion1_region_sz        
00000000  __TI_ATRegion1_src_addr         
00000000  __TI_ATRegion1_trg_addr         
00000000  __TI_ATRegion2_region_sz        
00000000  __TI_ATRegion2_src_addr         
00000000  __TI_ATRegion2_trg_addr         
00000000  __TI_static_base__              
00000000  interruptVectors                
000000c1  main                            
00000200  __STACK_SIZE                    
000002d1  DL_Timer_initFourCCPWMMode      
000003d5  SYSCFG_DL_PWM_DRIVE_init        
000004b5  SYSCFG_DL_GPIO_init             
00000529  __aeabi_idiv                    
00000529  __aeabi_idivmod                 
0000057f  ADC0_IRQHandler                 
0000057f  ADC1_IRQHandler                 
0000057f  AES_IRQHandler                  
0000057f  CANFD0_IRQHandler               
0000057f  DAC0_IRQHandler                 
0000057f  DMA_IRQHandler                  
0000057f  Default_Handler                 
0000057f  GROUP0_IRQHandler               
0000057f  GROUP1_IRQHandler               
0000057f  HardFault_Handler               
0000057f  I2C0_IRQHandler                 
0000057f  I2C1_IRQHandler                 
0000057f  NMI_Handler                     
0000057f  PendSV_Handler                  
0000057f  RTC_IRQHandler                  
0000057f  SPI0_IRQHandler                 
0000057f  SPI1_IRQHandler                 
0000057f  SVC_Handler                     
0000057f  SysTick_Handler                 
0000057f  TIMA0_IRQHandler                
0000057f  TIMA1_IRQHandler                
0000057f  TIMG0_IRQHandler                
0000057f  TIMG12_IRQHandler               
0000057f  TIMG6_IRQHandler                
0000057f  TIMG7_IRQHandler                
0000057f  TIMG8_IRQHandler                
0000057f  UART0_IRQHandler                
0000057f  UART1_IRQHandler                
0000057f  UART2_IRQHandler                
0000057f  UART3_IRQHandler                
00000581  SYSCFG_DL_SYSCTL_init           
000005c1  __TI_auto_init_nobinit_nopinit  
000005fd  SYSCFG_DL_initPower             
00000631  _c_int00_noargs                 
00000659  SYSCFG_DL_init                  
00000679  DL_Timer_setCaptCompUpdateMethod
00000695  DL_Timer_setClockConfig         
000006b1  DL_Timer_setCaptureCompareOutCtl
000006c9  __TI_zero_init_nomemset         
000006df  __aeabi_idiv0                   
000006e1  DL_Timer_setCaptureCompareValue 
000006f1  DL_Common_delayCycles           
000006fb  abort                           
00000700  C$$EXIT                         
00000701  HOSTexit                        
00000705  Reset_Handler                   
00000709  _system_pre_init                
00000728  __TI_Handler_Table_Base         
0000072c  __TI_CINIT_Base                 
0000072c  __TI_Handler_Table_Limit        
00000734  __TI_CINIT_Limit                
00000734  __TI_CINIT_Warm                 
20200000  __start___llvm_prf_bits         
20200000  __start___llvm_prf_cnts         
20200000  __stop___llvm_prf_bits          
20200000  __stop___llvm_prf_cnts          
20200000  gPWM_DRIVEBackup                
20207e00  __stack                         
20208000  __STACK_END                     
ffffffff  __TI_pprof_out_hndl             
ffffffff  __TI_prof_data_size             
ffffffff  __TI_prof_data_start            
ffffffff  __binit__                       
ffffffff  binit                           
UNDEFED   __mpu_init                      
UNDEFED   _system_post_cinit              

[84 symbols]
