******************************************************************************
            TI ARM Clang Linker PC v4.0.4                      
******************************************************************************
>> Linked Wed Jul  8 18:01:07 2026

OUTPUT FILE NAME:   <xiaochexunji.out>
ENTRY POINT SYMBOL: "_c_int00_noargs"  address: 000026cd


MEMORY CONFIGURATION

         name            origin    length      used     unused   attr    fill
----------------------  --------  ---------  --------  --------  ----  --------
  FLASH                 00000000   00020000  00002a90  0001d570  R  X
  SRAM                  20200000   00008000  000002c0  00007d40  RW X
  BCR_CONFIG            41c00000   000000ff  00000000  000000ff  R   
  BSL_CONFIG            41c00100   00000080  00000000  00000080  R   


SEGMENT ALLOCATION MAP

run origin  load origin   length   init length attrs members
----------  ----------- ---------- ----------- ----- -------
00000000    00000000    00002a90   00002a90    r-x
  00000000    00000000    000000c0   000000c0    r-- .intvecs
  000000c0    000000c0    00002820   00002820    r-x .text
  000028e0    000028e0    00000180   00000180    r-- .rodata
  00002a60    00002a60    00000030   00000030    r-- .cinit
20200000    20200000    000000c0   00000000    rw-
  20200000    20200000    000000bc   00000000    rw- .bss
  202000bc    202000bc    00000004   00000000    rw- .data
20207e00    20207e00    00000200   00000000    rw-
  20207e00    20207e00    00000200   00000000    rw- .stack


SECTION ALLOCATION MAP

 output                                  attributes/
section   page    origin      length       input sections
--------  ----  ----------  ----------   ----------------
.intvecs   0    00000000    000000c0     
                  00000000    000000c0     startup_mspm0g350x_ticlang.o (.intvecs)

.text      0    000000c0    00002820     
                  000000c0    000009d0     libc.a : _printfi.c.obj (.text:__TI_printfi)
                  00000a90    00000578     empty.o (.text.main)
                  00001008    00000220     libc.a : _printfi.c.obj (.text._pconv_a)
                  00001228    000001dc            : _printfi.c.obj (.text._pconv_g)
                  00001404    00000192     libclang_rt.builtins.a : adddf3.S.obj (.text.adddf3_subdf3)
                  00001596    00000002     startup_mspm0g350x_ticlang.o (.text.Default_Handler)
                  00001598    0000013c     libc.a : _printfi.c.obj (.text.fcvt)
                  000016d4    00000120            : _printfi.c.obj (.text._pconv_e)
                  000017f4    0000010c     libclang_rt.builtins.a : divdf3.S.obj (.text.__divdf3)
                  00001900    00000104     driverlib.a : dl_timer.o (.text.DL_Timer_initFourCCPWMMode)
                  00001a04    000000ec     ti_msp_dl_config.o (.text.SYSCFG_DL_GPIO_init)
                  00001af0    000000e4     libclang_rt.builtins.a : muldf3.S.obj (.text.__muldf3)
                  00001bd4    000000e0     ti_msp_dl_config.o (.text.SYSCFG_DL_PWM_DRIVE_init)
                  00001cb4    000000d8     libc.a : s_scalbn.c.obj (.text.scalbn)
                  00001d8c    000000a2     libclang_rt.builtins.a : udivmoddi4.S.obj (.text)
                  00001e2e    0000009a     libc.a : memcpy16.S.obj (.text:memcpy)
                  00001ec8    0000007c            : copy_decompress_lzss.c.obj (.text:decompress:lzss)
                  00001f44    00000074     libclang_rt.builtins.a : comparedf2.c.obj (.text.__gedf2)
                  00001fb8    00000068                            : comparedf2.c.obj (.text.__ledf2)
                  00002020    00000066     libc.a : _printfi.c.obj (.text._mcpy)
                  00002086    00000002     libclang_rt.builtins.a : aeabi_div0.c.obj (.text.__aeabi_idiv0)
                  00002088    00000064     empty.o (.text.uart_printf)
                  000020ec    00000062     libclang_rt.builtins.a : aeabi_dcmp.S.obj (.text.__aeabi_dcmp)
                  0000214e    00000062     libc.a : memset16.S.obj (.text:memset)
                  000021b0    00000060     ti_msp_dl_config.o (.text.SYSCFG_DL_UART_JDY31_init)
                  00002210    0000005c     libc.a : s_frexp.c.obj (.text.frexp)
                  0000226c    00000058            : _ltoa.c.obj (.text.__TI_ltoa)
                  000022c4    00000058            : _printfi.c.obj (.text._pconv_f)
                  0000231c    00000056     libclang_rt.builtins.a : aeabi_idivmod.S.obj (.text.__aeabi_idivmod)
                  00002372    00000052     libc.a : _printfi.c.obj (.text._ecpy)
                  000023c4    0000004a     libclang_rt.builtins.a : fixdfsi.S.obj (.text.__fixdfsi)
                  0000240e    00000002                            : aeabi_div0.c.obj (.text.__aeabi_ldiv0)
                  00002410    00000048     driverlib.a : dl_uart.o (.text.DL_UART_init)
                  00002458    00000040     ti_msp_dl_config.o (.text.SYSCFG_DL_SYSCTL_init)
                  00002498    00000040     ti_msp_dl_config.o (.text.SYSCFG_DL_initPower)
                  000024d8    00000040     libclang_rt.builtins.a : aeabi_uidivmod.S.obj (.text.__aeabi_uidivmod)
                  00002518    00000040     libc.a : atoi.c.obj (.text.atoi)
                  00002558    00000040            : vsnprintf.c.obj (.text.vsnprintf)
                  00002598    0000003c            : autoinit.c.obj (.text:__TI_auto_init_nobinit_nopinit)
                  000025d4    0000003a     libclang_rt.builtins.a : muldsi3.S.obj (.text.__muldsi3)
                  0000260e    00000002     --HOLE-- [fill = 0]
                  00002610    00000030     driverlib.a : dl_uart.o (.text.DL_UART_transmitDataBlocking)
                  00002640    00000030     libc.a : _printfi.c.obj (.text._fcpy)
                  00002670    00000030            : vsnprintf.c.obj (.text._outs)
                  000026a0    0000002c     libclang_rt.builtins.a : floatsidf.S.obj (.text.__floatsidf)
                  000026cc    00000028     libc.a : boot_cortex_m.c.obj (.text:_c_int00_noargs)
                  000026f4    00000024     ti_msp_dl_config.o (.text.SYSCFG_DL_init)
                  00002718    00000024     libclang_rt.builtins.a : muldi3.S.obj (.text.__muldi3)
                  0000273c    00000022     libc.a : memccpy.c.obj (.text.memccpy)
                  0000275e    00000002     --HOLE-- [fill = 0]
                  00002760    0000001e     libclang_rt.builtins.a : ashldi3.S.obj (.text.__ashldi3)
                  0000277e    00000002     --HOLE-- [fill = 0]
                  00002780    0000001c     driverlib.a : dl_timer.o (.text.DL_Timer_setCaptCompUpdateMethod)
                  0000279c    0000001c                 : dl_timer.o (.text.DL_Timer_setClockConfig)
                  000027b8    00000018                 : dl_timer.o (.text.DL_Timer_setCaptureCompareOutCtl)
                  000027d0    00000018     libc.a : vsnprintf.c.obj (.text._outc)
                  000027e8    00000016            : copy_zero_init.c.obj (.text:decompress:ZI:__TI_zero_init_nomemset)
                  000027fe    00000002     --HOLE-- [fill = 0]
                  00002800    00000014     libclang_rt.builtins.a : aeabi_uldivmod.S.obj (.text.__aeabi_uldivmod)
                  00002814    00000014     libc.a : _printfi.c.obj (.text.strchr)
                  00002828    00000012     driverlib.a : dl_uart.o (.text.DL_UART_setClockConfig)
                  0000283a    00000012     libc.a : copy_decompress_none.c.obj (.text:decompress:none)
                  0000284c    00000010     driverlib.a : dl_timer.o (.text.DL_Timer_setCaptureCompareValue)
                  0000285c    00000010     libc.a : wcslen.c.obj (.text.wcslen)
                  0000286c    0000000e     libclang_rt.builtins.a : aeabi_memset.S.obj (.text.__aeabi_memset)
                  0000287a    0000000e     libc.a : _printfi.c.obj (.text.strlen)
                  00002888    0000000a     driverlib.a : dl_common.o (.text.DL_Common_delayCycles)
                  00002892    0000000a     libc.a : _printfi.c.obj (.text.OUTLINED_FUNCTION_0)
                  0000289c    00000010     libclang_rt.builtins.a : adddf3.S.obj (.tramp.__aeabi_dsub.1)
                  000028ac    0000000a     libc.a : _printfi.c.obj (.text.OUTLINED_FUNCTION_1)
                  000028b6    00000002     --HOLE-- [fill = 0]
                  000028b8    00000008            : aeabi_portable.c.obj (.text.__aeabi_errno_addr)
                  000028c0    00000008     libclang_rt.builtins.a : aeabi_memcpy.S.obj (.text.__aeabi_memcpy)
                  000028c8    00000006     libc.a : exit.c.obj (.text:abort)
                  000028ce    00000004     libsysbm.a : hostexit.c.obj (.text.HOSTexit)
                  000028d2    00000004     startup_mspm0g350x_ticlang.o (.text.Reset_Handler)
                  000028d6    00000004     libc.a : pre_init.c.obj (.text._system_pre_init)
                  000028da    00000006     --HOLE-- [fill = 0]

.cinit     0    00002a60    00000030     
                  00002a60    0000000c     (__TI_handler_table)
                  00002a6c    00000008     (.cinit..bss.load) [load image, compression = zero_init]
                  00002a74    00000007     (.cinit..data.load) [load image, compression = lzss]
                  00002a7b    00000001     --HOLE-- [fill = 0]
                  00002a7c    00000010     (__TI_cinit_table)
                  00002a8c    00000004     --HOLE-- [fill = 0]

.rodata    0    000028e0    00000180     
                  000028e0    00000101     libc.a : aeabi_ctype.S.obj (.rodata:__aeabi_ctype_table_)
                  000029e1    0000002a     empty.o (.rodata.str1.9517790425240694019.1)
                  00002a0b    00000011     libc.a : _printfi.c.obj (.rodata.str1.10348868589481759720.1)
                  00002a1c    00000011            : _printfi.c.obj (.rodata.str1.15363888844622738466.1)
                  00002a2d    00000010     empty.o (.rodata.str1.254342170260855183.1)
                  00002a3d    00000001     --HOLE-- [fill = 0]
                  00002a3e    0000000a     ti_msp_dl_config.o (.rodata.gUART_JDY31Config)
                  00002a48    00000008     ti_msp_dl_config.o (.rodata.gPWM_DRIVEConfig)
                  00002a50    00000003     ti_msp_dl_config.o (.rodata.gPWM_DRIVEClockConfig)
                  00002a53    00000002     ti_msp_dl_config.o (.rodata.gUART_JDY31ClockConfig)
                  00002a55    0000000b     --HOLE-- [fill = 0]

.init_array 
*          0    00000000    00000000     UNINITIALIZED

.binit     0    00000000    00000000     

.bss       0    20200000    000000bc     UNINITIALIZED
                  20200000    000000bc     (.common:gPWM_DRIVEBackup)

.data      0    202000bc    00000004     UNINITIALIZED
                  202000bc    00000004     libc.a : aeabi_portable.c.obj (.data.__aeabi_errno)

.stack     0    20207e00    00000200     UNINITIALIZED
                  20207e00    00000004     libc.a : boot_cortex_m.c.obj (.stack)
                  20207e04    000001fc     --HOLE--

__llvm_prf_cnts 
*          0    20200000    00000000     UNINITIALIZED

__llvm_prf_bits 
*          0    20200000    00000000     UNINITIALIZED

MODULE SUMMARY

       Module                         code    ro data   rw data
       ------                         ----    -------   -------
    .\
       empty.o                        1500    58        0      
       ti_msp_dl_config.o             720     23        188    
       startup_mspm0g350x_ticlang.o   6       192       0      
    +--+------------------------------+-------+---------+---------+
       Total:                         2226    273       188    
                                                               
    C:/ti/mspm0_sdk_2_10_00_04/source/ti/driverlib/lib/ticlang/m0p/mspm0g1x0x_g3x0x/driverlib.a
       dl_timer.o                     356     0         0      
       dl_uart.o                      138     0         0      
       dl_common.o                    10      0         0      
    +--+------------------------------+-------+---------+---------+
       Total:                         504     0         0      
                                                               
    C:\ti\ccs2051\ccs\tools\compiler\ti-cgt-armllvm_4.0.4.LTS\lib\armv6m-ti-none-eabi/c/libc.a
       _printfi.c.obj                 4510    34        0      
       aeabi_ctype.S.obj              0       257       0      
       s_scalbn.c.obj                 216     0         0      
       memcpy16.S.obj                 154     0         0      
       vsnprintf.c.obj                136     0         0      
       copy_decompress_lzss.c.obj     124     0         0      
       memset16.S.obj                 98      0         0      
       s_frexp.c.obj                  92      0         0      
       _ltoa.c.obj                    88      0         0      
       atoi.c.obj                     64      0         0      
       autoinit.c.obj                 60      0         0      
       boot_cortex_m.c.obj            40      0         0      
       memccpy.c.obj                  34      0         0      
       copy_zero_init.c.obj           22      0         0      
       copy_decompress_none.c.obj     18      0         0      
       wcslen.c.obj                   16      0         0      
       aeabi_portable.c.obj           8       0         4      
       exit.c.obj                     6       0         0      
       pre_init.c.obj                 4       0         0      
    +--+------------------------------+-------+---------+---------+
       Total:                         5690    291       4      
                                                               
    C:\ti\ccs2051\ccs\tools\compiler\ti-cgt-armllvm_4.0.4.LTS\lib\armv6m-ti-none-eabi/c/libsysbm.a
       hostexit.c.obj                 4       0         0      
    +--+------------------------------+-------+---------+---------+
       Total:                         4       0         0      
                                                               
    C:\ti\ccs2051\ccs\tools\compiler\ti-cgt-armllvm_4.0.4.LTS\lib\armv6m-ti-none-eabi/libclang_rt.builtins.a
       adddf3.S.obj                   418     0         0      
       divdf3.S.obj                   268     0         0      
       muldf3.S.obj                   228     0         0      
       comparedf2.c.obj               220     0         0      
       udivmoddi4.S.obj               162     0         0      
       aeabi_dcmp.S.obj               98      0         0      
       aeabi_idivmod.S.obj            86      0         0      
       fixdfsi.S.obj                  74      0         0      
       aeabi_uidivmod.S.obj           64      0         0      
       muldsi3.S.obj                  58      0         0      
       floatsidf.S.obj                44      0         0      
       muldi3.S.obj                   36      0         0      
       ashldi3.S.obj                  30      0         0      
       aeabi_uldivmod.S.obj           20      0         0      
       aeabi_memset.S.obj             14      0         0      
       aeabi_memcpy.S.obj             8       0         0      
       aeabi_div0.c.obj               4       0         0      
    +--+------------------------------+-------+---------+---------+
       Total:                         1832    0         0      
                                                               
       Stack:                         0       0         512    
       Linker Generated:              0       43        0      
    +--+------------------------------+-------+---------+---------+
       Grand Total:                   10256   607       704    


LINKER GENERATED COPY TABLES

__TI_cinit_table @ 00002a7c records: 2, size/record: 8, table size: 16
	.bss: load addr=00002a6c, load size=00000008 bytes, run addr=20200000, run size=000000bc bytes, compression=zero_init
	.data: load addr=00002a74, load size=00000007 bytes, run addr=202000bc, run size=00000004 bytes, compression=lzss


LINKER GENERATED HANDLER TABLE

__TI_handler_table @ 00002a60 records: 3, size/record: 4, table size: 12
	index: 0, handler: __TI_decompress_lzss
	index: 1, handler: __TI_decompress_none
	index: 2, handler: __TI_zero_init


FAR CALL TRAMPOLINES

callee name               trampoline name
   callee addr  tramp addr   call addr  call info
--------------  -----------  ---------  ----------------
__aeabi_dsub              $Tramp$TT$L$PI$$__aeabi_dsub
   00001405     0000289c     0000289a   libc.a : _printfi.c.obj (.text.OUTLINED_FUNCTION_0)

[1 trampolines]
[1 trampoline calls]


GLOBAL SYMBOLS: SORTED ALPHABETICALLY BY Name 

address   name                            
-------   ----                            
00001597  ADC0_IRQHandler                 
00001597  ADC1_IRQHandler                 
00001597  AES_IRQHandler                  
000028ce  C$$EXIT                         
00001597  CANFD0_IRQHandler               
00001597  DAC0_IRQHandler                 
00002889  DL_Common_delayCycles           
00001901  DL_Timer_initFourCCPWMMode      
00002781  DL_Timer_setCaptCompUpdateMethod
000027b9  DL_Timer_setCaptureCompareOutCtl
0000284d  DL_Timer_setCaptureCompareValue 
0000279d  DL_Timer_setClockConfig         
00002411  DL_UART_init                    
00002829  DL_UART_setClockConfig          
00002611  DL_UART_transmitDataBlocking    
00001597  DMA_IRQHandler                  
00001597  Default_Handler                 
00001597  GROUP0_IRQHandler               
00001597  GROUP1_IRQHandler               
000028cf  HOSTexit                        
00001597  HardFault_Handler               
00001597  I2C0_IRQHandler                 
00001597  I2C1_IRQHandler                 
00001597  NMI_Handler                     
00001597  PendSV_Handler                  
00001597  RTC_IRQHandler                  
000028d3  Reset_Handler                   
00001597  SPI0_IRQHandler                 
00001597  SPI1_IRQHandler                 
00001597  SVC_Handler                     
00001a05  SYSCFG_DL_GPIO_init             
00001bd5  SYSCFG_DL_PWM_DRIVE_init        
00002459  SYSCFG_DL_SYSCTL_init           
000021b1  SYSCFG_DL_UART_JDY31_init       
000026f5  SYSCFG_DL_init                  
00002499  SYSCFG_DL_initPower             
00001597  SysTick_Handler                 
00001597  TIMA0_IRQHandler                
00001597  TIMA1_IRQHandler                
00001597  TIMG0_IRQHandler                
00001597  TIMG12_IRQHandler               
00001597  TIMG6_IRQHandler                
00001597  TIMG7_IRQHandler                
00001597  TIMG8_IRQHandler                
00001597  UART0_IRQHandler                
00001597  UART1_IRQHandler                
00001597  UART2_IRQHandler                
00001597  UART3_IRQHandler                
20208000  __STACK_END                     
00000200  __STACK_SIZE                    
00000000  __TI_ATRegion0_region_sz        
00000000  __TI_ATRegion0_src_addr         
00000000  __TI_ATRegion0_trg_addr         
00000000  __TI_ATRegion1_region_sz        
00000000  __TI_ATRegion1_src_addr         
00000000  __TI_ATRegion1_trg_addr         
00000000  __TI_ATRegion2_region_sz        
00000000  __TI_ATRegion2_src_addr         
00000000  __TI_ATRegion2_trg_addr         
00002a7c  __TI_CINIT_Base                 
00002a8c  __TI_CINIT_Limit                
00002a8c  __TI_CINIT_Warm                 
00002a60  __TI_Handler_Table_Base         
00002a6c  __TI_Handler_Table_Limit        
00002599  __TI_auto_init_nobinit_nopinit  
00001ec9  __TI_decompress_lzss            
0000283b  __TI_decompress_none            
0000226d  __TI_ltoa                       
ffffffff  __TI_pprof_out_hndl             
000000c1  __TI_printfi                    
ffffffff  __TI_prof_data_size             
ffffffff  __TI_prof_data_start            
00000000  __TI_static_base__              
000027e9  __TI_zero_init_nomemset         
0000140f  __adddf3                        
000028e0  __aeabi_ctype_table_            
000028e0  __aeabi_ctype_table_C           
000023c5  __aeabi_d2iz                    
0000140f  __aeabi_dadd                    
000020ed  __aeabi_dcmpeq                  
00002129  __aeabi_dcmpge                  
0000213d  __aeabi_dcmpgt                  
00002115  __aeabi_dcmple                  
00002101  __aeabi_dcmplt                  
000017f5  __aeabi_ddiv                    
00001af1  __aeabi_dmul                    
00001405  __aeabi_dsub                    
202000bc  __aeabi_errno                   
000028b9  __aeabi_errno_addr              
000026a1  __aeabi_i2d                     
0000231d  __aeabi_idiv                    
00002087  __aeabi_idiv0                   
0000231d  __aeabi_idivmod                 
0000240f  __aeabi_ldiv0                   
00002761  __aeabi_llsl                    
00002719  __aeabi_lmul                    
000028c1  __aeabi_memcpy                  
000028c1  __aeabi_memcpy4                 
000028c1  __aeabi_memcpy8                 
0000286d  __aeabi_memset                  
0000286d  __aeabi_memset4                 
0000286d  __aeabi_memset8                 
000024d9  __aeabi_uidiv                   
000024d9  __aeabi_uidivmod                
00002801  __aeabi_uldivmod                
00002761  __ashldi3                       
ffffffff  __binit__                       
00001fb9  __cmpdf2                        
000017f5  __divdf3                        
00001fb9  __eqdf2                         
000023c5  __fixdfsi                       
000026a1  __floatsidf                     
00001f45  __gedf2                         
00001f45  __gtdf2                         
00001fb9  __ledf2                         
00001fb9  __ltdf2                         
UNDEFED   __mpu_init                      
00001af1  __muldf3                        
00002719  __muldi3                        
000025d5  __muldsi3                       
00001fb9  __nedf2                         
20207e00  __stack                         
20200000  __start___llvm_prf_bits         
20200000  __start___llvm_prf_cnts         
20200000  __stop___llvm_prf_bits          
20200000  __stop___llvm_prf_cnts          
00001405  __subdf3                        
00001d8d  __udivmoddi4                    
000026cd  _c_int00_noargs                 
UNDEFED   _system_post_cinit              
000028d7  _system_pre_init                
000028c9  abort                           
00002519  atoi                            
ffffffff  binit                           
00002211  frexp                           
00002211  frexpl                          
20200000  gPWM_DRIVEBackup                
00000000  interruptVectors                
00001cb5  ldexp                           
00001cb5  ldexpl                          
00000a91  main                            
0000273d  memccpy                         
00001e2f  memcpy                          
0000214f  memset                          
00001cb5  scalbn                          
00001cb5  scalbnl                         
00002559  vsnprintf                       
0000285d  wcslen                          


GLOBAL SYMBOLS: SORTED BY Symbol Address 

address   name                            
-------   ----                            
00000000  __TI_ATRegion0_region_sz        
00000000  __TI_ATRegion0_src_addr         
00000000  __TI_ATRegion0_trg_addr         
00000000  __TI_ATRegion1_region_sz        
00000000  __TI_ATRegion1_src_addr         
00000000  __TI_ATRegion1_trg_addr         
00000000  __TI_ATRegion2_region_sz        
00000000  __TI_ATRegion2_src_addr         
00000000  __TI_ATRegion2_trg_addr         
00000000  __TI_static_base__              
00000000  interruptVectors                
000000c1  __TI_printfi                    
00000200  __STACK_SIZE                    
00000a91  main                            
00001405  __aeabi_dsub                    
00001405  __subdf3                        
0000140f  __adddf3                        
0000140f  __aeabi_dadd                    
00001597  ADC0_IRQHandler                 
00001597  ADC1_IRQHandler                 
00001597  AES_IRQHandler                  
00001597  CANFD0_IRQHandler               
00001597  DAC0_IRQHandler                 
00001597  DMA_IRQHandler                  
00001597  Default_Handler                 
00001597  GROUP0_IRQHandler               
00001597  GROUP1_IRQHandler               
00001597  HardFault_Handler               
00001597  I2C0_IRQHandler                 
00001597  I2C1_IRQHandler                 
00001597  NMI_Handler                     
00001597  PendSV_Handler                  
00001597  RTC_IRQHandler                  
00001597  SPI0_IRQHandler                 
00001597  SPI1_IRQHandler                 
00001597  SVC_Handler                     
00001597  SysTick_Handler                 
00001597  TIMA0_IRQHandler                
00001597  TIMA1_IRQHandler                
00001597  TIMG0_IRQHandler                
00001597  TIMG12_IRQHandler               
00001597  TIMG6_IRQHandler                
00001597  TIMG7_IRQHandler                
00001597  TIMG8_IRQHandler                
00001597  UART0_IRQHandler                
00001597  UART1_IRQHandler                
00001597  UART2_IRQHandler                
00001597  UART3_IRQHandler                
000017f5  __aeabi_ddiv                    
000017f5  __divdf3                        
00001901  DL_Timer_initFourCCPWMMode      
00001a05  SYSCFG_DL_GPIO_init             
00001af1  __aeabi_dmul                    
00001af1  __muldf3                        
00001bd5  SYSCFG_DL_PWM_DRIVE_init        
00001cb5  ldexp                           
00001cb5  ldexpl                          
00001cb5  scalbn                          
00001cb5  scalbnl                         
00001d8d  __udivmoddi4                    
00001e2f  memcpy                          
00001ec9  __TI_decompress_lzss            
00001f45  __gedf2                         
00001f45  __gtdf2                         
00001fb9  __cmpdf2                        
00001fb9  __eqdf2                         
00001fb9  __ledf2                         
00001fb9  __ltdf2                         
00001fb9  __nedf2                         
00002087  __aeabi_idiv0                   
000020ed  __aeabi_dcmpeq                  
00002101  __aeabi_dcmplt                  
00002115  __aeabi_dcmple                  
00002129  __aeabi_dcmpge                  
0000213d  __aeabi_dcmpgt                  
0000214f  memset                          
000021b1  SYSCFG_DL_UART_JDY31_init       
00002211  frexp                           
00002211  frexpl                          
0000226d  __TI_ltoa                       
0000231d  __aeabi_idiv                    
0000231d  __aeabi_idivmod                 
000023c5  __aeabi_d2iz                    
000023c5  __fixdfsi                       
0000240f  __aeabi_ldiv0                   
00002411  DL_UART_init                    
00002459  SYSCFG_DL_SYSCTL_init           
00002499  SYSCFG_DL_initPower             
000024d9  __aeabi_uidiv                   
000024d9  __aeabi_uidivmod                
00002519  atoi                            
00002559  vsnprintf                       
00002599  __TI_auto_init_nobinit_nopinit  
000025d5  __muldsi3                       
00002611  DL_UART_transmitDataBlocking    
000026a1  __aeabi_i2d                     
000026a1  __floatsidf                     
000026cd  _c_int00_noargs                 
000026f5  SYSCFG_DL_init                  
00002719  __aeabi_lmul                    
00002719  __muldi3                        
0000273d  memccpy                         
00002761  __aeabi_llsl                    
00002761  __ashldi3                       
00002781  DL_Timer_setCaptCompUpdateMethod
0000279d  DL_Timer_setClockConfig         
000027b9  DL_Timer_setCaptureCompareOutCtl
000027e9  __TI_zero_init_nomemset         
00002801  __aeabi_uldivmod                
00002829  DL_UART_setClockConfig          
0000283b  __TI_decompress_none            
0000284d  DL_Timer_setCaptureCompareValue 
0000285d  wcslen                          
0000286d  __aeabi_memset                  
0000286d  __aeabi_memset4                 
0000286d  __aeabi_memset8                 
00002889  DL_Common_delayCycles           
000028b9  __aeabi_errno_addr              
000028c1  __aeabi_memcpy                  
000028c1  __aeabi_memcpy4                 
000028c1  __aeabi_memcpy8                 
000028c9  abort                           
000028ce  C$$EXIT                         
000028cf  HOSTexit                        
000028d3  Reset_Handler                   
000028d7  _system_pre_init                
000028e0  __aeabi_ctype_table_            
000028e0  __aeabi_ctype_table_C           
00002a60  __TI_Handler_Table_Base         
00002a6c  __TI_Handler_Table_Limit        
00002a7c  __TI_CINIT_Base                 
00002a8c  __TI_CINIT_Limit                
00002a8c  __TI_CINIT_Warm                 
20200000  __start___llvm_prf_bits         
20200000  __start___llvm_prf_cnts         
20200000  __stop___llvm_prf_bits          
20200000  __stop___llvm_prf_cnts          
20200000  gPWM_DRIVEBackup                
202000bc  __aeabi_errno                   
20207e00  __stack                         
20208000  __STACK_END                     
ffffffff  __TI_pprof_out_hndl             
ffffffff  __TI_prof_data_size             
ffffffff  __TI_prof_data_start            
ffffffff  __binit__                       
ffffffff  binit                           
UNDEFED   __mpu_init                      
UNDEFED   _system_post_cinit              

[148 symbols]
