******************************************************************************
            TI ARM Clang Linker PC v4.0.4                      
******************************************************************************
>> Linked Thu Jul  9 16:55:36 2026

OUTPUT FILE NAME:   <xiaochexunji.out>
ENTRY POINT SYMBOL: "_c_int00_noargs"  address: 00000ded


MEMORY CONFIGURATION

         name            origin    length      used     unused   attr    fill
----------------------  --------  ---------  --------  --------  ----  --------
  FLASH                 00000000   00020000  00001018  0001efe8  R  X
  SRAM                  20200000   00008000  000002c4  00007d3c  RW X
  BCR_CONFIG            41c00000   000000ff  00000000  000000ff  R   
  BSL_CONFIG            41c00100   00000080  00000000  00000080  R   


SEGMENT ALLOCATION MAP

run origin  load origin   length   init length attrs members
----------  ----------- ---------- ----------- ----- -------
00000000    00000000    00001018   00001018    r-x
  00000000    00000000    000000c0   000000c0    r-- .intvecs
  000000c0    000000c0    00000e98   00000e98    r-x .text
  00000f58    00000f58    00000090   00000090    r-- .rodata
  00000fe8    00000fe8    00000030   00000030    r-- .cinit
20200000    20200000    000000c4   00000000    rw-
  20200000    20200000    000000bc   00000000    rw- .bss
  202000bc    202000bc    00000008   00000000    rw- .data
20207e00    20207e00    00000200   00000000    rw-
  20207e00    20207e00    00000200   00000000    rw- .stack


SECTION ALLOCATION MAP

 output                                  attributes/
section   page    origin      length       input sections
--------  ----  ----------  ----------   ----------------
.intvecs   0    00000000    000000c0     
                  00000000    000000c0     startup_mspm0g350x_ticlang.o (.intvecs)

.text      0    000000c0    00000e98     
                  000000c0    0000030c     empty.o (.text.main)
                  000003cc    00000284     libc.a : _printfi.c.obj (.text:__TI_printfi_minimal)
                  00000650    00000104     driverlib.a : dl_timer.o (.text.DL_Timer_initFourCCPWMMode)
                  00000754    000000ec     ti_msp_dl_config.o (.text.SYSCFG_DL_GPIO_init)
                  00000840    000000e0     ti_msp_dl_config.o (.text.SYSCFG_DL_PWM_DRIVE_init)
                  00000920    0000009a     libc.a : memcpy16.S.obj (.text:memcpy)
                  000009ba    00000002     startup_mspm0g350x_ticlang.o (.text.Default_Handler)
                  000009bc    0000007c     libc.a : copy_decompress_lzss.c.obj (.text:decompress:lzss)
                  00000a38    00000064     empty.o (.text.uart_printf)
                  00000a9c    00000062     libc.a : memset16.S.obj (.text:memset)
                  00000afe    00000002     libclang_rt.builtins.a : aeabi_div0.c.obj (.text.__aeabi_idiv0)
                  00000b00    00000060     ti_msp_dl_config.o (.text.SYSCFG_DL_UART_JDY31_init)
                  00000b60    00000056     libclang_rt.builtins.a : aeabi_idivmod.S.obj (.text.__aeabi_idivmod)
                  00000bb6    00000002     --HOLE-- [fill = 0]
                  00000bb8    00000050     empty.o (.text.GROUP1_IRQHandler)
                  00000c08    00000048     driverlib.a : dl_uart.o (.text.DL_UART_init)
                  00000c50    00000040     ti_msp_dl_config.o (.text.SYSCFG_DL_SYSCTL_init)
                  00000c90    00000040     ti_msp_dl_config.o (.text.SYSCFG_DL_initPower)
                  00000cd0    00000040     libclang_rt.builtins.a : aeabi_uidivmod.S.obj (.text.__aeabi_uidivmod)
                  00000d10    00000040     libc.a : vsnprintf.c.obj (.text.vsnprintf)
                  00000d50    0000003c            : autoinit.c.obj (.text:__TI_auto_init_nobinit_nopinit)
                  00000d8c    00000030     driverlib.a : dl_uart.o (.text.DL_UART_transmitDataBlocking)
                  00000dbc    00000030     libc.a : vsnprintf.c.obj (.text._outs)
                  00000dec    00000028            : boot_cortex_m.c.obj (.text:_c_int00_noargs)
                  00000e14    00000024     ti_msp_dl_config.o (.text.SYSCFG_DL_init)
                  00000e38    00000022     libc.a : memccpy.c.obj (.text.memccpy)
                  00000e5a    00000002     --HOLE-- [fill = 0]
                  00000e5c    0000001c     driverlib.a : dl_timer.o (.text.DL_Timer_setCaptCompUpdateMethod)
                  00000e78    0000001c                 : dl_timer.o (.text.DL_Timer_setClockConfig)
                  00000e94    00000018                 : dl_timer.o (.text.DL_Timer_setCaptureCompareOutCtl)
                  00000eac    00000018     libc.a : vsnprintf.c.obj (.text._outc)
                  00000ec4    00000016            : copy_zero_init.c.obj (.text:decompress:ZI:__TI_zero_init_nomemset)
                  00000eda    00000012     driverlib.a : dl_uart.o (.text.DL_UART_setClockConfig)
                  00000eec    00000012     libc.a : copy_decompress_none.c.obj (.text:decompress:none)
                  00000efe    00000002     --HOLE-- [fill = 0]
                  00000f00    00000010     driverlib.a : dl_timer.o (.text.DL_Timer_setCaptureCompareValue)
                  00000f10    0000000e     libclang_rt.builtins.a : aeabi_memset.S.obj (.text.__aeabi_memset)
                  00000f1e    0000000e     libc.a : _printfi.c.obj (.text.strlen)
                  00000f2c    0000000a     driverlib.a : dl_common.o (.text.DL_Common_delayCycles)
                  00000f36    00000002     --HOLE-- [fill = 0]
                  00000f38    00000008     libclang_rt.builtins.a : aeabi_memcpy.S.obj (.text.__aeabi_memcpy)
                  00000f40    00000006     libc.a : exit.c.obj (.text:abort)
                  00000f46    00000004     libsysbm.a : hostexit.c.obj (.text.HOSTexit)
                  00000f4a    00000004     startup_mspm0g350x_ticlang.o (.text.Reset_Handler)
                  00000f4e    00000004     libc.a : pre_init.c.obj (.text._system_pre_init)
                  00000f52    00000006     --HOLE-- [fill = 0]

.cinit     0    00000fe8    00000030     
                  00000fe8    0000000c     (__TI_handler_table)
                  00000ff4    00000008     (.cinit..bss.load) [load image, compression = zero_init]
                  00000ffc    00000007     (.cinit..data.load) [load image, compression = lzss]
                  00001003    00000001     --HOLE-- [fill = 0]
                  00001004    00000010     (__TI_cinit_table)
                  00001014    00000004     --HOLE-- [fill = 0]

.rodata    0    00000f58    00000090     
                  00000f58    0000002a     empty.o (.rodata.str1.9517790425240694019.1)
                  00000f82    00000026     empty.o (.rodata.str1.14685083708502177989.1)
                  00000fa8    00000011     libc.a : _printfi.c.obj (.rodata.str1.15363888844622738466.1)
                  00000fb9    00000010     empty.o (.rodata.str1.254342170260855183.1)
                  00000fc9    00000001     --HOLE-- [fill = 0]
                  00000fca    0000000a     ti_msp_dl_config.o (.rodata.gUART_JDY31Config)
                  00000fd4    00000008     ti_msp_dl_config.o (.rodata.gPWM_DRIVEConfig)
                  00000fdc    00000003     ti_msp_dl_config.o (.rodata.gPWM_DRIVEClockConfig)
                  00000fdf    00000002     ti_msp_dl_config.o (.rodata.gUART_JDY31ClockConfig)
                  00000fe1    00000007     --HOLE-- [fill = 0]

.init_array 
*          0    00000000    00000000     UNINITIALIZED

.binit     0    00000000    00000000     

.bss       0    20200000    000000bc     UNINITIALIZED
                  20200000    000000bc     (.common:gPWM_DRIVEBackup)

.data      0    202000bc    00000008     UNINITIALIZED
                  202000bc    00000004     empty.o (.data.enc_left)
                  202000c0    00000004     empty.o (.data.enc_right)

.stack     0    20207e00    00000200     UNINITIALIZED
                  20207e00    00000004     libc.a : boot_cortex_m.c.obj (.stack)
                  20207e04    000001fc     --HOLE--

__llvm_prf_cnts 
*          0    20200000    00000000     UNINITIALIZED

__llvm_prf_bits 
*          0    20200000    00000000     UNINITIALIZED

MODULE SUMMARY

       Module                         code   ro data   rw data
       ------                         ----   -------   -------
    .\
       empty.o                        960    96        8      
       ti_msp_dl_config.o             720    23        188    
       startup_mspm0g350x_ticlang.o   6      192       0      
    +--+------------------------------+------+---------+---------+
       Total:                         1686   311       196    
                                                              
    C:/ti/mspm0_sdk_2_10_00_04/source/ti/driverlib/lib/ticlang/m0p/mspm0g1x0x_g3x0x/driverlib.a
       dl_timer.o                     356    0         0      
       dl_uart.o                      138    0         0      
       dl_common.o                    10     0         0      
    +--+------------------------------+------+---------+---------+
       Total:                         504    0         0      
                                                              
    C:\ti\ccs2051\ccs\tools\compiler\ti-cgt-armllvm_4.0.4.LTS\lib\armv6m-ti-none-eabi/c/libc.a
       _printfi.c.obj                 658    17        0      
       memcpy16.S.obj                 154    0         0      
       vsnprintf.c.obj                136    0         0      
       copy_decompress_lzss.c.obj     124    0         0      
       memset16.S.obj                 98     0         0      
       autoinit.c.obj                 60     0         0      
       boot_cortex_m.c.obj            40     0         0      
       memccpy.c.obj                  34     0         0      
       copy_zero_init.c.obj           22     0         0      
       copy_decompress_none.c.obj     18     0         0      
       exit.c.obj                     6      0         0      
       pre_init.c.obj                 4      0         0      
    +--+------------------------------+------+---------+---------+
       Total:                         1354   17        0      
                                                              
    C:\ti\ccs2051\ccs\tools\compiler\ti-cgt-armllvm_4.0.4.LTS\lib\armv6m-ti-none-eabi/c/libsysbm.a
       hostexit.c.obj                 4      0         0      
    +--+------------------------------+------+---------+---------+
       Total:                         4      0         0      
                                                              
    C:\ti\ccs2051\ccs\tools\compiler\ti-cgt-armllvm_4.0.4.LTS\lib\armv6m-ti-none-eabi/libclang_rt.builtins.a
       aeabi_idivmod.S.obj            86     0         0      
       aeabi_uidivmod.S.obj           64     0         0      
       aeabi_memset.S.obj             14     0         0      
       aeabi_memcpy.S.obj             8      0         0      
       aeabi_div0.c.obj               2      0         0      
    +--+------------------------------+------+---------+---------+
       Total:                         174    0         0      
                                                              
       Stack:                         0      0         512    
       Linker Generated:              0      43        0      
    +--+------------------------------+------+---------+---------+
       Grand Total:                   3722   371       708    


LINKER GENERATED COPY TABLES

__TI_cinit_table @ 00001004 records: 2, size/record: 8, table size: 16
	.bss: load addr=00000ff4, load size=00000008 bytes, run addr=20200000, run size=000000bc bytes, compression=zero_init
	.data: load addr=00000ffc, load size=00000007 bytes, run addr=202000bc, run size=00000008 bytes, compression=lzss


LINKER GENERATED HANDLER TABLE

__TI_handler_table @ 00000fe8 records: 3, size/record: 4, table size: 12
	index: 0, handler: __TI_decompress_lzss
	index: 1, handler: __TI_decompress_none
	index: 2, handler: __TI_zero_init


GLOBAL SYMBOLS: SORTED ALPHABETICALLY BY Name 

address   name                            
-------   ----                            
000009bb  ADC0_IRQHandler                 
000009bb  ADC1_IRQHandler                 
000009bb  AES_IRQHandler                  
00000f46  C$$EXIT                         
000009bb  CANFD0_IRQHandler               
000009bb  DAC0_IRQHandler                 
00000f2d  DL_Common_delayCycles           
00000651  DL_Timer_initFourCCPWMMode      
00000e5d  DL_Timer_setCaptCompUpdateMethod
00000e95  DL_Timer_setCaptureCompareOutCtl
00000f01  DL_Timer_setCaptureCompareValue 
00000e79  DL_Timer_setClockConfig         
00000c09  DL_UART_init                    
00000edb  DL_UART_setClockConfig          
00000d8d  DL_UART_transmitDataBlocking    
000009bb  DMA_IRQHandler                  
000009bb  Default_Handler                 
000009bb  GROUP0_IRQHandler               
00000bb9  GROUP1_IRQHandler               
00000f47  HOSTexit                        
000009bb  HardFault_Handler               
000009bb  I2C0_IRQHandler                 
000009bb  I2C1_IRQHandler                 
000009bb  NMI_Handler                     
000009bb  PendSV_Handler                  
000009bb  RTC_IRQHandler                  
00000f4b  Reset_Handler                   
000009bb  SPI0_IRQHandler                 
000009bb  SPI1_IRQHandler                 
000009bb  SVC_Handler                     
00000755  SYSCFG_DL_GPIO_init             
00000841  SYSCFG_DL_PWM_DRIVE_init        
00000c51  SYSCFG_DL_SYSCTL_init           
00000b01  SYSCFG_DL_UART_JDY31_init       
00000e15  SYSCFG_DL_init                  
00000c91  SYSCFG_DL_initPower             
000009bb  SysTick_Handler                 
000009bb  TIMA0_IRQHandler                
000009bb  TIMA1_IRQHandler                
000009bb  TIMG0_IRQHandler                
000009bb  TIMG12_IRQHandler               
000009bb  TIMG6_IRQHandler                
000009bb  TIMG7_IRQHandler                
000009bb  TIMG8_IRQHandler                
000009bb  UART0_IRQHandler                
000009bb  UART1_IRQHandler                
000009bb  UART2_IRQHandler                
000009bb  UART3_IRQHandler                
20208000  __STACK_END                     
00000200  __STACK_SIZE                    
00000000  __TI_ATRegion0_region_sz        
00000000  __TI_ATRegion0_src_addr         
00000000  __TI_ATRegion0_trg_addr         
00000000  __TI_ATRegion1_region_sz        
00000000  __TI_ATRegion1_src_addr         
00000000  __TI_ATRegion1_trg_addr         
00000000  __TI_ATRegion2_region_sz        
00000000  __TI_ATRegion2_src_addr         
00000000  __TI_ATRegion2_trg_addr         
00001004  __TI_CINIT_Base                 
00001014  __TI_CINIT_Limit                
00001014  __TI_CINIT_Warm                 
00000fe8  __TI_Handler_Table_Base         
00000ff4  __TI_Handler_Table_Limit        
00000d51  __TI_auto_init_nobinit_nopinit  
000009bd  __TI_decompress_lzss            
00000eed  __TI_decompress_none            
ffffffff  __TI_pprof_out_hndl             
000003cd  __TI_printfi_minimal            
ffffffff  __TI_prof_data_size             
ffffffff  __TI_prof_data_start            
00000000  __TI_static_base__              
00000ec5  __TI_zero_init_nomemset         
00000b61  __aeabi_idiv                    
00000aff  __aeabi_idiv0                   
00000b61  __aeabi_idivmod                 
00000f39  __aeabi_memcpy                  
00000f39  __aeabi_memcpy4                 
00000f39  __aeabi_memcpy8                 
00000f11  __aeabi_memset                  
00000f11  __aeabi_memset4                 
00000f11  __aeabi_memset8                 
00000cd1  __aeabi_uidiv                   
00000cd1  __aeabi_uidivmod                
ffffffff  __binit__                       
UNDEFED   __mpu_init                      
20207e00  __stack                         
20200000  __start___llvm_prf_bits         
20200000  __start___llvm_prf_cnts         
20200000  __stop___llvm_prf_bits          
20200000  __stop___llvm_prf_cnts          
00000ded  _c_int00_noargs                 
UNDEFED   _system_post_cinit              
00000f4f  _system_pre_init                
00000f41  abort                           
ffffffff  binit                           
20200000  gPWM_DRIVEBackup                
00000000  interruptVectors                
000000c1  main                            
00000e39  memccpy                         
00000921  memcpy                          
00000a9d  memset                          
00000d11  vsnprintf                       


GLOBAL SYMBOLS: SORTED BY Symbol Address 

address   name                            
-------   ----                            
00000000  __TI_ATRegion0_region_sz        
00000000  __TI_ATRegion0_src_addr         
00000000  __TI_ATRegion0_trg_addr         
00000000  __TI_ATRegion1_region_sz        
00000000  __TI_ATRegion1_src_addr         
00000000  __TI_ATRegion1_trg_addr         
00000000  __TI_ATRegion2_region_sz        
00000000  __TI_ATRegion2_src_addr         
00000000  __TI_ATRegion2_trg_addr         
00000000  __TI_static_base__              
00000000  interruptVectors                
000000c1  main                            
00000200  __STACK_SIZE                    
000003cd  __TI_printfi_minimal            
00000651  DL_Timer_initFourCCPWMMode      
00000755  SYSCFG_DL_GPIO_init             
00000841  SYSCFG_DL_PWM_DRIVE_init        
00000921  memcpy                          
000009bb  ADC0_IRQHandler                 
000009bb  ADC1_IRQHandler                 
000009bb  AES_IRQHandler                  
000009bb  CANFD0_IRQHandler               
000009bb  DAC0_IRQHandler                 
000009bb  DMA_IRQHandler                  
000009bb  Default_Handler                 
000009bb  GROUP0_IRQHandler               
000009bb  HardFault_Handler               
000009bb  I2C0_IRQHandler                 
000009bb  I2C1_IRQHandler                 
000009bb  NMI_Handler                     
000009bb  PendSV_Handler                  
000009bb  RTC_IRQHandler                  
000009bb  SPI0_IRQHandler                 
000009bb  SPI1_IRQHandler                 
000009bb  SVC_Handler                     
000009bb  SysTick_Handler                 
000009bb  TIMA0_IRQHandler                
000009bb  TIMA1_IRQHandler                
000009bb  TIMG0_IRQHandler                
000009bb  TIMG12_IRQHandler               
000009bb  TIMG6_IRQHandler                
000009bb  TIMG7_IRQHandler                
000009bb  TIMG8_IRQHandler                
000009bb  UART0_IRQHandler                
000009bb  UART1_IRQHandler                
000009bb  UART2_IRQHandler                
000009bb  UART3_IRQHandler                
000009bd  __TI_decompress_lzss            
00000a9d  memset                          
00000aff  __aeabi_idiv0                   
00000b01  SYSCFG_DL_UART_JDY31_init       
00000b61  __aeabi_idiv                    
00000b61  __aeabi_idivmod                 
00000bb9  GROUP1_IRQHandler               
00000c09  DL_UART_init                    
00000c51  SYSCFG_DL_SYSCTL_init           
00000c91  SYSCFG_DL_initPower             
00000cd1  __aeabi_uidiv                   
00000cd1  __aeabi_uidivmod                
00000d11  vsnprintf                       
00000d51  __TI_auto_init_nobinit_nopinit  
00000d8d  DL_UART_transmitDataBlocking    
00000ded  _c_int00_noargs                 
00000e15  SYSCFG_DL_init                  
00000e39  memccpy                         
00000e5d  DL_Timer_setCaptCompUpdateMethod
00000e79  DL_Timer_setClockConfig         
00000e95  DL_Timer_setCaptureCompareOutCtl
00000ec5  __TI_zero_init_nomemset         
00000edb  DL_UART_setClockConfig          
00000eed  __TI_decompress_none            
00000f01  DL_Timer_setCaptureCompareValue 
00000f11  __aeabi_memset                  
00000f11  __aeabi_memset4                 
00000f11  __aeabi_memset8                 
00000f2d  DL_Common_delayCycles           
00000f39  __aeabi_memcpy                  
00000f39  __aeabi_memcpy4                 
00000f39  __aeabi_memcpy8                 
00000f41  abort                           
00000f46  C$$EXIT                         
00000f47  HOSTexit                        
00000f4b  Reset_Handler                   
00000f4f  _system_pre_init                
00000fe8  __TI_Handler_Table_Base         
00000ff4  __TI_Handler_Table_Limit        
00001004  __TI_CINIT_Base                 
00001014  __TI_CINIT_Limit                
00001014  __TI_CINIT_Warm                 
20200000  __start___llvm_prf_bits         
20200000  __start___llvm_prf_cnts         
20200000  __stop___llvm_prf_bits          
20200000  __stop___llvm_prf_cnts          
20200000  gPWM_DRIVEBackup                
20207e00  __stack                         
20208000  __STACK_END                     
ffffffff  __TI_pprof_out_hndl             
ffffffff  __TI_prof_data_size             
ffffffff  __TI_prof_data_start            
ffffffff  __binit__                       
ffffffff  binit                           
UNDEFED   __mpu_init                      
UNDEFED   _system_post_cinit              

[103 symbols]
