******************************************************************************
            TI ARM Clang Linker PC v4.0.4                      
******************************************************************************
>> Linked Mon Jul 13 13:24:35 2026

OUTPUT FILE NAME:   <xiaochexunji.out>
ENTRY POINT SYMBOL: "_c_int00_noargs"  address: 00000a01


MEMORY CONFIGURATION

         name            origin    length      used     unused   attr    fill
----------------------  --------  ---------  --------  --------  ----  --------
  FLASH                 00000000   00020000  00000b68  0001f498  R  X
  SRAM                  20200000   00008000  000002d5  00007d2b  RW X
  BCR_CONFIG            41c00000   000000ff  00000000  000000ff  R   
  BSL_CONFIG            41c00100   00000080  00000000  00000080  R   


SEGMENT ALLOCATION MAP

run origin  load origin   length   init length attrs members
----------  ----------- ---------- ----------- ----- -------
00000000    00000000    00000b68   00000b68    r-x
  00000000    00000000    000000c0   000000c0    r-- .intvecs
  000000c0    000000c0    00000a50   00000a50    r-x .text
  00000b10    00000b10    00000028   00000028    r-- .rodata
  00000b38    00000b38    00000030   00000030    r-- .cinit
20200000    20200000    000000d5   00000000    rw-
  20200000    20200000    000000c4   00000000    rw- .bss
  202000c4    202000c4    00000011   00000000    rw- .data
20207e00    20207e00    00000200   00000000    rw-
  20207e00    20207e00    00000200   00000000    rw- .stack


SECTION ALLOCATION MAP

 output                                  attributes/
section   page    origin      length       input sections
--------  ----  ----------  ----------   ----------------
.intvecs   0    00000000    000000c0     
                  00000000    000000c0     startup_mspm0g350x_ticlang.o (.intvecs)

.text      0    000000c0    00000a50     
                  000000c0    000002a8     empty.o (.text.TIMG0_IRQHandler)
                  00000368    00000104     driverlib.a : dl_timer.o (.text.DL_Timer_initFourCCPWMMode)
                  0000046c    000000fc                 : dl_timer.o (.text.DL_Timer_initTimerMode)
                  00000568    000000e0     ti_msp_dl_config.o (.text.SYSCFG_DL_PWM_DRIVE_init)
                  00000648    0000009a     libc.a : memcpy16.S.obj (.text:memcpy)
                  000006e2    00000002     startup_mspm0g350x_ticlang.o (.text.Default_Handler)
                  000006e4    00000084     empty.o (.text.motor)
                  00000768    0000007c     libc.a : copy_decompress_lzss.c.obj (.text:decompress:lzss)
                  000007e4    00000070     ti_msp_dl_config.o (.text.SYSCFG_DL_GPIO_init)
                  00000854    00000060     empty.o (.text.main)
                  000008b4    00000056     libclang_rt.builtins.a : aeabi_idivmod.S.obj (.text.__aeabi_idivmod)
                  0000090a    00000002                            : aeabi_div0.c.obj (.text.__aeabi_idiv0)
                  0000090c    00000040     ti_msp_dl_config.o (.text.SYSCFG_DL_SYSCTL_init)
                  0000094c    00000040     ti_msp_dl_config.o (.text.SYSCFG_DL_initPower)
                  0000098c    0000003c     libc.a : autoinit.c.obj (.text:__TI_auto_init_nobinit_nopinit)
                  000009c8    00000038     ti_msp_dl_config.o (.text.SYSCFG_DL_TIMER_0_init)
                  00000a00    00000028     libc.a : boot_cortex_m.c.obj (.text:_c_int00_noargs)
                  00000a28    00000024     ti_msp_dl_config.o (.text.SYSCFG_DL_init)
                  00000a4c    0000001c     driverlib.a : dl_timer.o (.text.DL_Timer_setCaptCompUpdateMethod)
                  00000a68    0000001c                 : dl_timer.o (.text.DL_Timer_setClockConfig)
                  00000a84    00000018                 : dl_timer.o (.text.DL_Timer_setCaptureCompareOutCtl)
                  00000a9c    00000016     libc.a : copy_zero_init.c.obj (.text:decompress:ZI:__TI_zero_init_nomemset)
                  00000ab2    00000012            : copy_decompress_none.c.obj (.text:decompress:none)
                  00000ac4    00000010     driverlib.a : dl_timer.o (.text.DL_Timer_setCaptureCompareValue)
                  00000ad4    00000010     empty.o (.text.SysTick_Handler)
                  00000ae4    0000000a     driverlib.a : dl_common.o (.text.DL_Common_delayCycles)
                  00000aee    00000002     --HOLE-- [fill = 0]
                  00000af0    00000008     libclang_rt.builtins.a : aeabi_memcpy.S.obj (.text.__aeabi_memcpy)
                  00000af8    00000006     libc.a : exit.c.obj (.text:abort)
                  00000afe    00000004     libsysbm.a : hostexit.c.obj (.text.HOSTexit)
                  00000b02    00000004     startup_mspm0g350x_ticlang.o (.text.Reset_Handler)
                  00000b06    00000004     libc.a : pre_init.c.obj (.text._system_pre_init)
                  00000b0a    00000006     --HOLE-- [fill = 0]

.cinit     0    00000b38    00000030     
                  00000b38    0000000c     (__TI_handler_table)
                  00000b44    00000008     (.cinit..bss.load) [load image, compression = zero_init]
                  00000b4c    00000008     (.cinit..data.load) [load image, compression = lzss]
                  00000b54    00000010     (__TI_cinit_table)
                  00000b64    00000004     --HOLE-- [fill = 0]

.rodata    0    00000b10    00000028     
                  00000b10    00000014     ti_msp_dl_config.o (.rodata.gTIMER_0TimerConfig)
                  00000b24    00000008     ti_msp_dl_config.o (.rodata.gPWM_DRIVEConfig)
                  00000b2c    00000003     ti_msp_dl_config.o (.rodata.gPWM_DRIVEClockConfig)
                  00000b2f    00000003     ti_msp_dl_config.o (.rodata.gTIMER_0ClockConfig)
                  00000b32    00000006     --HOLE-- [fill = 0]

.init_array 
*          0    00000000    00000000     UNINITIALIZED

.binit     0    00000000    00000000     

.bss       0    20200000    000000c4     UNINITIALIZED
                  20200000    000000bc     (.common:gPWM_DRIVEBackup)
                  202000bc    00000008     empty.o (.bss.sensor)

.data      0    202000c4    00000011     UNINITIALIZED
                  202000c4    00000004     empty.o (.data.cooldown_until)
                  202000c8    00000004     empty.o (.data.g_millis)
                  202000cc    00000004     empty.o (.data.state_entry_ms)
                  202000d0    00000001     empty.o (.data.corner_cnt)
                  202000d1    00000001     empty.o (.data.last_err)
                  202000d2    00000001     empty.o (.data.scan_ch)
                  202000d3    00000001     empty.o (.data.state)
                  202000d4    00000001     empty.o (.data.turn_dir)

.stack     0    20207e00    00000200     UNINITIALIZED
                  20207e00    00000004     libc.a : boot_cortex_m.c.obj (.stack)
                  20207e04    000001fc     --HOLE--

__llvm_prf_cnts 
*          0    20200000    00000000     UNINITIALIZED

__llvm_prf_bits 
*          0    20200000    00000000     UNINITIALIZED

MODULE SUMMARY

       Module                         code   ro data   rw data
       ------                         ----   -------   -------
    .\
       empty.o                        924    0         25     
       ti_msp_dl_config.o             556    34        188    
       startup_mspm0g350x_ticlang.o   6      192       0      
    +--+------------------------------+------+---------+---------+
       Total:                         1486   226       213    
                                                              
    C:/ti/mspm0_sdk_2_10_00_04/source/ti/driverlib/lib/ticlang/m0p/mspm0g1x0x_g3x0x/driverlib.a
       dl_timer.o                     608    0         0      
       dl_common.o                    10     0         0      
    +--+------------------------------+------+---------+---------+
       Total:                         618    0         0      
                                                              
    C:\ti\ccs2051\ccs\tools\compiler\ti-cgt-armllvm_4.0.4.LTS\lib\armv6m-ti-none-eabi/c/libc.a
       memcpy16.S.obj                 154    0         0      
       copy_decompress_lzss.c.obj     124    0         0      
       autoinit.c.obj                 60     0         0      
       boot_cortex_m.c.obj            40     0         0      
       copy_zero_init.c.obj           22     0         0      
       copy_decompress_none.c.obj     18     0         0      
       exit.c.obj                     6      0         0      
       pre_init.c.obj                 4      0         0      
    +--+------------------------------+------+---------+---------+
       Total:                         428    0         0      
                                                              
    C:\ti\ccs2051\ccs\tools\compiler\ti-cgt-armllvm_4.0.4.LTS\lib\armv6m-ti-none-eabi/c/libsysbm.a
       hostexit.c.obj                 4      0         0      
    +--+------------------------------+------+---------+---------+
       Total:                         4      0         0      
                                                              
    C:\ti\ccs2051\ccs\tools\compiler\ti-cgt-armllvm_4.0.4.LTS\lib\armv6m-ti-none-eabi/libclang_rt.builtins.a
       aeabi_idivmod.S.obj            86     0         0      
       aeabi_memcpy.S.obj             8      0         0      
       aeabi_div0.c.obj               2      0         0      
    +--+------------------------------+------+---------+---------+
       Total:                         96     0         0      
                                                              
       Stack:                         0      0         512    
       Linker Generated:              0      44        0      
    +--+------------------------------+------+---------+---------+
       Grand Total:                   2632   270       725    


LINKER GENERATED COPY TABLES

__TI_cinit_table @ 00000b54 records: 2, size/record: 8, table size: 16
	.bss: load addr=00000b44, load size=00000008 bytes, run addr=20200000, run size=000000c4 bytes, compression=zero_init
	.data: load addr=00000b4c, load size=00000008 bytes, run addr=202000c4, run size=00000011 bytes, compression=lzss


LINKER GENERATED HANDLER TABLE

__TI_handler_table @ 00000b38 records: 3, size/record: 4, table size: 12
	index: 0, handler: __TI_decompress_lzss
	index: 1, handler: __TI_decompress_none
	index: 2, handler: __TI_zero_init


GLOBAL SYMBOLS: SORTED ALPHABETICALLY BY Name 

address   name                            
-------   ----                            
000006e3  ADC0_IRQHandler                 
000006e3  ADC1_IRQHandler                 
000006e3  AES_IRQHandler                  
00000afe  C$$EXIT                         
000006e3  CANFD0_IRQHandler               
000006e3  DAC0_IRQHandler                 
00000ae5  DL_Common_delayCycles           
00000369  DL_Timer_initFourCCPWMMode      
0000046d  DL_Timer_initTimerMode          
00000a4d  DL_Timer_setCaptCompUpdateMethod
00000a85  DL_Timer_setCaptureCompareOutCtl
00000ac5  DL_Timer_setCaptureCompareValue 
00000a69  DL_Timer_setClockConfig         
000006e3  DMA_IRQHandler                  
000006e3  Default_Handler                 
000006e3  GROUP0_IRQHandler               
000006e3  GROUP1_IRQHandler               
00000aff  HOSTexit                        
000006e3  HardFault_Handler               
000006e3  I2C0_IRQHandler                 
000006e3  I2C1_IRQHandler                 
000006e3  NMI_Handler                     
000006e3  PendSV_Handler                  
000006e3  RTC_IRQHandler                  
00000b03  Reset_Handler                   
000006e3  SPI0_IRQHandler                 
000006e3  SPI1_IRQHandler                 
000006e3  SVC_Handler                     
000007e5  SYSCFG_DL_GPIO_init             
00000569  SYSCFG_DL_PWM_DRIVE_init        
0000090d  SYSCFG_DL_SYSCTL_init           
000009c9  SYSCFG_DL_TIMER_0_init          
00000a29  SYSCFG_DL_init                  
0000094d  SYSCFG_DL_initPower             
00000ad5  SysTick_Handler                 
000006e3  TIMA0_IRQHandler                
000006e3  TIMA1_IRQHandler                
000000c1  TIMG0_IRQHandler                
000006e3  TIMG12_IRQHandler               
000006e3  TIMG6_IRQHandler                
000006e3  TIMG7_IRQHandler                
000006e3  TIMG8_IRQHandler                
000006e3  UART0_IRQHandler                
000006e3  UART1_IRQHandler                
000006e3  UART2_IRQHandler                
000006e3  UART3_IRQHandler                
20208000  __STACK_END                     
00000200  __STACK_SIZE                    
00000000  __TI_ATRegion0_region_sz        
00000000  __TI_ATRegion0_src_addr         
00000000  __TI_ATRegion0_trg_addr         
00000000  __TI_ATRegion1_region_sz        
00000000  __TI_ATRegion1_src_addr         
00000000  __TI_ATRegion1_trg_addr         
00000000  __TI_ATRegion2_region_sz        
00000000  __TI_ATRegion2_src_addr         
00000000  __TI_ATRegion2_trg_addr         
00000b54  __TI_CINIT_Base                 
00000b64  __TI_CINIT_Limit                
00000b64  __TI_CINIT_Warm                 
00000b38  __TI_Handler_Table_Base         
00000b44  __TI_Handler_Table_Limit        
0000098d  __TI_auto_init_nobinit_nopinit  
00000769  __TI_decompress_lzss            
00000ab3  __TI_decompress_none            
ffffffff  __TI_pprof_out_hndl             
ffffffff  __TI_prof_data_size             
ffffffff  __TI_prof_data_start            
00000000  __TI_static_base__              
00000a9d  __TI_zero_init_nomemset         
000008b5  __aeabi_idiv                    
0000090b  __aeabi_idiv0                   
000008b5  __aeabi_idivmod                 
00000af1  __aeabi_memcpy                  
00000af1  __aeabi_memcpy4                 
00000af1  __aeabi_memcpy8                 
ffffffff  __binit__                       
UNDEFED   __mpu_init                      
20207e00  __stack                         
20200000  __start___llvm_prf_bits         
20200000  __start___llvm_prf_cnts         
20200000  __stop___llvm_prf_bits          
20200000  __stop___llvm_prf_cnts          
00000a01  _c_int00_noargs                 
UNDEFED   _system_post_cinit              
00000b07  _system_pre_init                
00000af9  abort                           
ffffffff  binit                           
20200000  gPWM_DRIVEBackup                
202000c8  g_millis                        
00000000  interruptVectors                
00000855  main                            
00000649  memcpy                          


GLOBAL SYMBOLS: SORTED BY Symbol Address 

address   name                            
-------   ----                            
00000000  __TI_ATRegion0_region_sz        
00000000  __TI_ATRegion0_src_addr         
00000000  __TI_ATRegion0_trg_addr         
00000000  __TI_ATRegion1_region_sz        
00000000  __TI_ATRegion1_src_addr         
00000000  __TI_ATRegion1_trg_addr         
00000000  __TI_ATRegion2_region_sz        
00000000  __TI_ATRegion2_src_addr         
00000000  __TI_ATRegion2_trg_addr         
00000000  __TI_static_base__              
00000000  interruptVectors                
000000c1  TIMG0_IRQHandler                
00000200  __STACK_SIZE                    
00000369  DL_Timer_initFourCCPWMMode      
0000046d  DL_Timer_initTimerMode          
00000569  SYSCFG_DL_PWM_DRIVE_init        
00000649  memcpy                          
000006e3  ADC0_IRQHandler                 
000006e3  ADC1_IRQHandler                 
000006e3  AES_IRQHandler                  
000006e3  CANFD0_IRQHandler               
000006e3  DAC0_IRQHandler                 
000006e3  DMA_IRQHandler                  
000006e3  Default_Handler                 
000006e3  GROUP0_IRQHandler               
000006e3  GROUP1_IRQHandler               
000006e3  HardFault_Handler               
000006e3  I2C0_IRQHandler                 
000006e3  I2C1_IRQHandler                 
000006e3  NMI_Handler                     
000006e3  PendSV_Handler                  
000006e3  RTC_IRQHandler                  
000006e3  SPI0_IRQHandler                 
000006e3  SPI1_IRQHandler                 
000006e3  SVC_Handler                     
000006e3  TIMA0_IRQHandler                
000006e3  TIMA1_IRQHandler                
000006e3  TIMG12_IRQHandler               
000006e3  TIMG6_IRQHandler                
000006e3  TIMG7_IRQHandler                
000006e3  TIMG8_IRQHandler                
000006e3  UART0_IRQHandler                
000006e3  UART1_IRQHandler                
000006e3  UART2_IRQHandler                
000006e3  UART3_IRQHandler                
00000769  __TI_decompress_lzss            
000007e5  SYSCFG_DL_GPIO_init             
00000855  main                            
000008b5  __aeabi_idiv                    
000008b5  __aeabi_idivmod                 
0000090b  __aeabi_idiv0                   
0000090d  SYSCFG_DL_SYSCTL_init           
0000094d  SYSCFG_DL_initPower             
0000098d  __TI_auto_init_nobinit_nopinit  
000009c9  SYSCFG_DL_TIMER_0_init          
00000a01  _c_int00_noargs                 
00000a29  SYSCFG_DL_init                  
00000a4d  DL_Timer_setCaptCompUpdateMethod
00000a69  DL_Timer_setClockConfig         
00000a85  DL_Timer_setCaptureCompareOutCtl
00000a9d  __TI_zero_init_nomemset         
00000ab3  __TI_decompress_none            
00000ac5  DL_Timer_setCaptureCompareValue 
00000ad5  SysTick_Handler                 
00000ae5  DL_Common_delayCycles           
00000af1  __aeabi_memcpy                  
00000af1  __aeabi_memcpy4                 
00000af1  __aeabi_memcpy8                 
00000af9  abort                           
00000afe  C$$EXIT                         
00000aff  HOSTexit                        
00000b03  Reset_Handler                   
00000b07  _system_pre_init                
00000b38  __TI_Handler_Table_Base         
00000b44  __TI_Handler_Table_Limit        
00000b54  __TI_CINIT_Base                 
00000b64  __TI_CINIT_Limit                
00000b64  __TI_CINIT_Warm                 
20200000  __start___llvm_prf_bits         
20200000  __start___llvm_prf_cnts         
20200000  __stop___llvm_prf_bits          
20200000  __stop___llvm_prf_cnts          
20200000  gPWM_DRIVEBackup                
202000c8  g_millis                        
20207e00  __stack                         
20208000  __STACK_END                     
ffffffff  __TI_pprof_out_hndl             
ffffffff  __TI_prof_data_size             
ffffffff  __TI_prof_data_start            
ffffffff  __binit__                       
ffffffff  binit                           
UNDEFED   __mpu_init                      
UNDEFED   _system_post_cinit              

[93 symbols]
