******************************************************************************
            TI ARM Clang Linker PC v4.0.4                      
******************************************************************************
>> Linked Thu Jul  9 17:29:00 2026

OUTPUT FILE NAME:   <xiaochexunji.out>
ENTRY POINT SYMBOL: "_c_int00_noargs"  address: 00000e51


MEMORY CONFIGURATION

         name            origin    length      used     unused   attr    fill
----------------------  --------  ---------  --------  --------  ----  --------
  FLASH                 00000000   00020000  00001078  0001ef88  R  X
  SRAM                  20200000   00008000  000002d0  00007d30  RW X
  BCR_CONFIG            41c00000   000000ff  00000000  000000ff  R   
  BSL_CONFIG            41c00100   00000080  00000000  00000080  R   


SEGMENT ALLOCATION MAP

run origin  load origin   length   init length attrs members
----------  ----------- ---------- ----------- ----- -------
00000000    00000000    00001078   00001078    r-x
  00000000    00000000    000000c0   000000c0    r-- .intvecs
  000000c0    000000c0    00000ef8   00000ef8    r-x .text
  00000fb8    00000fb8    00000090   00000090    r-- .rodata
  00001048    00001048    00000030   00000030    r-- .cinit
20200000    20200000    000000d0   00000000    rw-
  20200000    20200000    000000bc   00000000    rw- .bss
  202000bc    202000bc    00000014   00000000    rw- .data
20207e00    20207e00    00000200   00000000    rw-
  20207e00    20207e00    00000200   00000000    rw- .stack


SECTION ALLOCATION MAP

 output                                  attributes/
section   page    origin      length       input sections
--------  ----  ----------  ----------   ----------------
.intvecs   0    00000000    000000c0     
                  00000000    000000c0     startup_mspm0g350x_ticlang.o (.intvecs)

.text      0    000000c0    00000ef8     
                  000000c0    00000370     empty.o (.text.main)
                  00000430    00000284     libc.a : _printfi.c.obj (.text:__TI_printfi_minimal)
                  000006b4    00000104     driverlib.a : dl_timer.o (.text.DL_Timer_initFourCCPWMMode)
                  000007b8    000000ec     ti_msp_dl_config.o (.text.SYSCFG_DL_GPIO_init)
                  000008a4    000000e0     ti_msp_dl_config.o (.text.SYSCFG_DL_PWM_DRIVE_init)
                  00000984    0000009a     libc.a : memcpy16.S.obj (.text:memcpy)
                  00000a1e    00000002     startup_mspm0g350x_ticlang.o (.text.Default_Handler)
                  00000a20    0000007c     libc.a : copy_decompress_lzss.c.obj (.text:decompress:lzss)
                  00000a9c    00000064     empty.o (.text.uart_printf)
                  00000b00    00000062     libc.a : memset16.S.obj (.text:memset)
                  00000b62    00000002     libclang_rt.builtins.a : aeabi_div0.c.obj (.text.__aeabi_idiv0)
                  00000b64    00000060     ti_msp_dl_config.o (.text.SYSCFG_DL_UART_JDY31_init)
                  00000bc4    00000056     libclang_rt.builtins.a : aeabi_idivmod.S.obj (.text.__aeabi_idivmod)
                  00000c1a    00000002     --HOLE-- [fill = 0]
                  00000c1c    00000050     empty.o (.text.GROUP1_IRQHandler)
                  00000c6c    00000048     driverlib.a : dl_uart.o (.text.DL_UART_init)
                  00000cb4    00000040     ti_msp_dl_config.o (.text.SYSCFG_DL_SYSCTL_init)
                  00000cf4    00000040     ti_msp_dl_config.o (.text.SYSCFG_DL_initPower)
                  00000d34    00000040     libclang_rt.builtins.a : aeabi_uidivmod.S.obj (.text.__aeabi_uidivmod)
                  00000d74    00000040     libc.a : vsnprintf.c.obj (.text.vsnprintf)
                  00000db4    0000003c            : autoinit.c.obj (.text:__TI_auto_init_nobinit_nopinit)
                  00000df0    00000030     driverlib.a : dl_uart.o (.text.DL_UART_transmitDataBlocking)
                  00000e20    00000030     libc.a : vsnprintf.c.obj (.text._outs)
                  00000e50    00000028            : boot_cortex_m.c.obj (.text:_c_int00_noargs)
                  00000e78    00000024     ti_msp_dl_config.o (.text.SYSCFG_DL_init)
                  00000e9c    00000022     libc.a : memccpy.c.obj (.text.memccpy)
                  00000ebe    00000002     --HOLE-- [fill = 0]
                  00000ec0    0000001c     driverlib.a : dl_timer.o (.text.DL_Timer_setCaptCompUpdateMethod)
                  00000edc    0000001c                 : dl_timer.o (.text.DL_Timer_setClockConfig)
                  00000ef8    00000018                 : dl_timer.o (.text.DL_Timer_setCaptureCompareOutCtl)
                  00000f10    00000018     libc.a : vsnprintf.c.obj (.text._outc)
                  00000f28    00000016            : copy_zero_init.c.obj (.text:decompress:ZI:__TI_zero_init_nomemset)
                  00000f3e    00000012     driverlib.a : dl_uart.o (.text.DL_UART_setClockConfig)
                  00000f50    00000012     libc.a : copy_decompress_none.c.obj (.text:decompress:none)
                  00000f62    00000002     --HOLE-- [fill = 0]
                  00000f64    00000010     driverlib.a : dl_timer.o (.text.DL_Timer_setCaptureCompareValue)
                  00000f74    0000000e     libclang_rt.builtins.a : aeabi_memset.S.obj (.text.__aeabi_memset)
                  00000f82    0000000e     libc.a : _printfi.c.obj (.text.strlen)
                  00000f90    0000000a     driverlib.a : dl_common.o (.text.DL_Common_delayCycles)
                  00000f9a    00000002     --HOLE-- [fill = 0]
                  00000f9c    00000008     libclang_rt.builtins.a : aeabi_memcpy.S.obj (.text.__aeabi_memcpy)
                  00000fa4    00000006     libc.a : exit.c.obj (.text:abort)
                  00000faa    00000004     libsysbm.a : hostexit.c.obj (.text.HOSTexit)
                  00000fae    00000004     startup_mspm0g350x_ticlang.o (.text.Reset_Handler)
                  00000fb2    00000004     libc.a : pre_init.c.obj (.text._system_pre_init)
                  00000fb6    00000002     --HOLE-- [fill = 0]

.cinit     0    00001048    00000030     
                  00001048    0000000c     (__TI_handler_table)
                  00001054    00000008     (.cinit..bss.load) [load image, compression = zero_init]
                  0000105c    00000008     (.cinit..data.load) [load image, compression = lzss]
                  00001064    00000010     (__TI_cinit_table)
                  00001074    00000004     --HOLE-- [fill = 0]

.rodata    0    00000fb8    00000090     
                  00000fb8    0000002a     empty.o (.rodata.str1.9517790425240694019.1)
                  00000fe2    00000026     empty.o (.rodata.str1.14685083708502177989.1)
                  00001008    00000011     libc.a : _printfi.c.obj (.rodata.str1.15363888844622738466.1)
                  00001019    00000010     empty.o (.rodata.str1.254342170260855183.1)
                  00001029    00000001     --HOLE-- [fill = 0]
                  0000102a    0000000a     ti_msp_dl_config.o (.rodata.gUART_JDY31Config)
                  00001034    00000008     ti_msp_dl_config.o (.rodata.gPWM_DRIVEConfig)
                  0000103c    00000003     ti_msp_dl_config.o (.rodata.gPWM_DRIVEClockConfig)
                  0000103f    00000002     ti_msp_dl_config.o (.rodata.gUART_JDY31ClockConfig)
                  00001041    00000007     --HOLE-- [fill = 0]

.init_array 
*          0    00000000    00000000     UNINITIALIZED

.binit     0    00000000    00000000     

.bss       0    20200000    000000bc     UNINITIALIZED
                  20200000    000000bc     (.common:gPWM_DRIVEBackup)

.data      0    202000bc    00000014     UNINITIALIZED
                  202000bc    00000004     empty.o (.data.enc_left)
                  202000c0    00000004     empty.o (.data.enc_right)
                  202000c4    00000004     empty.o (.data.line_follow.bias)
                  202000c8    00000004     empty.o (.data.line_follow.prev_l)
                  202000cc    00000004     empty.o (.data.line_follow.prev_r)

.stack     0    20207e00    00000200     UNINITIALIZED
                  20207e00    00000004     libc.a : boot_cortex_m.c.obj (.stack)
                  20207e04    000001fc     --HOLE--

__llvm_prf_cnts 
*          0    20200000    00000000     UNINITIALIZED

__llvm_prf_bits 
*          0    20200000    00000000     UNINITIALIZED

MODULE SUMMARY

       Module                         code   ro data   rw data
       ------                         ----   -------   -------
    .\
       empty.o                        1060   96        20     
       ti_msp_dl_config.o             720    23        188    
       startup_mspm0g350x_ticlang.o   6      192       0      
    +--+------------------------------+------+---------+---------+
       Total:                         1786   311       208    
                                                              
    C:/ti/mspm0_sdk_2_10_00_04/source/ti/driverlib/lib/ticlang/m0p/mspm0g1x0x_g3x0x/driverlib.a
       dl_timer.o                     356    0         0      
       dl_uart.o                      138    0         0      
       dl_common.o                    10     0         0      
    +--+------------------------------+------+---------+---------+
       Total:                         504    0         0      
                                                              
    C:\ti\ccs2051\ccs\tools\compiler\ti-cgt-armllvm_4.0.4.LTS\lib\armv6m-ti-none-eabi/c/libc.a
       _printfi.c.obj                 658    17        0      
       memcpy16.S.obj                 154    0         0      
       vsnprintf.c.obj                136    0         0      
       copy_decompress_lzss.c.obj     124    0         0      
       memset16.S.obj                 98     0         0      
       autoinit.c.obj                 60     0         0      
       boot_cortex_m.c.obj            40     0         0      
       memccpy.c.obj                  34     0         0      
       copy_zero_init.c.obj           22     0         0      
       copy_decompress_none.c.obj     18     0         0      
       exit.c.obj                     6      0         0      
       pre_init.c.obj                 4      0         0      
    +--+------------------------------+------+---------+---------+
       Total:                         1354   17        0      
                                                              
    C:\ti\ccs2051\ccs\tools\compiler\ti-cgt-armllvm_4.0.4.LTS\lib\armv6m-ti-none-eabi/c/libsysbm.a
       hostexit.c.obj                 4      0         0      
    +--+------------------------------+------+---------+---------+
       Total:                         4      0         0      
                                                              
    C:\ti\ccs2051\ccs\tools\compiler\ti-cgt-armllvm_4.0.4.LTS\lib\armv6m-ti-none-eabi/libclang_rt.builtins.a
       aeabi_idivmod.S.obj            86     0         0      
       aeabi_uidivmod.S.obj           64     0         0      
       aeabi_memset.S.obj             14     0         0      
       aeabi_memcpy.S.obj             8      0         0      
       aeabi_div0.c.obj               2      0         0      
    +--+------------------------------+------+---------+---------+
       Total:                         174    0         0      
                                                              
       Stack:                         0      0         512    
       Linker Generated:              0      44        0      
    +--+------------------------------+------+---------+---------+
       Grand Total:                   3822   372       720    


LINKER GENERATED COPY TABLES

__TI_cinit_table @ 00001064 records: 2, size/record: 8, table size: 16
	.bss: load addr=00001054, load size=00000008 bytes, run addr=20200000, run size=000000bc bytes, compression=zero_init
	.data: load addr=0000105c, load size=00000008 bytes, run addr=202000bc, run size=00000014 bytes, compression=lzss


LINKER GENERATED HANDLER TABLE

__TI_handler_table @ 00001048 records: 3, size/record: 4, table size: 12
	index: 0, handler: __TI_decompress_lzss
	index: 1, handler: __TI_decompress_none
	index: 2, handler: __TI_zero_init


GLOBAL SYMBOLS: SORTED ALPHABETICALLY BY Name 

address   name                            
-------   ----                            
00000a1f  ADC0_IRQHandler                 
00000a1f  ADC1_IRQHandler                 
00000a1f  AES_IRQHandler                  
00000faa  C$$EXIT                         
00000a1f  CANFD0_IRQHandler               
00000a1f  DAC0_IRQHandler                 
00000f91  DL_Common_delayCycles           
000006b5  DL_Timer_initFourCCPWMMode      
00000ec1  DL_Timer_setCaptCompUpdateMethod
00000ef9  DL_Timer_setCaptureCompareOutCtl
00000f65  DL_Timer_setCaptureCompareValue 
00000edd  DL_Timer_setClockConfig         
00000c6d  DL_UART_init                    
00000f3f  DL_UART_setClockConfig          
00000df1  DL_UART_transmitDataBlocking    
00000a1f  DMA_IRQHandler                  
00000a1f  Default_Handler                 
00000a1f  GROUP0_IRQHandler               
00000c1d  GROUP1_IRQHandler               
00000fab  HOSTexit                        
00000a1f  HardFault_Handler               
00000a1f  I2C0_IRQHandler                 
00000a1f  I2C1_IRQHandler                 
00000a1f  NMI_Handler                     
00000a1f  PendSV_Handler                  
00000a1f  RTC_IRQHandler                  
00000faf  Reset_Handler                   
00000a1f  SPI0_IRQHandler                 
00000a1f  SPI1_IRQHandler                 
00000a1f  SVC_Handler                     
000007b9  SYSCFG_DL_GPIO_init             
000008a5  SYSCFG_DL_PWM_DRIVE_init        
00000cb5  SYSCFG_DL_SYSCTL_init           
00000b65  SYSCFG_DL_UART_JDY31_init       
00000e79  SYSCFG_DL_init                  
00000cf5  SYSCFG_DL_initPower             
00000a1f  SysTick_Handler                 
00000a1f  TIMA0_IRQHandler                
00000a1f  TIMA1_IRQHandler                
00000a1f  TIMG0_IRQHandler                
00000a1f  TIMG12_IRQHandler               
00000a1f  TIMG6_IRQHandler                
00000a1f  TIMG7_IRQHandler                
00000a1f  TIMG8_IRQHandler                
00000a1f  UART0_IRQHandler                
00000a1f  UART1_IRQHandler                
00000a1f  UART2_IRQHandler                
00000a1f  UART3_IRQHandler                
20208000  __STACK_END                     
00000200  __STACK_SIZE                    
00000000  __TI_ATRegion0_region_sz        
00000000  __TI_ATRegion0_src_addr         
00000000  __TI_ATRegion0_trg_addr         
00000000  __TI_ATRegion1_region_sz        
00000000  __TI_ATRegion1_src_addr         
00000000  __TI_ATRegion1_trg_addr         
00000000  __TI_ATRegion2_region_sz        
00000000  __TI_ATRegion2_src_addr         
00000000  __TI_ATRegion2_trg_addr         
00001064  __TI_CINIT_Base                 
00001074  __TI_CINIT_Limit                
00001074  __TI_CINIT_Warm                 
00001048  __TI_Handler_Table_Base         
00001054  __TI_Handler_Table_Limit        
00000db5  __TI_auto_init_nobinit_nopinit  
00000a21  __TI_decompress_lzss            
00000f51  __TI_decompress_none            
ffffffff  __TI_pprof_out_hndl             
00000431  __TI_printfi_minimal            
ffffffff  __TI_prof_data_size             
ffffffff  __TI_prof_data_start            
00000000  __TI_static_base__              
00000f29  __TI_zero_init_nomemset         
00000bc5  __aeabi_idiv                    
00000b63  __aeabi_idiv0                   
00000bc5  __aeabi_idivmod                 
00000f9d  __aeabi_memcpy                  
00000f9d  __aeabi_memcpy4                 
00000f9d  __aeabi_memcpy8                 
00000f75  __aeabi_memset                  
00000f75  __aeabi_memset4                 
00000f75  __aeabi_memset8                 
00000d35  __aeabi_uidiv                   
00000d35  __aeabi_uidivmod                
ffffffff  __binit__                       
UNDEFED   __mpu_init                      
20207e00  __stack                         
20200000  __start___llvm_prf_bits         
20200000  __start___llvm_prf_cnts         
20200000  __stop___llvm_prf_bits          
20200000  __stop___llvm_prf_cnts          
00000e51  _c_int00_noargs                 
UNDEFED   _system_post_cinit              
00000fb3  _system_pre_init                
00000fa5  abort                           
ffffffff  binit                           
20200000  gPWM_DRIVEBackup                
00000000  interruptVectors                
000000c1  main                            
00000e9d  memccpy                         
00000985  memcpy                          
00000b01  memset                          
00000d75  vsnprintf                       


GLOBAL SYMBOLS: SORTED BY Symbol Address 

address   name                            
-------   ----                            
00000000  __TI_ATRegion0_region_sz        
00000000  __TI_ATRegion0_src_addr         
00000000  __TI_ATRegion0_trg_addr         
00000000  __TI_ATRegion1_region_sz        
00000000  __TI_ATRegion1_src_addr         
00000000  __TI_ATRegion1_trg_addr         
00000000  __TI_ATRegion2_region_sz        
00000000  __TI_ATRegion2_src_addr         
00000000  __TI_ATRegion2_trg_addr         
00000000  __TI_static_base__              
00000000  interruptVectors                
000000c1  main                            
00000200  __STACK_SIZE                    
00000431  __TI_printfi_minimal            
000006b5  DL_Timer_initFourCCPWMMode      
000007b9  SYSCFG_DL_GPIO_init             
000008a5  SYSCFG_DL_PWM_DRIVE_init        
00000985  memcpy                          
00000a1f  ADC0_IRQHandler                 
00000a1f  ADC1_IRQHandler                 
00000a1f  AES_IRQHandler                  
00000a1f  CANFD0_IRQHandler               
00000a1f  DAC0_IRQHandler                 
00000a1f  DMA_IRQHandler                  
00000a1f  Default_Handler                 
00000a1f  GROUP0_IRQHandler               
00000a1f  HardFault_Handler               
00000a1f  I2C0_IRQHandler                 
00000a1f  I2C1_IRQHandler                 
00000a1f  NMI_Handler                     
00000a1f  PendSV_Handler                  
00000a1f  RTC_IRQHandler                  
00000a1f  SPI0_IRQHandler                 
00000a1f  SPI1_IRQHandler                 
00000a1f  SVC_Handler                     
00000a1f  SysTick_Handler                 
00000a1f  TIMA0_IRQHandler                
00000a1f  TIMA1_IRQHandler                
00000a1f  TIMG0_IRQHandler                
00000a1f  TIMG12_IRQHandler               
00000a1f  TIMG6_IRQHandler                
00000a1f  TIMG7_IRQHandler                
00000a1f  TIMG8_IRQHandler                
00000a1f  UART0_IRQHandler                
00000a1f  UART1_IRQHandler                
00000a1f  UART2_IRQHandler                
00000a1f  UART3_IRQHandler                
00000a21  __TI_decompress_lzss            
00000b01  memset                          
00000b63  __aeabi_idiv0                   
00000b65  SYSCFG_DL_UART_JDY31_init       
00000bc5  __aeabi_idiv                    
00000bc5  __aeabi_idivmod                 
00000c1d  GROUP1_IRQHandler               
00000c6d  DL_UART_init                    
00000cb5  SYSCFG_DL_SYSCTL_init           
00000cf5  SYSCFG_DL_initPower             
00000d35  __aeabi_uidiv                   
00000d35  __aeabi_uidivmod                
00000d75  vsnprintf                       
00000db5  __TI_auto_init_nobinit_nopinit  
00000df1  DL_UART_transmitDataBlocking    
00000e51  _c_int00_noargs                 
00000e79  SYSCFG_DL_init                  
00000e9d  memccpy                         
00000ec1  DL_Timer_setCaptCompUpdateMethod
00000edd  DL_Timer_setClockConfig         
00000ef9  DL_Timer_setCaptureCompareOutCtl
00000f29  __TI_zero_init_nomemset         
00000f3f  DL_UART_setClockConfig          
00000f51  __TI_decompress_none            
00000f65  DL_Timer_setCaptureCompareValue 
00000f75  __aeabi_memset                  
00000f75  __aeabi_memset4                 
00000f75  __aeabi_memset8                 
00000f91  DL_Common_delayCycles           
00000f9d  __aeabi_memcpy                  
00000f9d  __aeabi_memcpy4                 
00000f9d  __aeabi_memcpy8                 
00000fa5  abort                           
00000faa  C$$EXIT                         
00000fab  HOSTexit                        
00000faf  Reset_Handler                   
00000fb3  _system_pre_init                
00001048  __TI_Handler_Table_Base         
00001054  __TI_Handler_Table_Limit        
00001064  __TI_CINIT_Base                 
00001074  __TI_CINIT_Limit                
00001074  __TI_CINIT_Warm                 
20200000  __start___llvm_prf_bits         
20200000  __start___llvm_prf_cnts         
20200000  __stop___llvm_prf_bits          
20200000  __stop___llvm_prf_cnts          
20200000  gPWM_DRIVEBackup                
20207e00  __stack                         
20208000  __STACK_END                     
ffffffff  __TI_pprof_out_hndl             
ffffffff  __TI_prof_data_size             
ffffffff  __TI_prof_data_start            
ffffffff  __binit__                       
ffffffff  binit                           
UNDEFED   __mpu_init                      
UNDEFED   _system_post_cinit              

[103 symbols]
