******************************************************************************
            TI ARM Clang Linker PC v4.0.4                      
******************************************************************************
>> Linked Sun Jul 12 12:08:48 2026

OUTPUT FILE NAME:   <xiaochexunji.out>
ENTRY POINT SYMBOL: "_c_int00_noargs"  address: 000017c5


MEMORY CONFIGURATION

         name            origin    length      used     unused   attr    fill
----------------------  --------  ---------  --------  --------  ----  --------
  FLASH                 00000000   00020000  00001a40  0001e5c0  R  X
  SRAM                  20200000   00008000  000002d7  00007d29  RW X
  BCR_CONFIG            41c00000   000000ff  00000000  000000ff  R   
  BSL_CONFIG            41c00100   00000080  00000000  00000080  R   


SEGMENT ALLOCATION MAP

run origin  load origin   length   init length attrs members
----------  ----------- ---------- ----------- ----- -------
00000000    00000000    00001a40   00001a40    r-x
  00000000    00000000    000000c0   000000c0    r-- .intvecs
  000000c0    000000c0    00001848   00001848    r-x .text
  00001908    00001908    00000108   00000108    r-- .rodata
  00001a10    00001a10    00000030   00000030    r-- .cinit
20200000    20200000    000000d7   00000000    rw-
  20200000    20200000    000000c4   00000000    rw- .bss
  202000c4    202000c4    00000013   00000000    rw- .data
20207e00    20207e00    00000200   00000000    rw-
  20207e00    20207e00    00000200   00000000    rw- .stack


SECTION ALLOCATION MAP

 output                                  attributes/
section   page    origin      length       input sections
--------  ----  ----------  ----------   ----------------
.intvecs   0    00000000    000000c0     
                  00000000    000000c0     startup_mspm0g350x_ticlang.o (.intvecs)

.text      0    000000c0    00001848     
                  000000c0    000005f0     empty.o (.text.TIMG0_IRQHandler)
                  000006b0    00000284     libc.a : _printfi.c.obj (.text:__TI_printfi_minimal)
                  00000934    000001f8     empty.o (.text.main)
                  00000b2c    00000104     driverlib.a : dl_timer.o (.text.DL_Timer_initFourCCPWMMode)
                  00000c30    000000fc                 : dl_timer.o (.text.DL_Timer_initTimerMode)
                  00000d2c    000000ec     ti_msp_dl_config.o (.text.SYSCFG_DL_GPIO_init)
                  00000e18    000000e0     ti_msp_dl_config.o (.text.SYSCFG_DL_PWM_DRIVE_init)
                  00000ef8    000000d8     libclang_rt.builtins.a : addsf3.S.obj (.text)
                  00000fd0    0000009a     libc.a : memcpy16.S.obj (.text:memcpy)
                  0000106a    00000002     startup_mspm0g350x_ticlang.o (.text.Default_Handler)
                  0000106c    0000008c     libclang_rt.builtins.a : mulsf3.S.obj (.text.__mulsf3)
                  000010f8    00000082                            : divsf3.S.obj (.text.__divsf3)
                  0000117a    00000002                            : aeabi_div0.c.obj (.text.__aeabi_idiv0)
                  0000117c    0000007c     libc.a : copy_decompress_lzss.c.obj (.text:decompress:lzss)
                  000011f8    00000064     empty.o (.text.uart_printf)
                  0000125c    00000062     libclang_rt.builtins.a : aeabi_fcmp.S.obj (.text.__aeabi_fcmp)
                  000012be    00000062     libc.a : memset16.S.obj (.text:memset)
                  00001320    00000060     ti_msp_dl_config.o (.text.SYSCFG_DL_UART_JDY31_init)
                  00001380    00000056     libclang_rt.builtins.a : aeabi_idivmod.S.obj (.text.__aeabi_idivmod)
                  000013d6    00000002     --HOLE-- [fill = 0]
                  000013d8    00000050     empty.o (.text.GROUP1_IRQHandler)
                  00001428    00000048     driverlib.a : dl_uart.o (.text.DL_UART_init)
                  00001470    00000048     ti_msp_dl_config.o (.text.SYSCFG_DL_initPower)
                  000014b8    00000040     ti_msp_dl_config.o (.text.SYSCFG_DL_SYSCTL_init)
                  000014f8    00000040     libclang_rt.builtins.a : aeabi_uidivmod.S.obj (.text.__aeabi_uidivmod)
                  00001538    00000040     libc.a : vsnprintf.c.obj (.text.vsnprintf)
                  00001578    0000003c     libclang_rt.builtins.a : floatsisf.S.obj (.text.__floatsisf)
                  000015b4    0000003c                            : comparesf2.S.obj (.text.__gtsf2)
                  000015f0    0000003c     libc.a : autoinit.c.obj (.text:__TI_auto_init_nobinit_nopinit)
                  0000162c    0000003a     libclang_rt.builtins.a : comparesf2.S.obj (.text.__eqsf2)
                  00001666    00000002     --HOLE-- [fill = 0]
                  00001668    0000003a                            : muldsi3.S.obj (.text.__muldsi3)
                  000016a2    00000002     --HOLE-- [fill = 0]
                  000016a4    00000038     ti_msp_dl_config.o (.text.SYSCFG_DL_TIMER_PID_init)
                  000016dc    00000038     libclang_rt.builtins.a : fixsfsi.S.obj (.text.__fixsfsi)
                  00001714    00000030     driverlib.a : dl_uart.o (.text.DL_UART_transmitDataBlocking)
                  00001744    00000030     libc.a : vsnprintf.c.obj (.text._outs)
                  00001774    00000028     ti_msp_dl_config.o (.text.SYSCFG_DL_init)
                  0000179c    00000028     libclang_rt.builtins.a : floatunsisf.S.obj (.text.__floatunsisf)
                  000017c4    00000028     libc.a : boot_cortex_m.c.obj (.text:_c_int00_noargs)
                  000017ec    00000022            : memccpy.c.obj (.text.memccpy)
                  0000180e    00000002     --HOLE-- [fill = 0]
                  00001810    0000001c     driverlib.a : dl_timer.o (.text.DL_Timer_setCaptCompUpdateMethod)
                  0000182c    0000001c                 : dl_timer.o (.text.DL_Timer_setClockConfig)
                  00001848    00000018                 : dl_timer.o (.text.DL_Timer_setCaptureCompareOutCtl)
                  00001860    00000018     libc.a : vsnprintf.c.obj (.text._outc)
                  00001878    00000016            : copy_zero_init.c.obj (.text:decompress:ZI:__TI_zero_init_nomemset)
                  0000188e    00000012     driverlib.a : dl_uart.o (.text.DL_UART_setClockConfig)
                  000018a0    00000012     libc.a : copy_decompress_none.c.obj (.text:decompress:none)
                  000018b2    00000002     --HOLE-- [fill = 0]
                  000018b4    00000010     driverlib.a : dl_timer.o (.text.DL_Timer_setCaptureCompareValue)
                  000018c4    0000000e     libclang_rt.builtins.a : aeabi_memset.S.obj (.text.__aeabi_memset)
                  000018d2    0000000e     libc.a : _printfi.c.obj (.text.strlen)
                  000018e0    0000000a     driverlib.a : dl_common.o (.text.DL_Common_delayCycles)
                  000018ea    00000002     --HOLE-- [fill = 0]
                  000018ec    00000008     libclang_rt.builtins.a : aeabi_memcpy.S.obj (.text.__aeabi_memcpy)
                  000018f4    00000006     libc.a : exit.c.obj (.text:abort)
                  000018fa    00000004     libsysbm.a : hostexit.c.obj (.text.HOSTexit)
                  000018fe    00000004     startup_mspm0g350x_ticlang.o (.text.Reset_Handler)
                  00001902    00000004     libc.a : pre_init.c.obj (.text._system_pre_init)
                  00001906    00000002     --HOLE-- [fill = 0]

.cinit     0    00001a10    00000030     
                  00001a10    0000000c     (__TI_handler_table)
                  00001a1c    00000008     (.cinit..bss.load) [load image, compression = zero_init]
                  00001a24    00000008     (.cinit..data.load) [load image, compression = lzss]
                  00001a2c    00000010     (__TI_cinit_table)
                  00001a3c    00000004     --HOLE-- [fill = 0]

.rodata    0    00001908    00000108     
                  00001908    0000004c     empty.o (.rodata.str1.9517790425240694019.1)
                  00001954    0000003a     empty.o (.rodata.str1.254342170260855183.1)
                  0000198e    00000025     empty.o (.rodata.str1.14685083708502177989.1)
                  000019b3    0000001b     empty.o (.rodata.str1.17669528882079347314.1)
                  000019ce    00000002     ti_msp_dl_config.o (.rodata.gUART_JDY31ClockConfig)
                  000019d0    00000014     ti_msp_dl_config.o (.rodata.gTIMER_PIDTimerConfig)
                  000019e4    00000011     libc.a : _printfi.c.obj (.rodata.str1.15363888844622738466.1)
                  000019f5    00000001     --HOLE-- [fill = 0]
                  000019f6    0000000a     ti_msp_dl_config.o (.rodata.gUART_JDY31Config)
                  00001a00    00000008     ti_msp_dl_config.o (.rodata.gPWM_DRIVEConfig)
                  00001a08    00000003     ti_msp_dl_config.o (.rodata.gPWM_DRIVEClockConfig)
                  00001a0b    00000003     ti_msp_dl_config.o (.rodata.gTIMER_PIDClockConfig)
                  00001a0e    00000002     --HOLE-- [fill = 0]

.init_array 
*          0    00000000    00000000     UNINITIALIZED

.binit     0    00000000    00000000     

.bss       0    20200000    000000c4     UNINITIALIZED
                  20200000    000000bc     (.common:gPWM_DRIVEBackup)
                  202000bc    00000008     empty.o (.bss.sensor)

.data      0    202000c4    00000013     UNINITIALIZED
                  202000c4    00000004     empty.o (.data.pi_l.0)
                  202000c8    00000004     empty.o (.data.pi_r.0)
                  202000cc    00000004     empty.o (.data.position_control.prev_err)
                  202000d0    00000002     empty.o (.data.enc_l_cnt)
                  202000d2    00000002     empty.o (.data.enc_r_cnt)
                  202000d4    00000002     empty.o (.data.print_cnt)
                  202000d6    00000001     empty.o (.data.TIMG0_IRQHandler.lost_cnt)

.stack     0    20207e00    00000200     UNINITIALIZED
                  20207e00    00000004     libc.a : boot_cortex_m.c.obj (.stack)
                  20207e04    000001fc     --HOLE--

__llvm_prf_cnts 
*          0    20200000    00000000     UNINITIALIZED

__llvm_prf_bits 
*          0    20200000    00000000     UNINITIALIZED

MODULE SUMMARY

       Module                         code   ro data   rw data
       ------                         ----   -------   -------
    .\
       empty.o                        2204   198       27     
       ti_msp_dl_config.o             788    46        188    
       startup_mspm0g350x_ticlang.o   6      192       0      
    +--+------------------------------+------+---------+---------+
       Total:                         2998   436       215    
                                                              
    C:/ti/mspm0_sdk_2_10_00_04/source/ti/driverlib/lib/ticlang/m0p/mspm0g1x0x_g3x0x/driverlib.a
       dl_timer.o                     608    0         0      
       dl_uart.o                      138    0         0      
       dl_common.o                    10     0         0      
    +--+------------------------------+------+---------+---------+
       Total:                         756    0         0      
                                                              
    C:\ti\ccs2051\ccs\tools\compiler\ti-cgt-armllvm_4.0.4.LTS\lib\armv6m-ti-none-eabi/c/libc.a
       _printfi.c.obj                 658    17        0      
       memcpy16.S.obj                 154    0         0      
       vsnprintf.c.obj                136    0         0      
       copy_decompress_lzss.c.obj     124    0         0      
       memset16.S.obj                 98     0         0      
       autoinit.c.obj                 60     0         0      
       boot_cortex_m.c.obj            40     0         0      
       memccpy.c.obj                  34     0         0      
       copy_zero_init.c.obj           22     0         0      
       copy_decompress_none.c.obj     18     0         0      
       exit.c.obj                     6      0         0      
       pre_init.c.obj                 4      0         0      
    +--+------------------------------+------+---------+---------+
       Total:                         1354   17        0      
                                                              
    C:\ti\ccs2051\ccs\tools\compiler\ti-cgt-armllvm_4.0.4.LTS\lib\armv6m-ti-none-eabi/c/libsysbm.a
       hostexit.c.obj                 4      0         0      
    +--+------------------------------+------+---------+---------+
       Total:                         4      0         0      
                                                              
    C:\ti\ccs2051\ccs\tools\compiler\ti-cgt-armllvm_4.0.4.LTS\lib\armv6m-ti-none-eabi/libclang_rt.builtins.a
       addsf3.S.obj                   216    0         0      
       mulsf3.S.obj                   140    0         0      
       divsf3.S.obj                   130    0         0      
       comparesf2.S.obj               118    0         0      
       aeabi_fcmp.S.obj               98     0         0      
       aeabi_idivmod.S.obj            86     0         0      
       aeabi_uidivmod.S.obj           64     0         0      
       floatsisf.S.obj                60     0         0      
       muldsi3.S.obj                  58     0         0      
       fixsfsi.S.obj                  56     0         0      
       floatunsisf.S.obj              40     0         0      
       aeabi_memset.S.obj             14     0         0      
       aeabi_memcpy.S.obj             8      0         0      
       aeabi_div0.c.obj               2      0         0      
    +--+------------------------------+------+---------+---------+
       Total:                         1090   0         0      
                                                              
       Stack:                         0      0         512    
       Linker Generated:              0      44        0      
    +--+------------------------------+------+---------+---------+
       Grand Total:                   6202   497       727    


LINKER GENERATED COPY TABLES

__TI_cinit_table @ 00001a2c records: 2, size/record: 8, table size: 16
	.bss: load addr=00001a1c, load size=00000008 bytes, run addr=20200000, run size=000000c4 bytes, compression=zero_init
	.data: load addr=00001a24, load size=00000008 bytes, run addr=202000c4, run size=00000013 bytes, compression=lzss


LINKER GENERATED HANDLER TABLE

__TI_handler_table @ 00001a10 records: 3, size/record: 4, table size: 12
	index: 0, handler: __TI_decompress_lzss
	index: 1, handler: __TI_decompress_none
	index: 2, handler: __TI_zero_init


GLOBAL SYMBOLS: SORTED ALPHABETICALLY BY Name 

address   name                            
-------   ----                            
0000106b  ADC0_IRQHandler                 
0000106b  ADC1_IRQHandler                 
0000106b  AES_IRQHandler                  
000018fa  C$$EXIT                         
0000106b  CANFD0_IRQHandler               
0000106b  DAC0_IRQHandler                 
000018e1  DL_Common_delayCycles           
00000b2d  DL_Timer_initFourCCPWMMode      
00000c31  DL_Timer_initTimerMode          
00001811  DL_Timer_setCaptCompUpdateMethod
00001849  DL_Timer_setCaptureCompareOutCtl
000018b5  DL_Timer_setCaptureCompareValue 
0000182d  DL_Timer_setClockConfig         
00001429  DL_UART_init                    
0000188f  DL_UART_setClockConfig          
00001715  DL_UART_transmitDataBlocking    
0000106b  DMA_IRQHandler                  
0000106b  Default_Handler                 
0000106b  GROUP0_IRQHandler               
000013d9  GROUP1_IRQHandler               
000018fb  HOSTexit                        
0000106b  HardFault_Handler               
0000106b  I2C0_IRQHandler                 
0000106b  I2C1_IRQHandler                 
0000106b  NMI_Handler                     
0000106b  PendSV_Handler                  
0000106b  RTC_IRQHandler                  
000018ff  Reset_Handler                   
0000106b  SPI0_IRQHandler                 
0000106b  SPI1_IRQHandler                 
0000106b  SVC_Handler                     
00000d2d  SYSCFG_DL_GPIO_init             
00000e19  SYSCFG_DL_PWM_DRIVE_init        
000014b9  SYSCFG_DL_SYSCTL_init           
000016a5  SYSCFG_DL_TIMER_PID_init        
00001321  SYSCFG_DL_UART_JDY31_init       
00001775  SYSCFG_DL_init                  
00001471  SYSCFG_DL_initPower             
0000106b  SysTick_Handler                 
0000106b  TIMA0_IRQHandler                
0000106b  TIMA1_IRQHandler                
000000c1  TIMG0_IRQHandler                
0000106b  TIMG12_IRQHandler               
0000106b  TIMG6_IRQHandler                
0000106b  TIMG7_IRQHandler                
0000106b  TIMG8_IRQHandler                
0000106b  UART0_IRQHandler                
0000106b  UART1_IRQHandler                
0000106b  UART2_IRQHandler                
0000106b  UART3_IRQHandler                
20208000  __STACK_END                     
00000200  __STACK_SIZE                    
00000000  __TI_ATRegion0_region_sz        
00000000  __TI_ATRegion0_src_addr         
00000000  __TI_ATRegion0_trg_addr         
00000000  __TI_ATRegion1_region_sz        
00000000  __TI_ATRegion1_src_addr         
00000000  __TI_ATRegion1_trg_addr         
00000000  __TI_ATRegion2_region_sz        
00000000  __TI_ATRegion2_src_addr         
00000000  __TI_ATRegion2_trg_addr         
00001a2c  __TI_CINIT_Base                 
00001a3c  __TI_CINIT_Limit                
00001a3c  __TI_CINIT_Warm                 
00001a10  __TI_Handler_Table_Base         
00001a1c  __TI_Handler_Table_Limit        
000015f1  __TI_auto_init_nobinit_nopinit  
0000117d  __TI_decompress_lzss            
000018a1  __TI_decompress_none            
ffffffff  __TI_pprof_out_hndl             
000006b1  __TI_printfi_minimal            
ffffffff  __TI_prof_data_size             
ffffffff  __TI_prof_data_start            
00000000  __TI_static_base__              
00001879  __TI_zero_init_nomemset         
00000f03  __addsf3                        
000016dd  __aeabi_f2iz                    
00000f03  __aeabi_fadd                    
0000125d  __aeabi_fcmpeq                  
00001299  __aeabi_fcmpge                  
000012ad  __aeabi_fcmpgt                  
00001285  __aeabi_fcmple                  
00001271  __aeabi_fcmplt                  
000010f9  __aeabi_fdiv                    
0000106d  __aeabi_fmul                    
00000ef9  __aeabi_fsub                    
00001579  __aeabi_i2f                     
00001381  __aeabi_idiv                    
0000117b  __aeabi_idiv0                   
00001381  __aeabi_idivmod                 
000018ed  __aeabi_memcpy                  
000018ed  __aeabi_memcpy4                 
000018ed  __aeabi_memcpy8                 
000018c5  __aeabi_memset                  
000018c5  __aeabi_memset4                 
000018c5  __aeabi_memset8                 
0000179d  __aeabi_ui2f                    
000014f9  __aeabi_uidiv                   
000014f9  __aeabi_uidivmod                
ffffffff  __binit__                       
0000162d  __cmpsf2                        
000010f9  __divsf3                        
0000162d  __eqsf2                         
000016dd  __fixsfsi                       
00001579  __floatsisf                     
0000179d  __floatunsisf                   
000015b5  __gesf2                         
000015b5  __gtsf2                         
0000162d  __lesf2                         
0000162d  __ltsf2                         
UNDEFED   __mpu_init                      
00001669  __muldsi3                       
0000106d  __mulsf3                        
0000162d  __nesf2                         
20207e00  __stack                         
20200000  __start___llvm_prf_bits         
20200000  __start___llvm_prf_cnts         
20200000  __stop___llvm_prf_bits          
20200000  __stop___llvm_prf_cnts          
00000ef9  __subsf3                        
000017c5  _c_int00_noargs                 
UNDEFED   _system_post_cinit              
00001903  _system_pre_init                
000018f5  abort                           
ffffffff  binit                           
20200000  gPWM_DRIVEBackup                
00000000  interruptVectors                
00000935  main                            
000017ed  memccpy                         
00000fd1  memcpy                          
000012bf  memset                          
00001539  vsnprintf                       


GLOBAL SYMBOLS: SORTED BY Symbol Address 

address   name                            
-------   ----                            
00000000  __TI_ATRegion0_region_sz        
00000000  __TI_ATRegion0_src_addr         
00000000  __TI_ATRegion0_trg_addr         
00000000  __TI_ATRegion1_region_sz        
00000000  __TI_ATRegion1_src_addr         
00000000  __TI_ATRegion1_trg_addr         
00000000  __TI_ATRegion2_region_sz        
00000000  __TI_ATRegion2_src_addr         
00000000  __TI_ATRegion2_trg_addr         
00000000  __TI_static_base__              
00000000  interruptVectors                
000000c1  TIMG0_IRQHandler                
00000200  __STACK_SIZE                    
000006b1  __TI_printfi_minimal            
00000935  main                            
00000b2d  DL_Timer_initFourCCPWMMode      
00000c31  DL_Timer_initTimerMode          
00000d2d  SYSCFG_DL_GPIO_init             
00000e19  SYSCFG_DL_PWM_DRIVE_init        
00000ef9  __aeabi_fsub                    
00000ef9  __subsf3                        
00000f03  __addsf3                        
00000f03  __aeabi_fadd                    
00000fd1  memcpy                          
0000106b  ADC0_IRQHandler                 
0000106b  ADC1_IRQHandler                 
0000106b  AES_IRQHandler                  
0000106b  CANFD0_IRQHandler               
0000106b  DAC0_IRQHandler                 
0000106b  DMA_IRQHandler                  
0000106b  Default_Handler                 
0000106b  GROUP0_IRQHandler               
0000106b  HardFault_Handler               
0000106b  I2C0_IRQHandler                 
0000106b  I2C1_IRQHandler                 
0000106b  NMI_Handler                     
0000106b  PendSV_Handler                  
0000106b  RTC_IRQHandler                  
0000106b  SPI0_IRQHandler                 
0000106b  SPI1_IRQHandler                 
0000106b  SVC_Handler                     
0000106b  SysTick_Handler                 
0000106b  TIMA0_IRQHandler                
0000106b  TIMA1_IRQHandler                
0000106b  TIMG12_IRQHandler               
0000106b  TIMG6_IRQHandler                
0000106b  TIMG7_IRQHandler                
0000106b  TIMG8_IRQHandler                
0000106b  UART0_IRQHandler                
0000106b  UART1_IRQHandler                
0000106b  UART2_IRQHandler                
0000106b  UART3_IRQHandler                
0000106d  __aeabi_fmul                    
0000106d  __mulsf3                        
000010f9  __aeabi_fdiv                    
000010f9  __divsf3                        
0000117b  __aeabi_idiv0                   
0000117d  __TI_decompress_lzss            
0000125d  __aeabi_fcmpeq                  
00001271  __aeabi_fcmplt                  
00001285  __aeabi_fcmple                  
00001299  __aeabi_fcmpge                  
000012ad  __aeabi_fcmpgt                  
000012bf  memset                          
00001321  SYSCFG_DL_UART_JDY31_init       
00001381  __aeabi_idiv                    
00001381  __aeabi_idivmod                 
000013d9  GROUP1_IRQHandler               
00001429  DL_UART_init                    
00001471  SYSCFG_DL_initPower             
000014b9  SYSCFG_DL_SYSCTL_init           
000014f9  __aeabi_uidiv                   
000014f9  __aeabi_uidivmod                
00001539  vsnprintf                       
00001579  __aeabi_i2f                     
00001579  __floatsisf                     
000015b5  __gesf2                         
000015b5  __gtsf2                         
000015f1  __TI_auto_init_nobinit_nopinit  
0000162d  __cmpsf2                        
0000162d  __eqsf2                         
0000162d  __lesf2                         
0000162d  __ltsf2                         
0000162d  __nesf2                         
00001669  __muldsi3                       
000016a5  SYSCFG_DL_TIMER_PID_init        
000016dd  __aeabi_f2iz                    
000016dd  __fixsfsi                       
00001715  DL_UART_transmitDataBlocking    
00001775  SYSCFG_DL_init                  
0000179d  __aeabi_ui2f                    
0000179d  __floatunsisf                   
000017c5  _c_int00_noargs                 
000017ed  memccpy                         
00001811  DL_Timer_setCaptCompUpdateMethod
0000182d  DL_Timer_setClockConfig         
00001849  DL_Timer_setCaptureCompareOutCtl
00001879  __TI_zero_init_nomemset         
0000188f  DL_UART_setClockConfig          
000018a1  __TI_decompress_none            
000018b5  DL_Timer_setCaptureCompareValue 
000018c5  __aeabi_memset                  
000018c5  __aeabi_memset4                 
000018c5  __aeabi_memset8                 
000018e1  DL_Common_delayCycles           
000018ed  __aeabi_memcpy                  
000018ed  __aeabi_memcpy4                 
000018ed  __aeabi_memcpy8                 
000018f5  abort                           
000018fa  C$$EXIT                         
000018fb  HOSTexit                        
000018ff  Reset_Handler                   
00001903  _system_pre_init                
00001a10  __TI_Handler_Table_Base         
00001a1c  __TI_Handler_Table_Limit        
00001a2c  __TI_CINIT_Base                 
00001a3c  __TI_CINIT_Limit                
00001a3c  __TI_CINIT_Warm                 
20200000  __start___llvm_prf_bits         
20200000  __start___llvm_prf_cnts         
20200000  __stop___llvm_prf_bits          
20200000  __stop___llvm_prf_cnts          
20200000  gPWM_DRIVEBackup                
20207e00  __stack                         
20208000  __STACK_END                     
ffffffff  __TI_pprof_out_hndl             
ffffffff  __TI_prof_data_size             
ffffffff  __TI_prof_data_start            
ffffffff  __binit__                       
ffffffff  binit                           
UNDEFED   __mpu_init                      
UNDEFED   _system_post_cinit              

[132 symbols]
