******************************************************************************
            TI ARM Clang Linker PC v4.0.4                      
******************************************************************************
>> Linked Mon Jul 13 16:53:08 2026

OUTPUT FILE NAME:   <xiaochexunji.out>
ENTRY POINT SYMBOL: "_c_int00_noargs"  address: 000008b9


MEMORY CONFIGURATION

         name            origin    length      used     unused   attr    fill
----------------------  --------  ---------  --------  --------  ----  --------
  FLASH                 00000000   00020000  00000a10  0001f5f0  R  X
  SRAM                  20200000   00008000  000002c6  00007d3a  RW X
  BCR_CONFIG            41c00000   000000ff  00000000  000000ff  R   
  BSL_CONFIG            41c00100   00000080  00000000  00000080  R   


SEGMENT ALLOCATION MAP

run origin  load origin   length   init length attrs members
----------  ----------- ---------- ----------- ----- -------
00000000    00000000    00000a10   00000a10    r-x
  00000000    00000000    000000c0   000000c0    r-- .intvecs
  000000c0    000000c0    000008f8   000008f8    r-x .text
  000009b8    000009b8    00000028   00000028    r-- .rodata
  000009e0    000009e0    00000030   00000030    r-- .cinit
20200000    20200000    000000c6   00000000    rw-
  20200000    20200000    000000c4   00000000    rw- .bss
  202000c4    202000c4    00000002   00000000    rw- .data
20207e00    20207e00    00000200   00000000    rw-
  20207e00    20207e00    00000200   00000000    rw- .stack


SECTION ALLOCATION MAP

 output                                  attributes/
section   page    origin      length       input sections
--------  ----  ----------  ----------   ----------------
.intvecs   0    00000000    000000c0     
                  00000000    000000c0     startup_mspm0g350x_ticlang.o (.intvecs)

.text      0    000000c0    000008f8     
                  000000c0    000001b8     empty.o (.text.TIMG0_IRQHandler)
                  00000278    00000104     driverlib.a : dl_timer.o (.text.DL_Timer_initFourCCPWMMode)
                  0000037c    000000fc                 : dl_timer.o (.text.DL_Timer_initTimerMode)
                  00000478    000000e0     ti_msp_dl_config.o (.text.SYSCFG_DL_PWM_DRIVE_init)
                  00000558    0000009a     libc.a : memcpy16.S.obj (.text:memcpy)
                  000005f2    00000002     startup_mspm0g350x_ticlang.o (.text.Default_Handler)
                  000005f4    0000007c     libc.a : copy_decompress_lzss.c.obj (.text:decompress:lzss)
                  00000670    00000070     ti_msp_dl_config.o (.text.SYSCFG_DL_GPIO_init)
                  000006e0    00000056     libclang_rt.builtins.a : aeabi_idivmod.S.obj (.text.__aeabi_idivmod)
                  00000736    00000002                            : aeabi_div0.c.obj (.text.__aeabi_idiv0)
                  00000738    0000004c     empty.o (.text.main)
                  00000784    00000040     ti_msp_dl_config.o (.text.SYSCFG_DL_SYSCTL_init)
                  000007c4    00000040     ti_msp_dl_config.o (.text.SYSCFG_DL_initPower)
                  00000804    00000040     libclang_rt.builtins.a : aeabi_uidivmod.S.obj (.text.__aeabi_uidivmod)
                  00000844    0000003c     libc.a : autoinit.c.obj (.text:__TI_auto_init_nobinit_nopinit)
                  00000880    00000038     ti_msp_dl_config.o (.text.SYSCFG_DL_TIMER_0_init)
                  000008b8    00000028     libc.a : boot_cortex_m.c.obj (.text:_c_int00_noargs)
                  000008e0    00000024     ti_msp_dl_config.o (.text.SYSCFG_DL_init)
                  00000904    0000001c     driverlib.a : dl_timer.o (.text.DL_Timer_setCaptCompUpdateMethod)
                  00000920    0000001c                 : dl_timer.o (.text.DL_Timer_setClockConfig)
                  0000093c    00000018                 : dl_timer.o (.text.DL_Timer_setCaptureCompareOutCtl)
                  00000954    00000016     libc.a : copy_zero_init.c.obj (.text:decompress:ZI:__TI_zero_init_nomemset)
                  0000096a    00000012            : copy_decompress_none.c.obj (.text:decompress:none)
                  0000097c    00000010     driverlib.a : dl_timer.o (.text.DL_Timer_setCaptureCompareValue)
                  0000098c    0000000a                 : dl_common.o (.text.DL_Common_delayCycles)
                  00000996    00000002     --HOLE-- [fill = 0]
                  00000998    00000008     libclang_rt.builtins.a : aeabi_memcpy.S.obj (.text.__aeabi_memcpy)
                  000009a0    00000006     libc.a : exit.c.obj (.text:abort)
                  000009a6    00000004     libsysbm.a : hostexit.c.obj (.text.HOSTexit)
                  000009aa    00000004     startup_mspm0g350x_ticlang.o (.text.Reset_Handler)
                  000009ae    00000004     libc.a : pre_init.c.obj (.text._system_pre_init)
                  000009b2    00000006     --HOLE-- [fill = 0]

.cinit     0    000009e0    00000030     
                  000009e0    0000000c     (__TI_handler_table)
                  000009ec    00000008     (.cinit..bss.load) [load image, compression = zero_init]
                  000009f4    00000006     (.cinit..data.load) [load image, compression = lzss]
                  000009fa    00000002     --HOLE-- [fill = 0]
                  000009fc    00000010     (__TI_cinit_table)
                  00000a0c    00000004     --HOLE-- [fill = 0]

.rodata    0    000009b8    00000028     
                  000009b8    00000014     ti_msp_dl_config.o (.rodata.gTIMER_0TimerConfig)
                  000009cc    00000008     ti_msp_dl_config.o (.rodata.gPWM_DRIVEConfig)
                  000009d4    00000003     ti_msp_dl_config.o (.rodata.gPWM_DRIVEClockConfig)
                  000009d7    00000003     ti_msp_dl_config.o (.rodata.gTIMER_0ClockConfig)
                  000009da    00000006     --HOLE-- [fill = 0]

.init_array 
*          0    00000000    00000000     UNINITIALIZED

.binit     0    00000000    00000000     

.bss       0    20200000    000000c4     UNINITIALIZED
                  20200000    000000bc     (.common:gPWM_DRIVEBackup)
                  202000bc    00000008     empty.o (.bss.sensor)

.data      0    202000c4    00000002     UNINITIALIZED
                  202000c4    00000001     empty.o (.data.last_err)
                  202000c5    00000001     empty.o (.data.scan_ch)

.stack     0    20207e00    00000200     UNINITIALIZED
                  20207e00    00000004     libc.a : boot_cortex_m.c.obj (.stack)
                  20207e04    000001fc     --HOLE--

__llvm_prf_cnts 
*          0    20200000    00000000     UNINITIALIZED

__llvm_prf_bits 
*          0    20200000    00000000     UNINITIALIZED

MODULE SUMMARY

       Module                         code   ro data   rw data
       ------                         ----   -------   -------
    .\
       ti_msp_dl_config.o             556    34        188    
       empty.o                        516    0         10     
       startup_mspm0g350x_ticlang.o   6      192       0      
    +--+------------------------------+------+---------+---------+
       Total:                         1078   226       198    
                                                              
    C:/ti/mspm0_sdk_2_10_00_04/source/ti/driverlib/lib/ticlang/m0p/mspm0g1x0x_g3x0x/driverlib.a
       dl_timer.o                     608    0         0      
       dl_common.o                    10     0         0      
    +--+------------------------------+------+---------+---------+
       Total:                         618    0         0      
                                                              
    C:\ti\ccs2051\ccs\tools\compiler\ti-cgt-armllvm_4.0.4.LTS\lib\armv6m-ti-none-eabi/c/libc.a
       memcpy16.S.obj                 154    0         0      
       copy_decompress_lzss.c.obj     124    0         0      
       autoinit.c.obj                 60     0         0      
       boot_cortex_m.c.obj            40     0         0      
       copy_zero_init.c.obj           22     0         0      
       copy_decompress_none.c.obj     18     0         0      
       exit.c.obj                     6      0         0      
       pre_init.c.obj                 4      0         0      
    +--+------------------------------+------+---------+---------+
       Total:                         428    0         0      
                                                              
    C:\ti\ccs2051\ccs\tools\compiler\ti-cgt-armllvm_4.0.4.LTS\lib\armv6m-ti-none-eabi/c/libsysbm.a
       hostexit.c.obj                 4      0         0      
    +--+------------------------------+------+---------+---------+
       Total:                         4      0         0      
                                                              
    C:\ti\ccs2051\ccs\tools\compiler\ti-cgt-armllvm_4.0.4.LTS\lib\armv6m-ti-none-eabi/libclang_rt.builtins.a
       aeabi_idivmod.S.obj            86     0         0      
       aeabi_uidivmod.S.obj           64     0         0      
       aeabi_memcpy.S.obj             8      0         0      
       aeabi_div0.c.obj               2      0         0      
    +--+------------------------------+------+---------+---------+
       Total:                         160    0         0      
                                                              
       Stack:                         0      0         512    
       Linker Generated:              0      42        0      
    +--+------------------------------+------+---------+---------+
       Grand Total:                   2288   268       710    


LINKER GENERATED COPY TABLES

__TI_cinit_table @ 000009fc records: 2, size/record: 8, table size: 16
	.bss: load addr=000009ec, load size=00000008 bytes, run addr=20200000, run size=000000c4 bytes, compression=zero_init
	.data: load addr=000009f4, load size=00000006 bytes, run addr=202000c4, run size=00000002 bytes, compression=lzss


LINKER GENERATED HANDLER TABLE

__TI_handler_table @ 000009e0 records: 3, size/record: 4, table size: 12
	index: 0, handler: __TI_decompress_lzss
	index: 1, handler: __TI_decompress_none
	index: 2, handler: __TI_zero_init


GLOBAL SYMBOLS: SORTED ALPHABETICALLY BY Name 

address   name                            
-------   ----                            
000005f3  ADC0_IRQHandler                 
000005f3  ADC1_IRQHandler                 
000005f3  AES_IRQHandler                  
000009a6  C$$EXIT                         
000005f3  CANFD0_IRQHandler               
000005f3  DAC0_IRQHandler                 
0000098d  DL_Common_delayCycles           
00000279  DL_Timer_initFourCCPWMMode      
0000037d  DL_Timer_initTimerMode          
00000905  DL_Timer_setCaptCompUpdateMethod
0000093d  DL_Timer_setCaptureCompareOutCtl
0000097d  DL_Timer_setCaptureCompareValue 
00000921  DL_Timer_setClockConfig         
000005f3  DMA_IRQHandler                  
000005f3  Default_Handler                 
000005f3  GROUP0_IRQHandler               
000005f3  GROUP1_IRQHandler               
000009a7  HOSTexit                        
000005f3  HardFault_Handler               
000005f3  I2C0_IRQHandler                 
000005f3  I2C1_IRQHandler                 
000005f3  NMI_Handler                     
000005f3  PendSV_Handler                  
000005f3  RTC_IRQHandler                  
000009ab  Reset_Handler                   
000005f3  SPI0_IRQHandler                 
000005f3  SPI1_IRQHandler                 
000005f3  SVC_Handler                     
00000671  SYSCFG_DL_GPIO_init             
00000479  SYSCFG_DL_PWM_DRIVE_init        
00000785  SYSCFG_DL_SYSCTL_init           
00000881  SYSCFG_DL_TIMER_0_init          
000008e1  SYSCFG_DL_init                  
000007c5  SYSCFG_DL_initPower             
000005f3  SysTick_Handler                 
000005f3  TIMA0_IRQHandler                
000005f3  TIMA1_IRQHandler                
000000c1  TIMG0_IRQHandler                
000005f3  TIMG12_IRQHandler               
000005f3  TIMG6_IRQHandler                
000005f3  TIMG7_IRQHandler                
000005f3  TIMG8_IRQHandler                
000005f3  UART0_IRQHandler                
000005f3  UART1_IRQHandler                
000005f3  UART2_IRQHandler                
000005f3  UART3_IRQHandler                
20208000  __STACK_END                     
00000200  __STACK_SIZE                    
00000000  __TI_ATRegion0_region_sz        
00000000  __TI_ATRegion0_src_addr         
00000000  __TI_ATRegion0_trg_addr         
00000000  __TI_ATRegion1_region_sz        
00000000  __TI_ATRegion1_src_addr         
00000000  __TI_ATRegion1_trg_addr         
00000000  __TI_ATRegion2_region_sz        
00000000  __TI_ATRegion2_src_addr         
00000000  __TI_ATRegion2_trg_addr         
000009fc  __TI_CINIT_Base                 
00000a0c  __TI_CINIT_Limit                
00000a0c  __TI_CINIT_Warm                 
000009e0  __TI_Handler_Table_Base         
000009ec  __TI_Handler_Table_Limit        
00000845  __TI_auto_init_nobinit_nopinit  
000005f5  __TI_decompress_lzss            
0000096b  __TI_decompress_none            
ffffffff  __TI_pprof_out_hndl             
ffffffff  __TI_prof_data_size             
ffffffff  __TI_prof_data_start            
00000000  __TI_static_base__              
00000955  __TI_zero_init_nomemset         
000006e1  __aeabi_idiv                    
00000737  __aeabi_idiv0                   
000006e1  __aeabi_idivmod                 
00000999  __aeabi_memcpy                  
00000999  __aeabi_memcpy4                 
00000999  __aeabi_memcpy8                 
00000805  __aeabi_uidiv                   
00000805  __aeabi_uidivmod                
ffffffff  __binit__                       
UNDEFED   __mpu_init                      
20207e00  __stack                         
20200000  __start___llvm_prf_bits         
20200000  __start___llvm_prf_cnts         
20200000  __stop___llvm_prf_bits          
20200000  __stop___llvm_prf_cnts          
000008b9  _c_int00_noargs                 
UNDEFED   _system_post_cinit              
000009af  _system_pre_init                
000009a1  abort                           
ffffffff  binit                           
20200000  gPWM_DRIVEBackup                
00000000  interruptVectors                
00000739  main                            
00000559  memcpy                          


GLOBAL SYMBOLS: SORTED BY Symbol Address 

address   name                            
-------   ----                            
00000000  __TI_ATRegion0_region_sz        
00000000  __TI_ATRegion0_src_addr         
00000000  __TI_ATRegion0_trg_addr         
00000000  __TI_ATRegion1_region_sz        
00000000  __TI_ATRegion1_src_addr         
00000000  __TI_ATRegion1_trg_addr         
00000000  __TI_ATRegion2_region_sz        
00000000  __TI_ATRegion2_src_addr         
00000000  __TI_ATRegion2_trg_addr         
00000000  __TI_static_base__              
00000000  interruptVectors                
000000c1  TIMG0_IRQHandler                
00000200  __STACK_SIZE                    
00000279  DL_Timer_initFourCCPWMMode      
0000037d  DL_Timer_initTimerMode          
00000479  SYSCFG_DL_PWM_DRIVE_init        
00000559  memcpy                          
000005f3  ADC0_IRQHandler                 
000005f3  ADC1_IRQHandler                 
000005f3  AES_IRQHandler                  
000005f3  CANFD0_IRQHandler               
000005f3  DAC0_IRQHandler                 
000005f3  DMA_IRQHandler                  
000005f3  Default_Handler                 
000005f3  GROUP0_IRQHandler               
000005f3  GROUP1_IRQHandler               
000005f3  HardFault_Handler               
000005f3  I2C0_IRQHandler                 
000005f3  I2C1_IRQHandler                 
000005f3  NMI_Handler                     
000005f3  PendSV_Handler                  
000005f3  RTC_IRQHandler                  
000005f3  SPI0_IRQHandler                 
000005f3  SPI1_IRQHandler                 
000005f3  SVC_Handler                     
000005f3  SysTick_Handler                 
000005f3  TIMA0_IRQHandler                
000005f3  TIMA1_IRQHandler                
000005f3  TIMG12_IRQHandler               
000005f3  TIMG6_IRQHandler                
000005f3  TIMG7_IRQHandler                
000005f3  TIMG8_IRQHandler                
000005f3  UART0_IRQHandler                
000005f3  UART1_IRQHandler                
000005f3  UART2_IRQHandler                
000005f3  UART3_IRQHandler                
000005f5  __TI_decompress_lzss            
00000671  SYSCFG_DL_GPIO_init             
000006e1  __aeabi_idiv                    
000006e1  __aeabi_idivmod                 
00000737  __aeabi_idiv0                   
00000739  main                            
00000785  SYSCFG_DL_SYSCTL_init           
000007c5  SYSCFG_DL_initPower             
00000805  __aeabi_uidiv                   
00000805  __aeabi_uidivmod                
00000845  __TI_auto_init_nobinit_nopinit  
00000881  SYSCFG_DL_TIMER_0_init          
000008b9  _c_int00_noargs                 
000008e1  SYSCFG_DL_init                  
00000905  DL_Timer_setCaptCompUpdateMethod
00000921  DL_Timer_setClockConfig         
0000093d  DL_Timer_setCaptureCompareOutCtl
00000955  __TI_zero_init_nomemset         
0000096b  __TI_decompress_none            
0000097d  DL_Timer_setCaptureCompareValue 
0000098d  DL_Common_delayCycles           
00000999  __aeabi_memcpy                  
00000999  __aeabi_memcpy4                 
00000999  __aeabi_memcpy8                 
000009a1  abort                           
000009a6  C$$EXIT                         
000009a7  HOSTexit                        
000009ab  Reset_Handler                   
000009af  _system_pre_init                
000009e0  __TI_Handler_Table_Base         
000009ec  __TI_Handler_Table_Limit        
000009fc  __TI_CINIT_Base                 
00000a0c  __TI_CINIT_Limit                
00000a0c  __TI_CINIT_Warm                 
20200000  __start___llvm_prf_bits         
20200000  __start___llvm_prf_cnts         
20200000  __stop___llvm_prf_bits          
20200000  __stop___llvm_prf_cnts          
20200000  gPWM_DRIVEBackup                
20207e00  __stack                         
20208000  __STACK_END                     
ffffffff  __TI_pprof_out_hndl             
ffffffff  __TI_prof_data_size             
ffffffff  __TI_prof_data_start            
ffffffff  __binit__                       
ffffffff  binit                           
UNDEFED   __mpu_init                      
UNDEFED   _system_post_cinit              

[94 symbols]
