******************************************************************************
            TI ARM Clang Linker PC v4.0.4                      
******************************************************************************
>> Linked Mon Jul  6 17:54:45 2026

OUTPUT FILE NAME:   <empty.out>
ENTRY POINT SYMBOL: "_c_int00_noargs"  address: 00005019


MEMORY CONFIGURATION

         name            origin    length      used     unused   attr    fill
----------------------  --------  ---------  --------  --------  ----  --------
  FLASH                 00000000   00020000  00005688  0001a978  R  X
  SRAM                  20200000   00008000  000003a4  00007c5c  RW X
  BCR_CONFIG            41c00000   000000ff  00000000  000000ff  R   
  BSL_CONFIG            41c00100   00000080  00000000  00000080  R   


SEGMENT ALLOCATION MAP

run origin  load origin   length   init length attrs members
----------  ----------- ---------- ----------- ----- -------
00000000    00000000    00005208   00005208    r-x
  00000000    00000000    000000c0   000000c0    r-- .intvecs
  000000c0    000000c0    00005148   00005148    r-x .text
00005210    00005210    00000480   00000480    r--
  00005210    00005210    00000450   00000450    r-- .rodata
  00005660    00005660    00000030   00000030    r-- .cinit
20200000    20200000    000001a4   00000000    rw-
  20200000    20200000    000001a0   00000000    rw- .bss
  202001a0    202001a0    00000004   00000000    rw- .data
20207e00    20207e00    00000200   00000000    rw-
  20207e00    20207e00    00000200   00000000    rw- .stack


SECTION ALLOCATION MAP

 output                                  attributes/
section   page    origin      length       input sections
--------  ----  ----------  ----------   ----------------
.intvecs   0    00000000    000000c0     
                  00000000    000000c0     startup_mspm0g350x_ticlang.o (.intvecs)

.text      0    000000c0    00005148     
                  000000c0    00000d7c     st7789.o (.text.LCD_Init)
                  00000e3c    000009d0     libc.a : _printfi.c.obj (.text:__TI_printfi)
                  0000180c    00000434     LCD.o (.text.main)
                  00001c40    000003a0     st7789.o (.text.LCD_Address_Set)
                  00001fe0    000002e8     ui.o (.text.UI_DrawProgressBar)
                  000022c8    000002c4     ui.o (.text.UI_DrawChar)
                  0000258c    00000288     ui.o (.text.UI_DrawButton)
                  00002814    00000288     ui.o (.text.UI_DrawWindow)
                  00002a9c    00000220     libc.a : _printfi.c.obj (.text._pconv_a)
                  00002cbc    00000204     ui.o (.text.UI_DrawCircle)
                  00002ec0    000001dc     libc.a : _printfi.c.obj (.text._pconv_g)
                  0000309c    000001ae     ui.o (.text._drawCircleHelper)
                  0000324a    00000002     startup_mspm0g350x_ticlang.o (.text.Default_Handler)
                  0000324c    00000192     libclang_rt.builtins.a : adddf3.S.obj (.text.adddf3_subdf3)
                  000033de    00000166     ui.o (.text.UI_FillRoundRect)
                  00003544    0000013c     libc.a : _printfi.c.obj (.text.fcvt)
                  00003680    00000126     ui.o (.text.UI_DrawRoundRect)
                  000037a6    00000002     libclang_rt.builtins.a : aeabi_div0.c.obj (.text.__aeabi_idiv0)
                  000037a8    00000120     libc.a : _printfi.c.obj (.text._pconv_e)
                  000038c8    0000010c     ui.o (.text.UI_FillRect)
                  000039d4    0000010c     libclang_rt.builtins.a : divdf3.S.obj (.text.__divdf3)
                  00003ae0    00000104     driverlib.a : dl_timer.o (.text.DL_Timer_initFourCCPWMMode)
                  00003be4    000000fc     ui.o (.text.UI_DrawFastVLine)
                  00003ce0    000000f4     ui.o (.text.UI_DrawFastHLine)
                  00003dd4    000000f0     ui.o (.text.UI_DrawLine)
                  00003ec4    000000e8     st7789.o (.text.LCD_Clear)
                  00003fac    000000e4     libclang_rt.builtins.a : muldf3.S.obj (.text.__muldf3)
                  00004090    000000d8     libc.a : s_scalbn.c.obj (.text.scalbn)
                  00004168    000000d6     ui.o (.text.UI_DrawCheckbox)
                  0000423e    00000002     libclang_rt.builtins.a : aeabi_div0.c.obj (.text.__aeabi_ldiv0)
                  00004240    000000d0     ui.o (.text.UI_DrawSlider)
                  00004310    000000c2     ui.o (.text.UI_FillCircle)
                  000043d2    00000002     --HOLE-- [fill = 0]
                  000043d4    000000b4     st7789.o (.text.LCD_Write_Data16)
                  00004488    000000a2     libclang_rt.builtins.a : udivmoddi4.S.obj (.text)
                  0000452a    0000009a     libc.a : memcpy16.S.obj (.text:memcpy)
                  000045c4    00000090     ti_msp_dl_config.o (.text.SYSCFG_DL_MOTOR_PWM_init)
                  00004654    00000090     ti_msp_dl_config.o (.text.SYSCFG_DL_PWM_0_init)
                  000046e4    00000080     ui.o (.text.UI_Printf)
                  00004764    0000007c     libc.a : copy_decompress_lzss.c.obj (.text:decompress:lzss)
                  000047e0    00000074     libclang_rt.builtins.a : comparedf2.c.obj (.text.__gedf2)
                  00004854    00000072     ui.o (.text.UI_DrawString)
                  000048c6    00000002     --HOLE-- [fill = 0]
                  000048c8    00000068     libclang_rt.builtins.a : comparedf2.c.obj (.text.__ledf2)
                  00004930    00000066     libc.a : _printfi.c.obj (.text._mcpy)
                  00004996    00000002     --HOLE-- [fill = 0]
                  00004998    00000062     libclang_rt.builtins.a : aeabi_dcmp.S.obj (.text.__aeabi_dcmp)
                  000049fa    00000062     libc.a : memset16.S.obj (.text:memset)
                  00004a5c    0000005c     ti_msp_dl_config.o (.text.SYSCFG_DL_GPIO_init)
                  00004ab8    0000005c     libc.a : s_frexp.c.obj (.text.frexp)
                  00004b14    00000058            : _ltoa.c.obj (.text.__TI_ltoa)
                  00004b6c    00000058            : _printfi.c.obj (.text._pconv_f)
                  00004bc4    00000056     libclang_rt.builtins.a : aeabi_idivmod.S.obj (.text.__aeabi_idivmod)
                  00004c1a    00000052     libc.a : _printfi.c.obj (.text._ecpy)
                  00004c6c    0000004c     ui.o (.text.UI_DrawRadio)
                  00004cb8    0000004a     libclang_rt.builtins.a : fixdfsi.S.obj (.text.__fixdfsi)
                  00004d02    00000002     --HOLE-- [fill = 0]
                  00004d04    00000048     ti_msp_dl_config.o (.text.SYSCFG_DL_SPI_LCD_init)
                  00004d4c    00000048     ti_msp_dl_config.o (.text.SYSCFG_DL_initPower)
                  00004d94    00000044     driverlib.a : dl_spi.o (.text.DL_SPI_init)
                  00004dd8    00000040     ti_msp_dl_config.o (.text.SYSCFG_DL_SYSCTL_init)
                  00004e18    00000040     libclang_rt.builtins.a : aeabi_uidivmod.S.obj (.text.__aeabi_uidivmod)
                  00004e58    00000040     libc.a : atoi.c.obj (.text.atoi)
                  00004e98    00000040            : vsnprintf.c.obj (.text.vsnprintf)
                  00004ed8    0000003c     ti_msp_dl_config.o (.text.SYSCFG_DL_init)
                  00004f14    0000003c     libc.a : autoinit.c.obj (.text:__TI_auto_init_nobinit_nopinit)
                  00004f50    0000003a     libclang_rt.builtins.a : muldsi3.S.obj (.text.__muldsi3)
                  00004f8a    00000030     libc.a : _printfi.c.obj (.text._fcpy)
                  00004fba    00000030            : vsnprintf.c.obj (.text._outs)
                  00004fea    00000002     --HOLE-- [fill = 0]
                  00004fec    0000002c     libclang_rt.builtins.a : floatsidf.S.obj (.text.__floatsidf)
                  00005018    00000028     libc.a : boot_cortex_m.c.obj (.text:_c_int00_noargs)
                  00005040    00000024     libclang_rt.builtins.a : muldi3.S.obj (.text.__muldi3)
                  00005064    00000022     libc.a : memccpy.c.obj (.text.memccpy)
                  00005086    00000002     --HOLE-- [fill = 0]
                  00005088    0000001e     libclang_rt.builtins.a : ashldi3.S.obj (.text.__ashldi3)
                  000050a6    00000002     --HOLE-- [fill = 0]
                  000050a8    0000001c     driverlib.a : dl_timer.o (.text.DL_Timer_setCaptCompUpdateMethod)
                  000050c4    0000001c                 : dl_timer.o (.text.DL_Timer_setClockConfig)
                  000050e0    00000018                 : dl_timer.o (.text.DL_Timer_setCaptureCompareOutCtl)
                  000050f8    00000018     libc.a : vsnprintf.c.obj (.text._outc)
                  00005110    00000016            : copy_zero_init.c.obj (.text:decompress:ZI:__TI_zero_init_nomemset)
                  00005126    00000002     --HOLE-- [fill = 0]
                  00005128    00000014     libclang_rt.builtins.a : aeabi_uldivmod.S.obj (.text.__aeabi_uldivmod)
                  0000513c    00000014     libc.a : _printfi.c.obj (.text.strchr)
                  00005150    00000012     driverlib.a : dl_spi.o (.text.DL_SPI_setClockConfig)
                  00005162    00000012     libc.a : copy_decompress_none.c.obj (.text:decompress:none)
                  00005174    00000010     driverlib.a : dl_timer.o (.text.DL_Timer_setCaptureCompareValue)
                  00005184    00000010     libc.a : wcslen.c.obj (.text.wcslen)
                  00005194    0000000e     libclang_rt.builtins.a : aeabi_memset.S.obj (.text.__aeabi_memset)
                  000051a2    0000000e     libc.a : _printfi.c.obj (.text.strlen)
                  000051b0    0000000a     driverlib.a : dl_common.o (.text.DL_Common_delayCycles)
                  000051ba    0000000a     libc.a : _printfi.c.obj (.text.OUTLINED_FUNCTION_0)
                  000051c4    00000010     libclang_rt.builtins.a : adddf3.S.obj (.tramp.__aeabi_dsub.1)
                  000051d4    0000000a     libc.a : _printfi.c.obj (.text.OUTLINED_FUNCTION_1)
                  000051de    00000002     --HOLE-- [fill = 0]
                  000051e0    00000008            : aeabi_portable.c.obj (.text.__aeabi_errno_addr)
                  000051e8    00000008     libclang_rt.builtins.a : aeabi_memcpy.S.obj (.text.__aeabi_memcpy)
                  000051f0    00000006     libc.a : exit.c.obj (.text:abort)
                  000051f6    00000004     libsysbm.a : hostexit.c.obj (.text.HOSTexit)
                  000051fa    00000004     startup_mspm0g350x_ticlang.o (.text.Reset_Handler)
                  000051fe    00000004     libc.a : pre_init.c.obj (.text._system_pre_init)
                  00005202    00000006     --HOLE-- [fill = 0]

.cinit     0    00005660    00000030     
                  00005660    0000000c     (__TI_handler_table)
                  0000566c    00000008     (.cinit..bss.load) [load image, compression = zero_init]
                  00005674    00000007     (.cinit..data.load) [load image, compression = lzss]
                  0000567b    00000001     --HOLE-- [fill = 0]
                  0000567c    00000010     (__TI_cinit_table)
                  0000568c    00000004     --HOLE-- [fill = 0]

.rodata    0    00005210    00000450     
                  00005210    0000023a     ui.o (.rodata.font6x8)
                  0000544a    00000006     LCD.o (.rodata.str1.10440717706270025869.1)
                  00005450    00000101     libc.a : aeabi_ctype.S.obj (.rodata:__aeabi_ctype_table_)
                  00005551    00000011            : _printfi.c.obj (.rodata.str1.10348868589481759720.1)
                  00005562    00000011            : _printfi.c.obj (.rodata.str1.15363888844622738466.1)
                  00005573    00000010     LCD.o (.rodata.str1.15277184493581220890.1)
                  00005583    00000010     LCD.o (.rodata.str1.15941165875876196573.1)
                  00005593    0000000f     LCD.o (.rodata.str1.6505606624568760593.1)
                  000055a2    0000000f     LCD.o (.rodata.str1.9459794443239747036.1)
                  000055b1    0000000d     LCD.o (.rodata.str1.14409606444920324197.1)
                  000055be    0000000c     LCD.o (.rodata.str1.17320402015756672377.1)
                  000055ca    0000000c     LCD.o (.rodata.str1.7008410757412007728.1)
                  000055d6    0000000b     LCD.o (.rodata.str1.595410277553147628.1)
                  000055e1    0000000b     LCD.o (.rodata.str1.9522760866108295983.1)
                  000055ec    0000000a     ti_msp_dl_config.o (.rodata.gSPI_LCD_config)
                  000055f6    0000000a     LCD.o (.rodata.str1.17026564497855360225.1)
                  00005600    0000000a     LCD.o (.rodata.str1.8841324451569900427.1)
                  0000560a    00000002     ti_msp_dl_config.o (.rodata.gSPI_LCD_clockConfig)
                  0000560c    00000008     ti_msp_dl_config.o (.rodata.gMOTOR_PWMConfig)
                  00005614    00000008     ti_msp_dl_config.o (.rodata.gPWM_0Config)
                  0000561c    00000008     LCD.o (.rodata.str1.14280148597272646212.1)
                  00005624    00000008     LCD.o (.rodata.str1.6983081197966893775.1)
                  0000562c    00000007     LCD.o (.rodata.str1.11908414318160784637.1)
                  00005633    00000007     LCD.o (.rodata.str1.17085813553051585905.1)
                  0000563a    00000007     LCD.o (.rodata.str1.6592172565591862776.1)
                  00005641    00000006     LCD.o (.rodata.str1.4218096523312944764.1)
                  00005647    00000005     LCD.o (.rodata.str1.11948723961056722991.1)
                  0000564c    00000005     LCD.o (.rodata.str1.14895459812372595992.1)
                  00005651    00000005     LCD.o (.rodata.str1.3415876339004375470.1)
                  00005656    00000004     LCD.o (.rodata.str1.10555133167821826027.1)
                  0000565a    00000003     ti_msp_dl_config.o (.rodata.gMOTOR_PWMClockConfig)
                  0000565d    00000003     ti_msp_dl_config.o (.rodata.gPWM_0ClockConfig)

.init_array 
*          0    00000000    00000000     UNINITIALIZED

.binit     0    00000000    00000000     

.bss       0    20200000    000001a0     UNINITIALIZED
                  20200000    000000bc     (.common:gMOTOR_PWMBackup)
                  202000bc    000000bc     (.common:gPWM_0Backup)
                  20200178    00000028     (.common:gSPI_LCDBackup)

.data      0    202001a0    00000004     UNINITIALIZED
                  202001a0    00000004     libc.a : aeabi_portable.c.obj (.data.__aeabi_errno)

.stack     0    20207e00    00000200     UNINITIALIZED
                  20207e00    00000004     libc.a : boot_cortex_m.c.obj (.stack)
                  20207e04    000001fc     --HOLE--

__llvm_prf_cnts 
*          0    20200000    00000000     UNINITIALIZED

__llvm_prf_bits 
*          0    20200000    00000000     UNINITIALIZED

MODULE SUMMARY

       Module                         code    ro data   rw data
       ------                         ----    -------   -------
    .\
       ui.o                           6284    570       0      
       st7789.o                       4792    0         0      
       LCD.o                          1076    209       0      
       ti_msp_dl_config.o             648     34        416    
       startup_mspm0g350x_ticlang.o   6       192       0      
    +--+------------------------------+-------+---------+---------+
       Total:                         12806   1005      416    
                                                               
    C:/ti/mspm0_sdk_2_10_00_04/source/ti/driverlib/lib/ticlang/m0p/mspm0g1x0x_g3x0x/driverlib.a
       dl_timer.o                     356     0         0      
       dl_spi.o                       86      0         0      
       dl_common.o                    10      0         0      
    +--+------------------------------+-------+---------+---------+
       Total:                         452     0         0      
                                                               
    C:\ti\ccs2051\ccs\tools\compiler\ti-cgt-armllvm_4.0.4.LTS\lib\armv6m-ti-none-eabi/c/libc.a
       _printfi.c.obj                 4510    34        0      
       aeabi_ctype.S.obj              0       257       0      
       s_scalbn.c.obj                 216     0         0      
       memcpy16.S.obj                 154     0         0      
       vsnprintf.c.obj                136     0         0      
       copy_decompress_lzss.c.obj     124     0         0      
       memset16.S.obj                 98      0         0      
       s_frexp.c.obj                  92      0         0      
       _ltoa.c.obj                    88      0         0      
       atoi.c.obj                     64      0         0      
       autoinit.c.obj                 60      0         0      
       boot_cortex_m.c.obj            40      0         0      
       memccpy.c.obj                  34      0         0      
       copy_zero_init.c.obj           22      0         0      
       copy_decompress_none.c.obj     18      0         0      
       wcslen.c.obj                   16      0         0      
       aeabi_portable.c.obj           8       0         4      
       exit.c.obj                     6       0         0      
       pre_init.c.obj                 4       0         0      
    +--+------------------------------+-------+---------+---------+
       Total:                         5690    291       4      
                                                               
    C:\ti\ccs2051\ccs\tools\compiler\ti-cgt-armllvm_4.0.4.LTS\lib\armv6m-ti-none-eabi/c/libsysbm.a
       hostexit.c.obj                 4       0         0      
    +--+------------------------------+-------+---------+---------+
       Total:                         4       0         0      
                                                               
    C:\ti\ccs2051\ccs\tools\compiler\ti-cgt-armllvm_4.0.4.LTS\lib\armv6m-ti-none-eabi/libclang_rt.builtins.a
       adddf3.S.obj                   418     0         0      
       divdf3.S.obj                   268     0         0      
       muldf3.S.obj                   228     0         0      
       comparedf2.c.obj               220     0         0      
       udivmoddi4.S.obj               162     0         0      
       aeabi_dcmp.S.obj               98      0         0      
       aeabi_idivmod.S.obj            86      0         0      
       fixdfsi.S.obj                  74      0         0      
       aeabi_uidivmod.S.obj           64      0         0      
       muldsi3.S.obj                  58      0         0      
       floatsidf.S.obj                44      0         0      
       muldi3.S.obj                   36      0         0      
       ashldi3.S.obj                  30      0         0      
       aeabi_uldivmod.S.obj           20      0         0      
       aeabi_memset.S.obj             14      0         0      
       aeabi_memcpy.S.obj             8       0         0      
       aeabi_div0.c.obj               4       0         0      
    +--+------------------------------+-------+---------+---------+
       Total:                         1832    0         0      
                                                               
       Stack:                         0       0         512    
       Linker Generated:              0       43        0      
    +--+------------------------------+-------+---------+---------+
       Grand Total:                   20784   1339      932    


LINKER GENERATED COPY TABLES

__TI_cinit_table @ 0000567c records: 2, size/record: 8, table size: 16
	.bss: load addr=0000566c, load size=00000008 bytes, run addr=20200000, run size=000001a0 bytes, compression=zero_init
	.data: load addr=00005674, load size=00000007 bytes, run addr=202001a0, run size=00000004 bytes, compression=lzss


LINKER GENERATED HANDLER TABLE

__TI_handler_table @ 00005660 records: 3, size/record: 4, table size: 12
	index: 0, handler: __TI_decompress_lzss
	index: 1, handler: __TI_decompress_none
	index: 2, handler: __TI_zero_init


FAR CALL TRAMPOLINES

callee name               trampoline name
   callee addr  tramp addr   call addr  call info
--------------  -----------  ---------  ----------------
__aeabi_dsub              $Tramp$TT$L$PI$$__aeabi_dsub
   0000324d     000051c4     000051c2   libc.a : _printfi.c.obj (.text.OUTLINED_FUNCTION_0)

[1 trampolines]
[1 trampoline calls]


GLOBAL SYMBOLS: SORTED ALPHABETICALLY BY Name 

address   name                            
-------   ----                            
0000324b  ADC0_IRQHandler                 
0000324b  ADC1_IRQHandler                 
0000324b  AES_IRQHandler                  
000051f6  C$$EXIT                         
0000324b  CANFD0_IRQHandler               
0000324b  DAC0_IRQHandler                 
000051b1  DL_Common_delayCycles           
00004d95  DL_SPI_init                     
00005151  DL_SPI_setClockConfig           
00003ae1  DL_Timer_initFourCCPWMMode      
000050a9  DL_Timer_setCaptCompUpdateMethod
000050e1  DL_Timer_setCaptureCompareOutCtl
00005175  DL_Timer_setCaptureCompareValue 
000050c5  DL_Timer_setClockConfig         
0000324b  DMA_IRQHandler                  
0000324b  Default_Handler                 
0000324b  GROUP0_IRQHandler               
0000324b  GROUP1_IRQHandler               
000051f7  HOSTexit                        
0000324b  HardFault_Handler               
0000324b  I2C0_IRQHandler                 
0000324b  I2C1_IRQHandler                 
00001c41  LCD_Address_Set                 
00003ec5  LCD_Clear                       
000000c1  LCD_Init                        
000043d5  LCD_Write_Data16                
0000324b  NMI_Handler                     
0000324b  PendSV_Handler                  
0000324b  RTC_IRQHandler                  
000051fb  Reset_Handler                   
0000324b  SPI0_IRQHandler                 
0000324b  SPI1_IRQHandler                 
0000324b  SVC_Handler                     
00004a5d  SYSCFG_DL_GPIO_init             
000045c5  SYSCFG_DL_MOTOR_PWM_init        
00004655  SYSCFG_DL_PWM_0_init            
00004d05  SYSCFG_DL_SPI_LCD_init          
00004dd9  SYSCFG_DL_SYSCTL_init           
00004ed9  SYSCFG_DL_init                  
00004d4d  SYSCFG_DL_initPower             
0000324b  SysTick_Handler                 
0000324b  TIMA0_IRQHandler                
0000324b  TIMA1_IRQHandler                
0000324b  TIMG0_IRQHandler                
0000324b  TIMG12_IRQHandler               
0000324b  TIMG6_IRQHandler                
0000324b  TIMG7_IRQHandler                
0000324b  TIMG8_IRQHandler                
0000324b  UART0_IRQHandler                
0000324b  UART1_IRQHandler                
0000324b  UART2_IRQHandler                
0000324b  UART3_IRQHandler                
0000258d  UI_DrawButton                   
000022c9  UI_DrawChar                     
00004169  UI_DrawCheckbox                 
00002cbd  UI_DrawCircle                   
00003ce1  UI_DrawFastHLine                
00003be5  UI_DrawFastVLine                
00003dd5  UI_DrawLine                     
00001fe1  UI_DrawProgressBar              
00004c6d  UI_DrawRadio                    
00003681  UI_DrawRoundRect                
00004241  UI_DrawSlider                   
00004855  UI_DrawString                   
00002815  UI_DrawWindow                   
00004311  UI_FillCircle                   
000038c9  UI_FillRect                     
000033df  UI_FillRoundRect                
000046e5  UI_Printf                       
20208000  __STACK_END                     
00000200  __STACK_SIZE                    
00000000  __TI_ATRegion0_region_sz        
00000000  __TI_ATRegion0_src_addr         
00000000  __TI_ATRegion0_trg_addr         
00000000  __TI_ATRegion1_region_sz        
00000000  __TI_ATRegion1_src_addr         
00000000  __TI_ATRegion1_trg_addr         
00000000  __TI_ATRegion2_region_sz        
00000000  __TI_ATRegion2_src_addr         
00000000  __TI_ATRegion2_trg_addr         
0000567c  __TI_CINIT_Base                 
0000568c  __TI_CINIT_Limit                
0000568c  __TI_CINIT_Warm                 
00005660  __TI_Handler_Table_Base         
0000566c  __TI_Handler_Table_Limit        
00004f15  __TI_auto_init_nobinit_nopinit  
00004765  __TI_decompress_lzss            
00005163  __TI_decompress_none            
00004b15  __TI_ltoa                       
ffffffff  __TI_pprof_out_hndl             
00000e3d  __TI_printfi                    
ffffffff  __TI_prof_data_size             
ffffffff  __TI_prof_data_start            
00000000  __TI_static_base__              
00005111  __TI_zero_init_nomemset         
00003257  __adddf3                        
00005450  __aeabi_ctype_table_            
00005450  __aeabi_ctype_table_C           
00004cb9  __aeabi_d2iz                    
00003257  __aeabi_dadd                    
00004999  __aeabi_dcmpeq                  
000049d5  __aeabi_dcmpge                  
000049e9  __aeabi_dcmpgt                  
000049c1  __aeabi_dcmple                  
000049ad  __aeabi_dcmplt                  
000039d5  __aeabi_ddiv                    
00003fad  __aeabi_dmul                    
0000324d  __aeabi_dsub                    
202001a0  __aeabi_errno                   
000051e1  __aeabi_errno_addr              
00004fed  __aeabi_i2d                     
00004bc5  __aeabi_idiv                    
000037a7  __aeabi_idiv0                   
00004bc5  __aeabi_idivmod                 
0000423f  __aeabi_ldiv0                   
00005089  __aeabi_llsl                    
00005041  __aeabi_lmul                    
000051e9  __aeabi_memcpy                  
000051e9  __aeabi_memcpy4                 
000051e9  __aeabi_memcpy8                 
00005195  __aeabi_memset                  
00005195  __aeabi_memset4                 
00005195  __aeabi_memset8                 
00004e19  __aeabi_uidiv                   
00004e19  __aeabi_uidivmod                
00005129  __aeabi_uldivmod                
00005089  __ashldi3                       
ffffffff  __binit__                       
000048c9  __cmpdf2                        
000039d5  __divdf3                        
000048c9  __eqdf2                         
00004cb9  __fixdfsi                       
00004fed  __floatsidf                     
000047e1  __gedf2                         
000047e1  __gtdf2                         
000048c9  __ledf2                         
000048c9  __ltdf2                         
UNDEFED   __mpu_init                      
00003fad  __muldf3                        
00005041  __muldi3                        
00004f51  __muldsi3                       
000048c9  __nedf2                         
20207e00  __stack                         
20200000  __start___llvm_prf_bits         
20200000  __start___llvm_prf_cnts         
20200000  __stop___llvm_prf_bits          
20200000  __stop___llvm_prf_cnts          
0000324d  __subdf3                        
00004489  __udivmoddi4                    
00005019  _c_int00_noargs                 
UNDEFED   _system_post_cinit              
000051ff  _system_pre_init                
000051f1  abort                           
00004e59  atoi                            
ffffffff  binit                           
00004ab9  frexp                           
00004ab9  frexpl                          
20200000  gMOTOR_PWMBackup                
202000bc  gPWM_0Backup                    
20200178  gSPI_LCDBackup                  
00000000  interruptVectors                
00004091  ldexp                           
00004091  ldexpl                          
0000180d  main                            
00005065  memccpy                         
0000452b  memcpy                          
000049fb  memset                          
00004091  scalbn                          
00004091  scalbnl                         
00004e99  vsnprintf                       
00005185  wcslen                          


GLOBAL SYMBOLS: SORTED BY Symbol Address 

address   name                            
-------   ----                            
00000000  __TI_ATRegion0_region_sz        
00000000  __TI_ATRegion0_src_addr         
00000000  __TI_ATRegion0_trg_addr         
00000000  __TI_ATRegion1_region_sz        
00000000  __TI_ATRegion1_src_addr         
00000000  __TI_ATRegion1_trg_addr         
00000000  __TI_ATRegion2_region_sz        
00000000  __TI_ATRegion2_src_addr         
00000000  __TI_ATRegion2_trg_addr         
00000000  __TI_static_base__              
00000000  interruptVectors                
000000c1  LCD_Init                        
00000200  __STACK_SIZE                    
00000e3d  __TI_printfi                    
0000180d  main                            
00001c41  LCD_Address_Set                 
00001fe1  UI_DrawProgressBar              
000022c9  UI_DrawChar                     
0000258d  UI_DrawButton                   
00002815  UI_DrawWindow                   
00002cbd  UI_DrawCircle                   
0000324b  ADC0_IRQHandler                 
0000324b  ADC1_IRQHandler                 
0000324b  AES_IRQHandler                  
0000324b  CANFD0_IRQHandler               
0000324b  DAC0_IRQHandler                 
0000324b  DMA_IRQHandler                  
0000324b  Default_Handler                 
0000324b  GROUP0_IRQHandler               
0000324b  GROUP1_IRQHandler               
0000324b  HardFault_Handler               
0000324b  I2C0_IRQHandler                 
0000324b  I2C1_IRQHandler                 
0000324b  NMI_Handler                     
0000324b  PendSV_Handler                  
0000324b  RTC_IRQHandler                  
0000324b  SPI0_IRQHandler                 
0000324b  SPI1_IRQHandler                 
0000324b  SVC_Handler                     
0000324b  SysTick_Handler                 
0000324b  TIMA0_IRQHandler                
0000324b  TIMA1_IRQHandler                
0000324b  TIMG0_IRQHandler                
0000324b  TIMG12_IRQHandler               
0000324b  TIMG6_IRQHandler                
0000324b  TIMG7_IRQHandler                
0000324b  TIMG8_IRQHandler                
0000324b  UART0_IRQHandler                
0000324b  UART1_IRQHandler                
0000324b  UART2_IRQHandler                
0000324b  UART3_IRQHandler                
0000324d  __aeabi_dsub                    
0000324d  __subdf3                        
00003257  __adddf3                        
00003257  __aeabi_dadd                    
000033df  UI_FillRoundRect                
00003681  UI_DrawRoundRect                
000037a7  __aeabi_idiv0                   
000038c9  UI_FillRect                     
000039d5  __aeabi_ddiv                    
000039d5  __divdf3                        
00003ae1  DL_Timer_initFourCCPWMMode      
00003be5  UI_DrawFastVLine                
00003ce1  UI_DrawFastHLine                
00003dd5  UI_DrawLine                     
00003ec5  LCD_Clear                       
00003fad  __aeabi_dmul                    
00003fad  __muldf3                        
00004091  ldexp                           
00004091  ldexpl                          
00004091  scalbn                          
00004091  scalbnl                         
00004169  UI_DrawCheckbox                 
0000423f  __aeabi_ldiv0                   
00004241  UI_DrawSlider                   
00004311  UI_FillCircle                   
000043d5  LCD_Write_Data16                
00004489  __udivmoddi4                    
0000452b  memcpy                          
000045c5  SYSCFG_DL_MOTOR_PWM_init        
00004655  SYSCFG_DL_PWM_0_init            
000046e5  UI_Printf                       
00004765  __TI_decompress_lzss            
000047e1  __gedf2                         
000047e1  __gtdf2                         
00004855  UI_DrawString                   
000048c9  __cmpdf2                        
000048c9  __eqdf2                         
000048c9  __ledf2                         
000048c9  __ltdf2                         
000048c9  __nedf2                         
00004999  __aeabi_dcmpeq                  
000049ad  __aeabi_dcmplt                  
000049c1  __aeabi_dcmple                  
000049d5  __aeabi_dcmpge                  
000049e9  __aeabi_dcmpgt                  
000049fb  memset                          
00004a5d  SYSCFG_DL_GPIO_init             
00004ab9  frexp                           
00004ab9  frexpl                          
00004b15  __TI_ltoa                       
00004bc5  __aeabi_idiv                    
00004bc5  __aeabi_idivmod                 
00004c6d  UI_DrawRadio                    
00004cb9  __aeabi_d2iz                    
00004cb9  __fixdfsi                       
00004d05  SYSCFG_DL_SPI_LCD_init          
00004d4d  SYSCFG_DL_initPower             
00004d95  DL_SPI_init                     
00004dd9  SYSCFG_DL_SYSCTL_init           
00004e19  __aeabi_uidiv                   
00004e19  __aeabi_uidivmod                
00004e59  atoi                            
00004e99  vsnprintf                       
00004ed9  SYSCFG_DL_init                  
00004f15  __TI_auto_init_nobinit_nopinit  
00004f51  __muldsi3                       
00004fed  __aeabi_i2d                     
00004fed  __floatsidf                     
00005019  _c_int00_noargs                 
00005041  __aeabi_lmul                    
00005041  __muldi3                        
00005065  memccpy                         
00005089  __aeabi_llsl                    
00005089  __ashldi3                       
000050a9  DL_Timer_setCaptCompUpdateMethod
000050c5  DL_Timer_setClockConfig         
000050e1  DL_Timer_setCaptureCompareOutCtl
00005111  __TI_zero_init_nomemset         
00005129  __aeabi_uldivmod                
00005151  DL_SPI_setClockConfig           
00005163  __TI_decompress_none            
00005175  DL_Timer_setCaptureCompareValue 
00005185  wcslen                          
00005195  __aeabi_memset                  
00005195  __aeabi_memset4                 
00005195  __aeabi_memset8                 
000051b1  DL_Common_delayCycles           
000051e1  __aeabi_errno_addr              
000051e9  __aeabi_memcpy                  
000051e9  __aeabi_memcpy4                 
000051e9  __aeabi_memcpy8                 
000051f1  abort                           
000051f6  C$$EXIT                         
000051f7  HOSTexit                        
000051fb  Reset_Handler                   
000051ff  _system_pre_init                
00005450  __aeabi_ctype_table_            
00005450  __aeabi_ctype_table_C           
00005660  __TI_Handler_Table_Base         
0000566c  __TI_Handler_Table_Limit        
0000567c  __TI_CINIT_Base                 
0000568c  __TI_CINIT_Limit                
0000568c  __TI_CINIT_Warm                 
20200000  __start___llvm_prf_bits         
20200000  __start___llvm_prf_cnts         
20200000  __stop___llvm_prf_bits          
20200000  __stop___llvm_prf_cnts          
20200000  gMOTOR_PWMBackup                
202000bc  gPWM_0Backup                    
20200178  gSPI_LCDBackup                  
202001a0  __aeabi_errno                   
20207e00  __stack                         
20208000  __STACK_END                     
ffffffff  __TI_pprof_out_hndl             
ffffffff  __TI_prof_data_size             
ffffffff  __TI_prof_data_start            
ffffffff  __binit__                       
ffffffff  binit                           
UNDEFED   __mpu_init                      
UNDEFED   _system_post_cinit              

[171 symbols]
